BL51 BANKED LINKER/LOCATER V6.22.2.0                                                    06/30/2024  16:54:17  PAGE 1


BL51 BANKED LINKER/LOCATER V6.22.2.0, INVOKED BY:
D:\KEIL_V5\C51\BIN\BL51.EXE .\Obj\main.obj, .\Obj\Public.obj, .\Obj\IO_Mode.obj, .\Obj\UART1.obj, .\Obj\SysInit.obj, .\O
>> bj\CRC16.obj, .\Obj\ModbusRTU.obj, .\Obj\Timer0.obj, .\Obj\UART2.obj, .\Obj\WiFi.obj, .\Obj\Key1.obj, .\Obj\TM1620.ob
>> j, .\Obj\PWM.obj, .\Obj\ADC.obj, .\Obj\EEPROM.obj, .\Obj\IIC.obj, .\Obj\24C02.obj, .\Obj\NTC.obj TO .\Obj\ADC PRINT (
>> .\Obj\ADC.m51) RAMSIZE (256) CODE (0X0000-0XEFF8)


MEMORY MODEL: LARGE WITH FLOATING POINT ARITHMETIC


INPUT MODULES INCLUDED:
  .\Obj\main.obj (MAIN)
  .\Obj\Public.obj (PUBLIC)
  .\Obj\IO_Mode.obj (IO_MODE)
  .\Obj\UART1.obj (UART1)
  .\Obj\SysInit.obj (SYSINIT)
  .\Obj\CRC16.obj (CRC16)
  .\Obj\ModbusRTU.obj (MODBUSRTU)
  .\Obj\Timer0.obj (TIMER0)
  .\Obj\UART2.obj (UART2)
  .\Obj\WiFi.obj (WIFI)
  .\Obj\Key1.obj (KEY1)
  .\Obj\TM1620.obj (TM1620)
  .\Obj\PWM.obj (PWM)
  .\Obj\ADC.obj (ADC)
  .\Obj\EEPROM.obj (EEPROM)
  .\Obj\IIC.obj (IIC)
  .\Obj\24C02.obj (24C02)
  .\Obj\NTC.obj (NTC)
  D:\KEIL_V5\C51\LIB\C51FPL.LIB (?C?FPADD)
  D:\KEIL_V5\C51\LIB\C51FPL.LIB (?C?FPMUL)
  D:\KEIL_V5\C51\LIB\C51FPL.LIB (?C?FPDIV)
  D:\KEIL_V5\C51\LIB\C51FPL.LIB (?C?FPCMP)
  D:\KEIL_V5\C51\LIB\C51FPL.LIB (?C?FCAST)
  D:\KEIL_V5\C51\LIB\C51FPL.LIB (?C?CASTF)
  D:\KEIL_V5\C51\LIB\C51FPL.LIB (PRINTF)
  D:\KEIL_V5\C51\LIB\C51FPL.LIB (LOG)
  D:\KEIL_V5\C51\LIB\C51FPL.LIB (?C?FPGETOPN)
  D:\KEIL_V5\C51\LIB\C51FPL.LIB (?C?FPROUND)
  D:\KEIL_V5\C51\LIB\C51FPL.LIB (?C?FPCONVERT)
  D:\KEIL_V5\C51\LIB\C51FPL.LIB (?C?FPSERIES)
  D:\KEIL_V5\C51\LIB\C51FPL.LIB (?C?FTNPWR)
  D:\KEIL_V5\C51\LIB\C51L.LIB (?C_STARTUP)
  D:\KEIL_V5\C51\LIB\C51L.LIB (?C?CLDPTR)
  D:\KEIL_V5\C51\LIB\C51L.LIB (?C?CLDOPTR)
  D:\KEIL_V5\C51\LIB\C51L.LIB (?C?CSTPTR)
  D:\KEIL_V5\C51\LIB\C51L.LIB (?C?CSTOPTR)
  D:\KEIL_V5\C51\LIB\C51L.LIB (?C?IILDX)
  D:\KEIL_V5\C51\LIB\C51L.LIB (?C?ILDIX)
  D:\KEIL_V5\C51\LIB\C51L.LIB (?C?LNEG)
  D:\KEIL_V5\C51\LIB\C51L.LIB (?C?LLDCODE)
  D:\KEIL_V5\C51\LIB\C51L.LIB (?C?LLDXDATA0)
  D:\KEIL_V5\C51\LIB\C51L.LIB (?C?LLDCODE0)
  D:\KEIL_V5\C51\LIB\C51L.LIB (?C?LSTXDATA)
  D:\KEIL_V5\C51\LIB\C51L.LIB (?C?LSTKXDATA)
  D:\KEIL_V5\C51\LIB\C51L.LIB (?C?PLDIXDATA)
  D:\KEIL_V5\C51\LIB\C51L.LIB (?C?PSTXDATA)
  D:\KEIL_V5\C51\LIB\C51L.LIB (?C?PLDOPTR)
BL51 BANKED LINKER/LOCATER V6.22.2.0                                                  06/30/2024  16:54:17  PAGE 2


  D:\KEIL_V5\C51\LIB\C51L.LIB (?C?CCASE)
  D:\KEIL_V5\C51\LIB\C51L.LIB (?C?ICALL)
  D:\KEIL_V5\C51\LIB\C51L.LIB (STRSTR)
  D:\KEIL_V5\C51\LIB\C51L.LIB (?C?MEMSET)
  D:\KEIL_V5\C51\LIB\C51L.LIB (?C_INIT)
  D:\KEIL_V5\C51\LIB\C51L.LIB (?C?PLDIDATA)
  D:\KEIL_V5\C51\LIB\C51L.LIB (?C?PLDXDATA)
  D:\KEIL_V5\C51\LIB\C51L.LIB (?C?PLDPDATA)
  D:\KEIL_V5\C51\LIB\C51L.LIB (?C?PLDCODE)


LINK MAP OF MODULE:  .\Obj\ADC (MAIN)


            TYPE    BASE      LENGTH    RELOCATION   SEGMENT NAME
            -----------------------------------------------------

            * * * * * * *   D A T A   M E M O R Y   * * * * * * *
            REG     0000H     0008H     ABSOLUTE     "REG BANK 0"
            REG     0008H     0008H     ABSOLUTE     "REG BANK 1"
            DATA    0010H     0005H     UNIT         _DATA_GROUP_
            DATA    0015H     0002H     UNIT         ?DT?PUBLIC
            IDATA   0017H     0007H     UNIT         ?ID?TIMER0
            IDATA   001EH     0002H     UNIT         ?ID?_SENDSTRING?UART1
            BIT     0020H.0   0001H.1   UNIT         _BIT_GROUP_
            BIT     0021H.1   0000H.2   UNIT         ?BI?UART1_ISR?UART1
            BIT     0021H.3   0000H.2   UNIT         ?BI?UART2
            BIT     0021H.5   0000H.1   UNIT         ?BI?_SENDBYTE?UART1
            BIT     0021H.6   0000H.1   UNIT         ?BI?PROTOCOL?UART1
            BIT     0021H.7   0000H.1   UNIT         ?BI?PROTOCOL?UART2
            IDATA   0022H     0004H     UNIT         ?ID?MODBUSRTU
            IDATA   0026H     0001H     UNIT         ?ID?MAIN
            IDATA   0027H     0001H     UNIT         ?ID?UART2_ISR?UART2
            IDATA   0028H     0001H     UNIT         ?STACK

            * * * * * * *  X D A T A   M E M O R Y  * * * * * * *
            XDATA   0000H     0085H     UNIT         ?XD?UART1
            XDATA   0085H     0085H     UNIT         ?XD?UART2
            XDATA   010AH     0030H     UNIT         _XDATA_GROUP_
            XDATA   013AH     0023H     UNIT         ?XD?PUBLIC
            XDATA   015DH     001CH     UNIT         ?XD?WIFI
            XDATA   0179H     0016H     UNIT         ?XD?IIC
            XDATA   018FH     000FH     UNIT         ?XD?_SENDAT?WIFI
            XDATA   019EH     000DH     UNIT         ?XD?_MODBUS_READ_REGISTER?MODBUSRTU
            XDATA   01ABH     000DH     UNIT         ?XD?PWM
            XDATA   01B8H     000CH     UNIT         ?XD?IO_MODE
            XDATA   01C4H     000CH     UNIT         ?XD?SYSINIT
            XDATA   01D0H     000CH     UNIT         ?XD?ADC_MEASUREFILTER?ADC
            XDATA   01DCH     000BH     UNIT         ?XD?_MODBUS_WRITE_REGISTER?MODBUSRTU
            XDATA   01E7H     000BH     UNIT         ?XD?ADC
            XDATA   01F2H     000BH     UNIT         ?XD?EEPROM
            XDATA   01FDH     000AH     UNIT         ?XD?TM1620
            XDATA   0207H     000AH     UNIT         ?XD?FORMULA_CALCTEMP?NTC
            XDATA   0211H     000AH     UNIT         ?XD?NTC
            XDATA   021BH     0008H     UNIT         ?XD?_CRC_CHECK?CRC16
            XDATA   0223H     0007H     UNIT         ?XD?MAIN?MAIN
            XDATA   022AH     0007H     UNIT         ?XD?CRC16
BL51 BANKED LINKER/LOCATER V6.22.2.0                                                  06/30/2024  16:54:17  PAGE 3


            XDATA   0231H     0007H     UNIT         ?XD?KEY1
            XDATA   0238H     0007H     UNIT         ?XD?FORM_CHECKTEMP?NTC
            XDATA   023FH     0006H     UNIT         ?XD?_PROTOCOL_ANALYSIS?MODBUSRTU
            XDATA   0245H     0006H     UNIT         ?XD?24C02
            XDATA   024BH     0005H     UNIT         ?XD?_SENDSTR?24C02
            XDATA   0250H     0005H     UNIT         ?XD?_RECEIVESTR?24C02
            XDATA   0255H     0004H     UNIT         ?XD?_MEMORY_CLR?PUBLIC
            XDATA   0259H     0004H     UNIT         ?XD?_DELAYMS?PUBLIC
            XDATA   025DH     0004H     UNIT         ?XD?_SENDARRAY?UART1
            XDATA   0261H     0004H     UNIT         ?XD?_SENDSTRING?UART2
            XDATA   0265H     0004H     UNIT         ?XD?_SENDARRAY?UART2
            XDATA   0269H     0004H     UNIT         ?XD?_READDUTY?PWM
            XDATA   026DH     0003H     UNIT         ?XD?_SENDSTRING?UART1
            XDATA   0270H     0003H     UNIT         ?XD?_BACKUPDUTY?PWM
            XDATA   0273H     0003H     UNIT         ?XD?_READBYTE?EEPROM
            XDATA   0276H     0003H     UNIT         ?XD?_WRITEBYTE?EEPROM
            XDATA   0279H     0002H     UNIT         ?XD?_SENDBYTE?UART2
            XDATA   027BH     0002H     UNIT         ?XD?TCP_CONNECT_SERVER?WIFI
            XDATA   027DH     0002H     UNIT         ?XD?KEY_DETECT?KEY1
            XDATA   027FH     0002H     UNIT         ?XD?_TM1620_WRITE_BYTE?TM1620
            XDATA   0281H     0002H     UNIT         ?XD?_DISP_NUMBER?TM1620
            XDATA   0283H     0002H     UNIT         ?XD?_DELAY_BRIGHT_ADJ?TM1620
            XDATA   0285H     0002H     UNIT         ?XD?ADC_MEASURE?ADC
            XDATA   0287H     0002H     UNIT         ?XD?_ERASESECTOR?EEPROM
            XDATA   0289H     0002H     UNIT         ?XD?_SENDBYTE?IIC
            XDATA   028BH     0002H     UNIT         ?XD?RCVBYTE?IIC
            XDATA   028DH     0001H     UNIT         ?XD?_SENDBYTE?UART1
            XDATA   028EH     0001H     UNIT         ?XD?_PUTCHAR?UART1
            XDATA   028FH     0001H     UNIT         ?XD?UART1_ISR?UART1
            XDATA   0290H     0001H     UNIT         ?XD?RUN_INDICATION?SYSINIT
            XDATA   0291H     0001H     UNIT         ?XD?COMPUTER_TO_ESP12S?WIFI
            XDATA   0292H     0001H     UNIT         ?XD?INIT?TM1620

            * * * * * * *   C O D E   M E M O R Y   * * * * * * *
            CODE    0000H     0003H     ABSOLUTE     
            CODE    0003H     0003H     ABSOLUTE     
            CODE    0006H     0005H     UNIT         ?PR?I2C_INIT?IIC
            CODE    000BH     0003H     ABSOLUTE     
            CODE    000EH     0015H     UNIT         ?PR?PUSH_PULL?IO_MODE
            CODE    0023H     0003H     ABSOLUTE     
            CODE    0026H     0019H     UNIT         ?PR?SEND_MODE?UART1
            CODE    003FH     0004H     UNIT         ?PR?SOFTRESET?PUBLIC
            CODE    0043H     0003H     ABSOLUTE     
            CODE    0046H     07C1H     UNIT         ?C?LIB_CODE
            CODE    0807H     0483H     UNIT         ?PR?PRINTF?PRINTF
            CODE    0C8AH     043AH     UNIT         ?PR?_MODBUS_READ_REGISTER?MODBUSRTU
            CODE    10C4H     02FFH     UNIT         ?PR?FORM_CHECKTEMP?NTC
            CODE    13C3H     02EEH     UNIT         ?PR?TCP_CONNECT_SERVER?WIFI
            CODE    16B1H     028CH     UNIT         ?PR?SMARTCONFIG?WIFI
            CODE    193DH     021DH     UNIT         ?C_INITSEG
            CODE    1B5AH     0218H     UNIT         ?CO?NTC
            CODE    1D72H     01F6H     UNIT         ?PR?_MODBUS_WRITE_REGISTER?MODBUSRTU
            CODE    1F68H     01F6H     UNIT         ?PR?COMPUTER_TO_ESP12S?WIFI
            CODE    215EH     01C5H     UNIT         ?PR?_PROTOCOL_ANALYSIS?MODBUSRTU
            CODE    2323H     01A8H     UNIT         ?PR?_SENDAT?WIFI
            CODE    24CBH     016AH     UNIT         ?PR?ADC_MEASUREFILTER?ADC
            CODE    2635H     0153H     UNIT         ?CO?WIFI
BL51 BANKED LINKER/LOCATER V6.22.2.0                                                  06/30/2024  16:54:17  PAGE 4


            CODE    2788H     0137H     UNIT         ?PR?INIT?WIFI
            CODE    28BFH     0129H     UNIT         ?PR?LOG?LOG
            CODE    29E8H     0123H     UNIT         ?PR?FORMULA_CALCTEMP?NTC
            CODE    2B0BH     011EH     UNIT         ?PR?_RECEIVESTR?24C02
            CODE    2C29H     0106H     UNIT         ?PR?HEART?WIFI
            CODE    2D2FH     00FDH     UNIT         ?PR?UART2_ISR?UART2
            CODE    2E2CH     00F4H     UNIT         ?PR?ESP12S_TO_COMPUTER?WIFI
            CODE    2F20H     00E2H     UNIT         ?PR?_CRC_CHECK?CRC16
            CODE    3002H     00DAH     UNIT         ?PR?_SENDSTR?24C02
            CODE    30DCH     00D9H     UNIT         ?PR?UART1_ISR?UART1
            CODE    31B5H     00D9H     UNIT         ?PR?_DELAY_BRIGHT_ADJ?TM1620
            CODE    328EH     00D8H     UNIT         ?PR?MAIN?MAIN
            CODE    3366H     00CCH     UNIT         ?PR?PROTOCOL?UART1
            CODE    3432H     00CCH     UNIT         ?PR?PROTOCOL?UART2
            CODE    34FEH     00C0H     UNIT         ?PR?UART1_INIT?UART1
            CODE    35BEH     00BFH     UNIT         ?PR?_STRSTR?STRSTR
            CODE    367DH     00B4H     UNIT         ?PR?_SENDSTRING?UART1
            CODE    3731H     00B0H     UNIT         ?PR?SYSTEM_INIT?SYSINIT
            CODE    37E1H     0092H     UNIT         ?PR?TIMER0_ISR?TIMER0
            CODE    3873H     0091H     UNIT         ?PR?_SENDARRAY?UART1
            CODE    3904H     008CH     UNIT         ?C_C51STARTUP
            CODE    3990H     0087H     UNIT         ?PR?UART2_INIT?UART2
            CODE    3A17H     0086H     UNIT         ?PR?KEY_DETECT?KEY1
            CODE    3A9DH     0085H     UNIT         ?PR?_BACKUPDUTY?PWM
            CODE    3B22H     0084H     UNIT         ?PR?_READDUTY?PWM
            CODE    3BA6H     007EH     UNIT         ?CO?MODBUSRTU
            CODE    3C24H     007EH     UNIT         ?PR?_SENDBYTE?UART2
            CODE    3CA2H     0072H     UNIT         ?PR?INIT?TM1620
            CODE    3D14H     006AH     UNIT         ?PR?_SENDSTRING?UART2
            CODE    3D7EH     0066H     UNIT         ?PR?_SENDBYTE?IIC
            CODE    3DE4H     005EH     UNIT         ?PR?_TM1620_WRITE_BYTE?TM1620
            CODE    3E42H     005CH     UNIT         ?PR?SET_BRIGHTNESS?PWM
            CODE    3E9EH     0058H     UNIT         ?PR?PWM_LED_ADJUST_BRIGHTNESS?PWM
            CODE    3EF6H     0053H     UNIT         ?PR?ADC_MEASURE?ADC
            CODE    3F49H     004DH     UNIT         ?PR?_SENDBYTE?UART1
            CODE    3F96H     004DH     UNIT         ?PR?_SENDARRAY?UART2
            CODE    3FE3H     004BH     UNIT         ?PR?RCVBYTE?IIC
            CODE    402EH     0044H     UNIT         ?PR?GPIO_INIT?SYSINIT
            CODE    4072H     0044H     UNIT         ?PR?_DISP_NUMBER?TM1620
            CODE    40B6H     0041H     UNIT         ?PR?_DELAYMS?PUBLIC
            CODE    40F7H     0041H     UNIT         ?PR?_READBYTE?EEPROM
            CODE    4138H     003EH     UNIT         ?PR?_MEMORY_CLR?PUBLIC
            CODE    4176H     003DH     UNIT         ?PR?_WRITEBYTE?EEPROM
            CODE    41B3H     0036H     UNIT         ?PR?RUN_INDICATION?SYSINIT
            CODE    41E9H     0031H     UNIT         ?PR?_ERASESECTOR?EEPROM
            CODE    421AH     002DH     UNIT         ?PR?PWM_INIT?PWM
            CODE    4247H     0025H     UNIT         ?PR?ERROR_HANDLER?PUBLIC
            CODE    426CH     0022H     UNIT         ?PR?_PUTCHAR?UART1
            CODE    428EH     0022H     UNIT         ?PR?ADC_INIT?ADC
            CODE    42B0H     0019H     UNIT         ?PR?RECEIVE_MODE?UART1
            CODE    42C9H     0018H     UNIT         ?PR?DELAY1MS?PUBLIC
            CODE    42E1H     0017H     UNIT         ?PR?QUASI_BIDIRECTIONAL?IO_MODE
            CODE    42F8H     0015H     UNIT         ?PR?OPEN_DRAIN?IO_MODE
            CODE    430DH     0015H     UNIT         ?PR?FLOATING_INPUT?IO_MODE
            CODE    4322H     0014H     UNIT         ?CO?UART1
            CODE    4336H     0014H     UNIT         ?CO?UART2
            CODE    434AH     0013H     UNIT         ?PR?INT0_ISR?KEY1
BL51 BANKED LINKER/LOCATER V6.22.2.0                                                  06/30/2024  16:54:17  PAGE 5


            CODE    435DH     0011H     UNIT         ?PR?TIMER0_INIT?TIMER0
            CODE    436EH     0010H     UNIT         ?PR?IAPIDLE?EEPROM
            CODE    437EH     0010H     UNIT         ?PR?ACK_I2C?IIC
            CODE    438EH     0010H     UNIT         ?PR?NOACK_I2C?IIC
            CODE    439EH     000FH     UNIT         ?PR?START_I2C?IIC
            CODE    43ADH     000EH     UNIT         ?PR?IE_INIT?SYSINIT
            CODE    43BBH     000DH     UNIT         ?PR?STOP_I2C?IIC
            CODE    43C8H     000CH     UNIT         ?CO?PUBLIC
            CODE    43D4H     000AH     UNIT         ?CO?MAIN
            CODE    43DEH     000AH     UNIT         ?CO?TM1620
            CODE    43E8H     0006H     UNIT         ?PR?DELAY?IIC
            CODE    43EEH     0003H     UNIT         ?PR?LED_FLIP?PUBLIC
            CODE    43F1H     0001H     UNIT         ?PR?SEND_MODE?UART2
            CODE    43F2H     0001H     UNIT         ?PR?RECEIVE_MODE?UART2
            CODE    43F3H     0001H     UNIT         ?PR?SEND_DATA?WIFI
            CODE    43F4H     0001H     UNIT         ?PR?RECEIVE_DATA?WIFI



OVERLAY MAP OF MODULE:   .\Obj\ADC (MAIN)


SEGMENT                                         BIT_GROUP          DATA_GROUP          XDATA_GROUP
  +--> CALLED SEGMENT                        START    LENGTH     START    LENGTH     START    LENGTH
----------------------------------------------------------------------------------------------------
?C_C51STARTUP                                -----    -----      -----    -----      -----    -----
  +--> ?PR?MAIN?MAIN
  +--> ?C_INITSEG

?PR?MAIN?MAIN                                -----    -----      -----    -----      -----    -----
  +--> ?CO?MAIN

?C_INITSEG                                   -----    -----      -----    -----      -----    -----
  +--> ?PR?_DELAYMS?PUBLIC
  +--> ?PR?ERROR_HANDLER?PUBLIC
  +--> ?PR?SOFTRESET?PUBLIC
  +--> ?PR?LED_FLIP?PUBLIC
  +--> ?PR?_MEMORY_CLR?PUBLIC
  +--> ?PR?PUSH_PULL?IO_MODE
  +--> ?PR?OPEN_DRAIN?IO_MODE
  +--> ?PR?FLOATING_INPUT?IO_MODE
  +--> ?PR?QUASI_BIDIRECTIONAL?IO_MODE
  +--> ?PR?UART1_INIT?UART1
  +--> ?PR?_SENDBYTE?UART1
  +--> ?PR?_SENDARRAY?UART1
  +--> ?PR?_SENDSTRING?UART1
  +--> ?PR?PROTOCOL?UART1
  +--> ?PR?SEND_MODE?UART1
  +--> ?PR?RECEIVE_MODE?UART1
  +--> ?PR?GPIO_INIT?SYSINIT
  +--> ?PR?IE_INIT?SYSINIT
  +--> ?PR?RUN_INDICATION?SYSINIT
  +--> ?PR?SYSTEM_INIT?SYSINIT
  +--> ?PR?_CRC_CHECK?CRC16
  +--> ?PR?_PROTOCOL_ANALYSIS?MODBUSRTU
  +--> ?PR?TIMER0_INIT?TIMER0
  +--> ?PR?UART2_INIT?UART2
BL51 BANKED LINKER/LOCATER V6.22.2.0                                                  06/30/2024  16:54:17  PAGE 6


  +--> ?PR?_SENDBYTE?UART2
  +--> ?PR?_SENDARRAY?UART2
  +--> ?PR?_SENDSTRING?UART2
  +--> ?PR?PROTOCOL?UART2
  +--> ?PR?SEND_MODE?UART2
  +--> ?PR?RECEIVE_MODE?UART2
  +--> ?PR?INIT?WIFI
  +--> ?PR?SMARTCONFIG?WIFI
  +--> ?PR?TCP_CONNECT_SERVER?WIFI
  +--> ?PR?SEND_DATA?WIFI
  +--> ?PR?RECEIVE_DATA?WIFI
  +--> ?PR?HEART?WIFI
  +--> ?PR?COMPUTER_TO_ESP12S?WIFI
  +--> ?PR?ESP12S_TO_COMPUTER?WIFI
  +--> ?PR?KEY_DETECT?KEY1
  +--> ?PR?INIT?TM1620
  +--> ?PR?_DISP_NUMBER?TM1620
  +--> ?PR?_DELAY_BRIGHT_ADJ?TM1620
  +--> ?PR?PWM_INIT?PWM
  +--> ?PR?PWM_LED_ADJUST_BRIGHTNESS?PWM
  +--> ?PR?_BACKUPDUTY?PWM
  +--> ?PR?_READDUTY?PWM
  +--> ?PR?ADC_INIT?ADC
  +--> ?PR?ADC_MEASURE?ADC
  +--> ?PR?ADC_MEASUREFILTER?ADC
  +--> ?PR?_READBYTE?EEPROM
  +--> ?PR?_WRITEBYTE?EEPROM
  +--> ?PR?_ERASESECTOR?EEPROM
  +--> ?PR?I2C_INIT?IIC
  +--> ?PR?START_I2C?IIC
  +--> ?PR?STOP_I2C?IIC
  +--> ?PR?_SENDBYTE?IIC
  +--> ?PR?RCVBYTE?IIC
  +--> ?PR?ACK_I2C?IIC
  +--> ?PR?NOACK_I2C?IIC
  +--> ?PR?_SENDSTR?24C02
  +--> ?PR?_RECEIVESTR?24C02
  +--> ?PR?FORMULA_CALCTEMP?NTC
  +--> ?PR?FORM_CHECKTEMP?NTC

?PR?_DELAYMS?PUBLIC                          -----    -----      -----    -----      -----    -----
  +--> ?PR?DELAY1MS?PUBLIC

?PR?ERROR_HANDLER?PUBLIC                     -----    -----      -----    -----      -----    -----
  +--> ?CO?PUBLIC

?PR?PROTOCOL?UART1                           -----    -----      -----    -----      -----    -----
  +--> ?CO?UART1
  +--> ?PR?PRINTF?PRINTF

?PR?PRINTF?PRINTF                            0020H.0  0001H.1    0010H    0005H      010AH    0030H
  +--> ?PR?_PUTCHAR?UART1

?PR?_PROTOCOL_ANALYSIS?MODBUSRTU             -----    -----      -----    -----      -----    -----
  +--> ?PR?_MODBUS_READ_REGISTER?MODBUSRTU
  +--> ?PR?_MODBUS_WRITE_REGISTER?MODBUSRTU
  +--> ?CO?MODBUSRTU
BL51 BANKED LINKER/LOCATER V6.22.2.0                                                  06/30/2024  16:54:17  PAGE 7


  +--> ?PR?PRINTF?PRINTF

?PR?_MODBUS_READ_REGISTER?MODBUSRTU          -----    -----      -----    -----      -----    -----
  +--> ?CO?MODBUSRTU
  +--> ?PR?PRINTF?PRINTF

?PR?_MODBUS_WRITE_REGISTER?MODBUSRTU         -----    -----      -----    -----      -----    -----
  +--> ?CO?MODBUSRTU
  +--> ?PR?PRINTF?PRINTF

?PR?PROTOCOL?UART2                           -----    -----      -----    -----      -----    -----
  +--> ?CO?UART2
  +--> ?PR?PRINTF?PRINTF

?PR?INIT?WIFI                                -----    -----      -----    -----      -----    -----
  +--> ?CO?WIFI
  +--> ?PR?_STRSTR?STRSTR

?PR?_STRSTR?STRSTR                           -----    -----      -----    -----      010AH    000CH

?PR?SMARTCONFIG?WIFI                         -----    -----      -----    -----      -----    -----
  +--> ?CO?WIFI
  +--> ?PR?_SENDAT?WIFI
  +--> ?PR?_STRSTR?STRSTR

?PR?_SENDAT?WIFI                             -----    -----      -----    -----      -----    -----
  +--> ?CO?WIFI
  +--> ?PR?_STRSTR?STRSTR

?PR?TCP_CONNECT_SERVER?WIFI                  -----    -----      -----    -----      -----    -----
  +--> ?CO?WIFI
  +--> ?PR?PRINTF?PRINTF
  +--> ?PR?_SENDAT?WIFI

?PR?HEART?WIFI                               -----    -----      -----    -----      -----    -----
  +--> ?CO?WIFI
  +--> ?PR?_STRSTR?STRSTR

?PR?COMPUTER_TO_ESP12S?WIFI                  -----    -----      -----    -----      -----    -----
  +--> ?CO?WIFI
  +--> ?PR?_STRSTR?STRSTR
  +--> ?PR?PRINTF?PRINTF

?PR?ESP12S_TO_COMPUTER?WIFI                  -----    -----      -----    -----      -----    -----
  +--> ?CO?WIFI
  +--> ?PR?_STRSTR?STRSTR

?PR?INIT?TM1620                              -----    -----      -----    -----      -----    -----
  +--> ?PR?_TM1620_WRITE_BYTE?TM1620

?PR?_DISP_NUMBER?TM1620                      -----    -----      -----    -----      -----    -----
  +--> ?PR?_TM1620_WRITE_BYTE?TM1620
  +--> ?CO?TM1620

?PR?PWM_INIT?PWM                             -----    -----      -----    -----      -----    -----
  +--> ?PR?_READDUTY?PWM
  +--> ?PR?SET_BRIGHTNESS?PWM
BL51 BANKED LINKER/LOCATER V6.22.2.0                                                  06/30/2024  16:54:17  PAGE 8



?PR?PWM_LED_ADJUST_BRIGHTNESS?PWM            -----    -----      -----    -----      -----    -----
  +--> ?PR?SET_BRIGHTNESS?PWM

?PR?_READBYTE?EEPROM                         -----    -----      -----    -----      -----    -----
  +--> ?PR?IAPIDLE?EEPROM

?PR?_WRITEBYTE?EEPROM                        -----    -----      -----    -----      -----    -----
  +--> ?PR?IAPIDLE?EEPROM

?PR?_ERASESECTOR?EEPROM                      -----    -----      -----    -----      -----    -----
  +--> ?PR?IAPIDLE?EEPROM

?PR?START_I2C?IIC                            -----    -----      -----    -----      -----    -----
  +--> ?PR?DELAY?IIC

?PR?STOP_I2C?IIC                             -----    -----      -----    -----      -----    -----
  +--> ?PR?DELAY?IIC

?PR?_SENDBYTE?IIC                            -----    -----      -----    -----      -----    -----
  +--> ?PR?DELAY?IIC

?PR?RCVBYTE?IIC                              -----    -----      -----    -----      -----    -----
  +--> ?PR?DELAY?IIC

?PR?ACK_I2C?IIC                              -----    -----      -----    -----      -----    -----
  +--> ?PR?DELAY?IIC

?PR?NOACK_I2C?IIC                            -----    -----      -----    -----      -----    -----
  +--> ?PR?DELAY?IIC

?PR?FORMULA_CALCTEMP?NTC                     -----    -----      -----    -----      -----    -----
  +--> ?PR?LOG?LOG
  +--> ?CO?NTC
  +--> ?PR?PRINTF?PRINTF

?PR?LOG?LOG                                  0020H.0  0000H.1    -----    -----      010AH    0004H

?PR?FORM_CHECKTEMP?NTC                       -----    -----      -----    -----      -----    -----
  +--> ?CO?NTC
  +--> ?PR?PRINTF?PRINTF



SYMBOL TABLE OF MODULE:  .\Obj\ADC (MAIN)

  VALUE           TYPE          NAME
  ----------------------------------

  -------         MODULE        MAIN
  C:0000H         SYMBOL        _ICE_DUMMY_
  I:0026H         PUBLIC        flag11
  D:0080H         PUBLIC        P0
  D:0090H         PUBLIC        P1
  D:00A0H         PUBLIC        P2
  D:00B0H         PUBLIC        P3
  D:00C0H         PUBLIC        P4
BL51 BANKED LINKER/LOCATER V6.22.2.0                                                  06/30/2024  16:54:17  PAGE 9


  D:00C8H         PUBLIC        P5
  D:00E8H         PUBLIC        P6
  D:00F8H         PUBLIC        P7
  D:00A8H         PUBLIC        IE
  D:00B8H         PUBLIC        IP
  D:00D8H         PUBLIC        CCON
  C:328EH         PUBLIC        main
  D:0098H         PUBLIC        SCON
  B:0090H.3       PUBLIC        P13
  D:0088H         PUBLIC        TCON
  D:00D0H         PUBLIC        PSW
  -------         PROC          MAIN
  -------         DO            
  X:0223H         SYMBOL        main_i
  X:0224H         SYMBOL        ADC_Result
  X:0226H         SYMBOL        volate
  -------         ENDDO         
  C:328EH         LINE#         16
  C:328EH         LINE#         17
  C:328EH         LINE#         18
  C:3293H         LINE#         19
  C:329BH         LINE#         20
  C:32A5H         LINE#         22
  C:32B3H         LINE#         23
  C:32D7H         LINE#         25
  C:32D9H         LINE#         26
  C:32D9H         LINE#         27
  C:32D9H         LINE#         28
  C:32E7H         LINE#         29
  C:32F5H         LINE#         30
  C:3320H         LINE#         31
  C:334CH         LINE#         32
  C:3362H         LINE#         33
  -------         ENDPROC       MAIN
  -------         ENDMOD        MAIN

  -------         MODULE        PUBLIC
  C:0000H         SYMBOL        _ICE_DUMMY_
  C:4138H         PUBLIC        _Memory_Clr
  D:0080H         PUBLIC        P0
  D:0090H         PUBLIC        P1
  D:00A0H         PUBLIC        P2
  D:00B0H         PUBLIC        P3
  C:43EEH         SYMBOL        Led_Flip
  D:00C0H         PUBLIC        P4
  C:42C9H         SYMBOL        Delay1ms
  D:00C8H         PUBLIC        P5
  D:00E8H         PUBLIC        P6
  D:00F8H         PUBLIC        P7
  D:00A8H         PUBLIC        IE
  D:00B8H         PUBLIC        IP
  D:00D8H         PUBLIC        CCON
  C:4247H         SYMBOL        Error_Handler
  D:0098H         PUBLIC        SCON
  D:0088H         PUBLIC        TCON
  B:00B0H.4       PUBLIC        P34
  X:013AH         PUBLIC        Modbus_Regist
BL51 BANKED LINKER/LOCATER V6.22.2.0                                                  06/30/2024  16:54:17  PAGE 10


  D:00C7H         PUBLIC        IAP_CONTR
  C:003FH         SYMBOL        softReset
  C:40B6H         SYMBOL        _Delayms
  X:014EH         PUBLIC        Public
  D:00D0H         PUBLIC        PSW
  -------         PROC          ERROR_HANDLER
  C:4247H         LINE#         27
  C:4247H         LINE#         28
  C:4247H         LINE#         29
  C:426BH         LINE#         30
  -------         ENDPROC       ERROR_HANDLER
  -------         PROC          SOFTRESET
  C:003FH         LINE#         33
  C:003FH         LINE#         34
  C:003FH         LINE#         35
  C:0042H         LINE#         36
  -------         ENDPROC       SOFTRESET
  -------         PROC          LED_FLIP
  C:43EEH         LINE#         39
  C:43EEH         LINE#         40
  C:43EEH         LINE#         41
  C:43F0H         LINE#         42
  -------         ENDPROC       LED_FLIP
  -------         PROC          _MEMORY_CLR
  X:0255H         SYMBOL        pucString
  X:0258H         SYMBOL        LEN
  C:4138H         LINE#         45
  C:4148H         LINE#         46
  C:4148H         LINE#         47
  C:415FH         LINE#         48
  C:4175H         LINE#         49
  -------         ENDPROC       _MEMORY_CLR
  -------         PROC          _DELAYMS
  X:0259H         SYMBOL        ms
  -------         DO            
  X:025BH         SYMBOL        k
  -------         ENDDO         
  C:40B6H         LINE#         53
  C:40BEH         LINE#         54
  C:40BEH         LINE#         56
  C:40E3H         LINE#         57
  C:40E3H         LINE#         58
  C:40E6H         LINE#         59
  C:40F6H         LINE#         60
  -------         ENDPROC       _DELAYMS
  -------         PROC          DELAY1MS
  -------         DO            
  D:0015H         SYMBOL        i
  D:0016H         SYMBOL        j
  -------         ENDDO         
  C:42C9H         LINE#         63
  C:42C9H         LINE#         64
  C:42C9H         LINE#         67
  C:42CAH         LINE#         68
  C:42CBH         LINE#         69
  C:42CCH         LINE#         70
  C:42CFH         LINE#         71
BL51 BANKED LINKER/LOCATER V6.22.2.0                                                  06/30/2024  16:54:17  PAGE 11


  C:42D2H         LINE#         73
  C:42D2H         LINE#         74
  C:42D9H         LINE#         75
  C:42E0H         LINE#         76
  -------         ENDPROC       DELAY1MS
  -------         ENDMOD        PUBLIC

  -------         MODULE        IO_MODE
  C:0000H         SYMBOL        _ICE_DUMMY_
  X:01B8H         PUBLIC        IO_Mode
  D:0080H         PUBLIC        P0
  D:00B2H         PUBLIC        P3M0
  D:0090H         PUBLIC        P1
  D:00B1H         PUBLIC        P3M1
  D:00A0H         PUBLIC        P2
  D:00B0H         PUBLIC        P3
  D:00C0H         PUBLIC        P4
  D:00C8H         PUBLIC        P5
  D:00E8H         PUBLIC        P6
  D:00F8H         PUBLIC        P7
  D:00A8H         PUBLIC        IE
  D:00B8H         PUBLIC        IP
  C:000EH         SYMBOL        Push_Pull
  D:00D8H         PUBLIC        CCON
  C:430DH         SYMBOL        Floating_Input
  D:0098H         PUBLIC        SCON
  D:0088H         PUBLIC        TCON
  B:00B0H.2       PUBLIC        P32
  B:00B0H.3       PUBLIC        P33
  B:00B0H.4       PUBLIC        P34
  C:42E1H         SYMBOL        Quasi_bidirectional
  C:42F8H         SYMBOL        Open_Drain
  D:00D0H         PUBLIC        PSW
  -------         PROC          PUSH_PULL
  C:000EH         LINE#         18
  C:000EH         LINE#         19
  C:000EH         LINE#         21
  C:0011H         LINE#         22
  C:0014H         LINE#         23
  C:0014H         LINE#         24
  C:0014H         LINE#         25
  C:0017H         LINE#         26
  C:0017H         LINE#         27
  C:0019H         LINE#         28
  C:001BH         LINE#         29
  C:001EH         LINE#         30
  C:001EH         LINE#         31
  C:0020H         LINE#         32
  C:0020H         LINE#         33
  -------         ENDPROC       PUSH_PULL
  -------         PROC          OPEN_DRAIN
  C:42F8H         LINE#         37
  C:42F8H         LINE#         38
  C:42F8H         LINE#         40
  C:42FBH         LINE#         41
  C:42FEH         LINE#         42
  C:42FEH         LINE#         43
BL51 BANKED LINKER/LOCATER V6.22.2.0                                                  06/30/2024  16:54:17  PAGE 12


  C:42FEH         LINE#         44
  C:4301H         LINE#         45
  C:4301H         LINE#         46
  C:4303H         LINE#         47
  C:4305H         LINE#         48
  C:4308H         LINE#         49
  C:4308H         LINE#         50
  C:430AH         LINE#         51
  C:430AH         LINE#         52
  -------         ENDPROC       OPEN_DRAIN
  -------         PROC          FLOATING_INPUT
  C:430DH         LINE#         56
  C:430DH         LINE#         57
  C:430DH         LINE#         59
  C:4310H         LINE#         60
  C:4313H         LINE#         61
  C:4313H         LINE#         62
  C:4313H         LINE#         63
  C:4316H         LINE#         64
  C:4316H         LINE#         65
  C:4318H         LINE#         66
  C:431AH         LINE#         67
  C:431DH         LINE#         68
  C:431DH         LINE#         69
  C:431FH         LINE#         70
  C:431FH         LINE#         71
  -------         ENDPROC       FLOATING_INPUT
  -------         PROC          QUASI_BIDIRECTIONAL
  C:42E1H         LINE#         76
  C:42E1H         LINE#         77
  C:42E1H         LINE#         79
  C:42E4H         LINE#         80
  C:42E7H         LINE#         81
  C:42E9H         LINE#         82
  C:42E9H         LINE#         83
  C:42E9H         LINE#         84
  C:42ECH         LINE#         85
  C:42ECH         LINE#         86
  C:42EEH         LINE#         87
  C:42F0H         LINE#         88
  C:42F3H         LINE#         89
  C:42F3H         LINE#         90
  C:42F5H         LINE#         91
  C:42F5H         LINE#         92
  -------         ENDPROC       QUASI_BIDIRECTIONAL
  -------         ENDMOD        IO_MODE

  -------         MODULE        UART1
  C:0000H         SYMBOL        _ICE_DUMMY_
  D:0080H         PUBLIC        P0
  D:0090H         PUBLIC        P1
  D:00A0H         PUBLIC        P2
  D:00B0H         PUBLIC        P3
  D:00C0H         PUBLIC        P4
  D:00C8H         PUBLIC        P5
  D:00E8H         PUBLIC        P6
  D:00F8H         PUBLIC        P7
BL51 BANKED LINKER/LOCATER V6.22.2.0                                                  06/30/2024  16:54:17  PAGE 13


  C:367DH         SYMBOL        _SendString
  X:0000H         SYMBOL        SendBuf_Data
  D:00A8H         PUBLIC        IE
  C:3873H         SYMBOL        _SendArray
  D:00B8H         PUBLIC        IP
  B:0098H.0       PUBLIC        RI
  B:0098H.1       PUBLIC        TI
  C:30DCH         PUBLIC        uart1_isr
  C:3F49H         SYMBOL        _SendByte
  X:0032H         SYMBOL        Receive_Data
  D:00D8H         PUBLIC        CCON
  C:42B0H         SYMBOL        Receive_Mode
  D:0099H         PUBLIC        SBUF
  D:0087H         PUBLIC        PCON
  B:00A0H.0       PUBLIC        P20
  D:0098H         PUBLIC        SCON
  D:0089H         PUBLIC        TMOD
  D:0088H         PUBLIC        TCON
  D:008EH         PUBLIC        AUXR
  D:00E0H         PUBLIC        ACC
  B:00A8H.3       PUBLIC        ET1
  B:0098H.2       PUBLIC        RB8
  D:008DH         PUBLIC        TH1
  B:0098H.3       PUBLIC        TB8
  B:00D0H.0       PUBLIC        P
  D:008BH         PUBLIC        TL1
  C:3366H         SYMBOL        Protocol
  B:0088H.6       PUBLIC        TR1
  C:34FEH         SYMBOL        UART1_Init
  B:0098H.4       PUBLIC        REN
  X:0064H         PUBLIC        UART1
  D:00A2H         PUBLIC        AUXR1
  C:0026H         SYMBOL        Send_Mode
  D:00D0H         PUBLIC        PSW
  C:426CH         PUBLIC        _putchar
  -------         PROC          UART1_INIT
  C:34FEH         LINE#         45
  C:34FEH         LINE#         46
  C:34FEH         LINE#         48
  C:350EH         LINE#         49
  C:350EH         LINE#         50
  C:350EH         LINE#         51
  C:3511H         LINE#         52
  C:3513H         LINE#         53
  C:3513H         LINE#         54
  C:3516H         LINE#         55
  C:3516H         LINE#         56
  C:3516H         LINE#         58
  C:352CH         LINE#         59
  C:352CH         LINE#         60
  C:352CH         LINE#         61
  C:352CH         LINE#         62
  C:352FH         LINE#         63
  C:3531H         LINE#         64
  C:3531H         LINE#         66
  C:3534H         LINE#         67
  C:3537H         LINE#         68
BL51 BANKED LINKER/LOCATER V6.22.2.0                                                  06/30/2024  16:54:17  PAGE 14


  C:3537H         LINE#         69
  C:3537H         LINE#         71
  C:353AH         LINE#         72
  C:353DH         LINE#         73
  C:3540H         LINE#         74
  C:3543H         LINE#         77
  C:355CH         LINE#         78
  C:355CH         LINE#         79
  C:3564H         LINE#         80
  C:356CH         LINE#         81
  C:3574H         LINE#         82
  C:357CH         LINE#         83
  C:3582H         LINE#         84
  C:3582H         LINE#         86
  C:3584H         LINE#         87
  C:3586H         LINE#         88
  C:3588H         LINE#         91
  C:35B3H         LINE#         92
  C:35B8H         LINE#         93
  C:35BDH         LINE#         94
  -------         ENDPROC       UART1_INIT
  -------         PROC          _SENDBYTE
  X:028DH         SYMBOL        dat
  -------         DO            
  B:0021H.5       SYMBOL        temp_P
  -------         ENDDO         
  C:3F49H         LINE#         102
  C:3F4EH         LINE#         103
  C:3F4EH         LINE#         105
  C:3F58H         LINE#         107
  C:3F60H         LINE#         108
  C:3F60H         LINE#         109
  C:3F66H         LINE#         110
  C:3F6AH         LINE#         111
  C:3F7DH         LINE#         112
  C:3F7DH         LINE#         113
  C:3F84H         LINE#         114
  C:3F88H         LINE#         115
  C:3F88H         LINE#         116
  C:3F88H         LINE#         118
  C:3F8EH         LINE#         119
  C:3F95H         LINE#         120
  -------         ENDPROC       _SENDBYTE
  -------         PROC          _SENDSTRING
  X:026DH         SYMBOL        str1
  -------         DO            
  I:001EH         SYMBOL        str_i
  -------         ENDDO         
  C:367DH         LINE#         123
  C:3688H         LINE#         124
  C:3688H         LINE#         125
  C:368FH         LINE#         128
  C:3698H         LINE#         129
  C:3698H         LINE#         130
  C:36A6H         LINE#         131
  C:36A6H         LINE#         133
  C:36C3H         LINE#         134
BL51 BANKED LINKER/LOCATER V6.22.2.0                                                  06/30/2024  16:54:17  PAGE 15


  C:36C3H         LINE#         135
  C:36EFH         LINE#         136
  C:36F7H         LINE#         137
  C:36F9H         LINE#         138
  C:3703H         LINE#         140
  C:370CH         LINE#         141
  C:370CH         LINE#         142
  C:3722H         LINE#         143
  C:3730H         LINE#         144
  C:3730H         LINE#         145
  -------         ENDPROC       _SENDSTRING
  -------         PROC          _SENDARRAY
  X:025DH         SYMBOL        array
  X:0260H         SYMBOL        LEN
  C:3873H         LINE#         148
  C:3883H         LINE#         149
  C:3883H         LINE#         151
  C:388CH         LINE#         152
  C:388CH         LINE#         153
  C:389AH         LINE#         154
  C:389AH         LINE#         156
  C:38A4H         LINE#         157
  C:38A4H         LINE#         158
  C:38CAH         LINE#         159
  C:38CCH         LINE#         160
  C:38D6H         LINE#         162
  C:38DFH         LINE#         163
  C:38DFH         LINE#         164
  C:38F5H         LINE#         165
  C:3903H         LINE#         166
  C:3903H         LINE#         167
  -------         ENDPROC       _SENDARRAY
  -------         PROC          _PUTCHAR
  X:028EH         SYMBOL        C
  C:426CH         LINE#         170
  C:4271H         LINE#         171
  C:4271H         LINE#         172
  C:4288H         LINE#         173
  C:428DH         LINE#         174
  -------         ENDPROC       _PUTCHAR
  -------         PROC          SEND_MODE
  C:0026H         LINE#         177
  C:0026H         LINE#         178
  C:0026H         LINE#         179
  C:0028H         LINE#         180
  C:003EH         LINE#         181
  -------         ENDPROC       SEND_MODE
  -------         PROC          RECEIVE_MODE
  C:42B0H         LINE#         184
  C:42B0H         LINE#         185
  C:42B0H         LINE#         186
  C:42C6H         LINE#         187
  C:42C8H         LINE#         188
  -------         ENDPROC       RECEIVE_MODE
  -------         PROC          PROTOCOL
  -------         DO            
  B:0021H.6       SYMBOL        Receive_8_Byte
BL51 BANKED LINKER/LOCATER V6.22.2.0                                                  06/30/2024  16:54:17  PAGE 16


  -------         ENDDO         
  C:3366H         LINE#         191
  C:3366H         LINE#         192
  C:3366H         LINE#         193
  C:3368H         LINE#         194
  C:3375H         LINE#         195
  C:3375H         LINE#         197
  C:3388H         LINE#         198
  C:3388H         LINE#         199
  C:338FH         LINE#         201
  C:339AH         LINE#         202
  C:339AH         LINE#         203
  C:33AAH         LINE#         204
  C:33AAH         LINE#         205
  C:33ACH         LINE#         206
  C:33ACH         LINE#         207
  C:33ACH         LINE#         208
  C:33ACH         LINE#         209
  C:33AFH         LINE#         210
  C:33AFH         LINE#         211
  C:33D2H         LINE#         212
  C:33D4H         LINE#         214
  C:33D4H         LINE#         216
  C:33E2H         LINE#         217
  C:33EBH         LINE#         218
  C:33F9H         LINE#         220
  C:33F9H         LINE#         221
  C:33F9H         LINE#         223
  C:3427H         LINE#         224
  C:342CH         LINE#         225
  C:3431H         LINE#         226
  C:3431H         LINE#         227
  -------         ENDPROC       PROTOCOL
  -------         PROC          UART1_ISR
  -------         DO            
  X:028FH         SYMBOL        temp_SBUF
  B:0021H.1       SYMBOL        temp_RB8
  B:0021H.2       SYMBOL        temp_p
  -------         ENDDO         
  C:30DCH         LINE#         235
  C:30E7H         LINE#         241
  C:30EAH         LINE#         242
  C:30EAH         LINE#         243
  C:30ECH         LINE#         244
  C:30F1H         LINE#         245
  C:30F1H         LINE#         247
  C:30F7H         LINE#         248
  C:30F7H         LINE#         249
  C:30F9H         LINE#         250
  C:30FFH         LINE#         251
  C:3103H         LINE#         252
  C:3109H         LINE#         253
  C:310DH         LINE#         254
  C:311BH         LINE#         255
  C:311BH         LINE#         256
  C:3131H         LINE#         257
  C:3131H         LINE#         258
BL51 BANKED LINKER/LOCATER V6.22.2.0                                                  06/30/2024  16:54:17  PAGE 17


  C:3131H         LINE#         260
  C:313AH         LINE#         261
  C:313AH         LINE#         262
  C:315AH         LINE#         263
  C:315AH         LINE#         264
  C:315CH         LINE#         265
  C:315CH         LINE#         266
  C:3164H         LINE#         267
  C:3164H         LINE#         268
  C:3184H         LINE#         269
  C:3184H         LINE#         270
  C:3186H         LINE#         271
  C:3186H         LINE#         272
  C:31A6H         LINE#         273
  C:31A6H         LINE#         274
  C:31A6H         LINE#         275
  C:31A6H         LINE#         276
  C:31ACH         LINE#         277
  C:31ACH         LINE#         278
  -------         ENDPROC       UART1_ISR
  -------         ENDMOD        UART1

  -------         MODULE        SYSINIT
  C:0000H         SYMBOL        _ICE_DUMMY_
  D:0092H         PUBLIC        P1M0
  D:0093H         PUBLIC        P0M1
  C:3731H         SYMBOL        System_Init
  D:0096H         PUBLIC        P2M0
  D:0091H         PUBLIC        P1M1
  D:0080H         PUBLIC        P0
  D:00B2H         PUBLIC        P3M0
  D:0095H         PUBLIC        P2M1
  D:0090H         PUBLIC        P1
  D:00B1H         PUBLIC        P3M1
  D:00A0H         PUBLIC        P2
  D:00CAH         PUBLIC        P5M0
  D:00B0H         PUBLIC        P3
  D:00C9H         PUBLIC        P5M1
  D:00C0H         PUBLIC        P4
  C:43ADH         SYMBOL        IE_Init
  D:00C8H         PUBLIC        P5
  B:00A8H.7       PUBLIC        EA
  D:00E8H         PUBLIC        P6
  D:00F8H         PUBLIC        P7
  D:00A8H         PUBLIC        IE
  B:00A8H.4       PUBLIC        ES
  D:00B8H         PUBLIC        IP
  C:41B3H         SYMBOL        Run_Indication
  D:00D8H         PUBLIC        CCON
  C:402EH         SYMBOL        GPIO_Init
  X:01C4H         PUBLIC        Hardware_Init
  D:0098H         PUBLIC        SCON
  D:0088H         PUBLIC        TCON
  B:00B0H.4       PUBLIC        P34
  B:00B0H.5       PUBLIC        P35
  B:00C8H.4       PUBLIC        P54
  B:00C8H.5       PUBLIC        P55
BL51 BANKED LINKER/LOCATER V6.22.2.0                                                  06/30/2024  16:54:17  PAGE 18


  D:00AFH         PUBLIC        IE2
  B:00A8H.1       PUBLIC        ET0
  B:0088H.0       PUBLIC        IT0
  B:00A8H.0       PUBLIC        EX0
  D:00D0H         PUBLIC        PSW
  D:0094H         PUBLIC        P0M0
  -------         PROC          GPIO_INIT
  C:402EH         LINE#         20
  C:402EH         LINE#         21
  C:402EH         LINE#         30
  C:4031H         LINE#         31
  C:4034H         LINE#         32
  C:4037H         LINE#         36
  C:403AH         LINE#         37
  C:403DH         LINE#         38
  C:4040H         LINE#         43
  C:4043H         LINE#         44
  C:4046H         LINE#         46
  C:4049H         LINE#         52
  C:404CH         LINE#         53
  C:404FH         LINE#         54
  C:4051H         LINE#         57
  C:4054H         LINE#         58
  C:4057H         LINE#         59
  C:4059H         LINE#         60
  C:405BH         LINE#         62
  C:4071H         LINE#         63
  -------         ENDPROC       GPIO_INIT
  -------         PROC          IE_INIT
  C:43ADH         LINE#         66
  C:43ADH         LINE#         67
  C:43ADH         LINE#         68
  C:43AFH         LINE#         69
  C:43B1H         LINE#         70
  C:43B3H         LINE#         72
  C:43B5H         LINE#         73
  C:43B8H         LINE#         75
  C:43BAH         LINE#         76
  -------         ENDPROC       IE_INIT
  -------         PROC          RUN_INDICATION
  -------         DO            
  X:0290H         SYMBOL        i
  -------         ENDDO         
  C:41B3H         LINE#         79
  C:41B3H         LINE#         80
  C:41B3H         LINE#         81
  C:41B8H         LINE#         82
  C:41C8H         LINE#         83
  C:41C8H         LINE#         84
  C:41CAH         LINE#         85
  C:41E0H         LINE#         86
  C:41E8H         LINE#         87
  -------         ENDPROC       RUN_INDICATION
  -------         PROC          SYSTEM_INIT
  C:3731H         LINE#         90
  C:3731H         LINE#         91
  C:3731H         LINE#         92
BL51 BANKED LINKER/LOCATER V6.22.2.0                                                  06/30/2024  16:54:17  PAGE 19


  C:3747H         LINE#         93
  C:3755H         LINE#         94
  C:3763H         LINE#         95
  C:3771H         LINE#         96
  C:377EH         LINE#         97
  C:378CH         LINE#         98
  C:379AH         LINE#         99
  C:37A8H         LINE#         100
  C:37B6H         LINE#         101
  C:37C4H         LINE#         102
  C:37D2H         LINE#         103
  C:37E0H         LINE#         104
  -------         ENDPROC       SYSTEM_INIT
  -------         ENDMOD        SYSINIT

  -------         MODULE        CRC16
  C:0000H         SYMBOL        _ICE_DUMMY_
  D:0080H         PUBLIC        P0
  D:0090H         PUBLIC        P1
  D:00A0H         PUBLIC        P2
  D:00B0H         PUBLIC        P3
  D:00C0H         PUBLIC        P4
  D:00C8H         PUBLIC        P5
  D:00E8H         PUBLIC        P6
  D:00F8H         PUBLIC        P7
  D:00A8H         PUBLIC        IE
  D:00B8H         PUBLIC        IP
  C:2F20H         SYMBOL        _CRC_Check
  X:022AH         PUBLIC        CRC_16
  D:00D8H         PUBLIC        CCON
  D:0098H         PUBLIC        SCON
  D:0088H         PUBLIC        TCON
  D:00D0H         PUBLIC        PSW
  -------         PROC          _CRC_CHECK
  X:021BH         SYMBOL        CRC_Ptr
  X:021EH         SYMBOL        LEN
  -------         DO            
  X:021FH         SYMBOL        CRC
  X:0221H         SYMBOL        CRC_i
  X:0222H         SYMBOL        CRC_j
  -------         ENDDO         
  C:2F20H         LINE#         15
  C:2F30H         LINE#         16
  C:2F30H         LINE#         17
  C:2F38H         LINE#         18
  C:2F3DH         LINE#         19
  C:2F42H         LINE#         21
  C:2F4CH         LINE#         22
  C:2F63H         LINE#         23
  C:2F63H         LINE#         24
  C:2F94H         LINE#         25
  C:2FA4H         LINE#         26
  C:2FA4H         LINE#         27
  C:2FB0H         LINE#         28
  C:2FD1H         LINE#         30
  C:2FE8H         LINE#         31
  C:2FF0H         LINE#         32
BL51 BANKED LINKER/LOCATER V6.22.2.0                                                  06/30/2024  16:54:17  PAGE 20


  C:2FF9H         LINE#         34
  C:3001H         LINE#         35
  -------         ENDPROC       _CRC_CHECK
  -------         ENDMOD        CRC16

  -------         MODULE        MODBUSRTU
  C:0000H         SYMBOL        _ICE_DUMMY_
  D:0080H         PUBLIC        P0
  D:0090H         PUBLIC        P1
  C:215EH         SYMBOL        _Protocol_Analysis
  D:00A0H         PUBLIC        P2
  D:00B0H         PUBLIC        P3
  D:00C0H         PUBLIC        P4
  D:00C8H         PUBLIC        P5
  D:00E8H         PUBLIC        P6
  D:00F8H         PUBLIC        P7
  C:1D72H         SYMBOL        _Modbus_Write_Register
  D:00A8H         PUBLIC        IE
  D:00B8H         PUBLIC        IP
  D:00D8H         PUBLIC        CCON
  D:0098H         PUBLIC        SCON
  D:0088H         PUBLIC        TCON
  I:0022H         PUBLIC        Modbus
  C:0C8AH         SYMBOL        _Modbus_Read_Register
  D:00D0H         PUBLIC        PSW
  -------         PROC          _PROTOCOL_ANALYSIS
  X:023FH         SYMBOL        UART
  -------         DO            
  X:0242H         SYMBOL        COM
  -------         ENDDO         
  C:215EH         LINE#         19
  C:2169H         LINE#         20
  C:2169H         LINE#         21
  C:217FH         LINE#         24
  C:21A2H         LINE#         25
  C:21A2H         LINE#         27
  C:21DEH         LINE#         28
  C:21EFH         LINE#         29
  C:21FCH         LINE#         31
  C:229BH         LINE#         34
  C:229BH         LINE#         37
  C:22BDH         LINE#         38
  C:22BDH         LINE#         39
  C:22CBH         LINE#         40
  C:22CCH         LINE#         41
  C:22EEH         LINE#         42
  C:22EEH         LINE#         43
  C:22FCH         LINE#         44
  C:22FCH         LINE#         45
  C:22FDH         LINE#         47
  C:22FDH         LINE#         49
  C:230BH         LINE#         50
  C:2314H         LINE#         51
  C:2322H         LINE#         53
  C:2322H         LINE#         54
  C:2322H         LINE#         55
  -------         ENDPROC       _PROTOCOL_ANALYSIS
BL51 BANKED LINKER/LOCATER V6.22.2.0                                                  06/30/2024  16:54:17  PAGE 21


  -------         PROC          _MODBUS_READ_REGISTER
  X:019EH         SYMBOL        UART
  -------         DO            
  X:01A1H         SYMBOL        COM
  X:01A4H         SYMBOL        Start_Regist_Addr
  X:01A6H         SYMBOL        Read_Regist_Num
  X:01A8H         SYMBOL        Check_LEN
  X:01A9H         SYMBOL        Read_Reg_i
  X:01AAH         SYMBOL        Read_Reg_j
  -------         ENDDO         
  C:0C8AH         LINE#         64
  C:0C95H         LINE#         65
  C:0C95H         LINE#         66
  C:0CABH         LINE#         67
  C:0CB3H         LINE#         68
  C:0CBBH         LINE#         69
  C:0CC1H         LINE#         73
  C:0D21H         LINE#         75
  C:0D81H         LINE#         77
  C:0DCBH         LINE#         78
  C:0DCBH         LINE#         80
  C:0DE7H         LINE#         82
  C:0E06H         LINE#         84
  C:0E30H         LINE#         86
  C:0E4EH         LINE#         87
  C:0E4EH         LINE#         88
  C:0E7EH         LINE#         89
  C:0E7EH         LINE#         90
  C:0E8CH         LINE#         91
  C:0E8CH         LINE#         92
  C:0EF9H         LINE#         93
  C:0EFBH         LINE#         95
  C:0EFBH         LINE#         96
  C:0F64H         LINE#         97
  C:0F64H         LINE#         98
  C:0F6DH         LINE#         99
  C:0F74H         LINE#         100
  C:0F7DH         LINE#         103
  C:0FBCH         LINE#         104
  C:0FE8H         LINE#         105
  C:1018H         LINE#         108
  C:1058H         LINE#         109
  C:1059H         LINE#         110
  C:1078H         LINE#         111
  C:1078H         LINE#         113
  C:1086H         LINE#         114
  C:108FH         LINE#         115
  C:109DH         LINE#         117
  C:109EH         LINE#         119
  C:109EH         LINE#         121
  C:10ACH         LINE#         122
  C:10B5H         LINE#         123
  C:10C3H         LINE#         125
  C:10C3H         LINE#         126
  -------         ENDPROC       _MODBUS_READ_REGISTER
  -------         PROC          _MODBUS_WRITE_REGISTER
  X:01DCH         SYMBOL        UART
BL51 BANKED LINKER/LOCATER V6.22.2.0                                                  06/30/2024  16:54:17  PAGE 22


  -------         DO            
  X:01DFH         SYMBOL        COM
  X:01E2H         SYMBOL        Write_RegAddr
  X:01E4H         SYMBOL        Write_RegData
  X:01E6H         SYMBOL        Send_i
  -------         ENDDO         
  C:1D72H         LINE#         135
  C:1D7DH         LINE#         136
  C:1D7DH         LINE#         137
  C:1D93H         LINE#         138
  C:1D9BH         LINE#         139
  C:1DA3H         LINE#         142
  C:1DB3H         LINE#         143
  C:1DB3H         LINE#         144
  C:1DF7H         LINE#         145
  C:1DFFH         LINE#         146
  C:1E3CH         LINE#         148
  C:1E9CH         LINE#         149
  C:1EFCH         LINE#         152
  C:1F1BH         LINE#         153
  C:1F1BH         LINE#         154
  C:1F41H         LINE#         155
  C:1F42H         LINE#         157
  C:1F42H         LINE#         159
  C:1F50H         LINE#         160
  C:1F59H         LINE#         161
  C:1F67H         LINE#         163
  C:1F67H         LINE#         164
  -------         ENDPROC       _MODBUS_WRITE_REGISTER
  -------         ENDMOD        MODBUSRTU

  -------         MODULE        TIMER0
  C:0000H         SYMBOL        _ICE_DUMMY_
  D:0080H         PUBLIC        P0
  D:0090H         PUBLIC        P1
  D:00A0H         PUBLIC        P2
  D:00B0H         PUBLIC        P3
  D:00C0H         PUBLIC        P4
  D:00C8H         PUBLIC        P5
  D:00E8H         PUBLIC        P6
  D:00F8H         PUBLIC        P7
  D:00A8H         PUBLIC        IE
  D:00B8H         PUBLIC        IP
  D:00D8H         PUBLIC        CCON
  C:435DH         SYMBOL        Timer0_Init
  I:0017H         PUBLIC        Timer0
  D:0098H         PUBLIC        SCON
  D:0089H         PUBLIC        TMOD
  D:0088H         PUBLIC        TCON
  D:008EH         PUBLIC        AUXR
  B:0088H.5       PUBLIC        TF0
  D:008CH         PUBLIC        TH0
  D:008AH         PUBLIC        TL0
  B:0088H.4       PUBLIC        TR0
  C:37E1H         PUBLIC        Timer0_isr
  D:00D0H         PUBLIC        PSW
  -------         PROC          TIMER0_INIT
BL51 BANKED LINKER/LOCATER V6.22.2.0                                                  06/30/2024  16:54:17  PAGE 23


  C:435DH         LINE#         22
  C:435DH         LINE#         23
  C:435DH         LINE#         24
  C:4360H         LINE#         25
  C:4363H         LINE#         26
  C:4366H         LINE#         27
  C:4369H         LINE#         28
  C:436BH         LINE#         29
  C:436DH         LINE#         30
  -------         ENDPROC       TIMER0_INIT
  -------         PROC          TIMER0_ISR
  C:37E1H         LINE#         38
  C:37FEH         LINE#         40
  C:3806H         LINE#         41
  C:3806H         LINE#         42
  C:3811H         LINE#         43
  C:3811H         LINE#         44
  C:3815H         LINE#         45
  C:3823H         LINE#         46
  C:3823H         LINE#         47
  C:3825H         LINE#         49
  C:3825H         LINE#         50
  C:3830H         LINE#         51
  C:3830H         LINE#         52
  C:3834H         LINE#         53
  C:3842H         LINE#         54
  C:3842H         LINE#         55
  C:3842H         LINE#         56
  C:384AH         LINE#         57
  C:3858H         LINE#         58
  -------         ENDPROC       TIMER0_ISR
  -------         ENDMOD        TIMER0

  -------         MODULE        UART2
  C:0000H         SYMBOL        _ICE_DUMMY_
  D:0080H         PUBLIC        P0
  D:0090H         PUBLIC        P1
  D:00A0H         PUBLIC        P2
  D:00B0H         PUBLIC        P3
  D:00C0H         PUBLIC        P4
  D:00C8H         PUBLIC        P5
  D:00E8H         PUBLIC        P6
  D:00F8H         PUBLIC        P7
  C:3D14H         SYMBOL        _SendString
  D:00BAH         PUBLIC        P_SW2
  D:00A8H         PUBLIC        IE
  C:3F96H         SYMBOL        _SendArray
  D:00B8H         PUBLIC        IP
  C:2D2FH         PUBLIC        uart2_isr
  C:3C24H         SYMBOL        _SendByte
  D:00D8H         PUBLIC        CCON
  C:43F2H         SYMBOL        Receive_Mode
  D:0098H         PUBLIC        SCON
  D:0088H         PUBLIC        TCON
  D:00AFH         PUBLIC        IE2
  D:008EH         PUBLIC        AUXR
  D:00E0H         PUBLIC        ACC
BL51 BANKED LINKER/LOCATER V6.22.2.0                                                  06/30/2024  16:54:17  PAGE 24


  D:00D6H         PUBLIC        T2H
  B:00D0H.0       PUBLIC        P
  D:00D7H         PUBLIC        T2L
  C:3432H         SYMBOL        Protocol
  D:009BH         PUBLIC        S2BUF
  X:0085H         SYMBOL        UART2_pucSend_Buffer
  C:3990H         SYMBOL        UART2_Init
  D:009AH         PUBLIC        S2CON
  X:00B7H         PUBLIC        UART2
  C:43F1H         SYMBOL        Send_Mode
  X:00D8H         SYMBOL        UART2_pucRec_Buffer
  D:00D0H         PUBLIC        PSW
  -------         PROC          UART2_INIT
  C:3990H         LINE#         48
  C:3990H         LINE#         49
  C:3990H         LINE#         54
  C:3993H         LINE#         55
  C:3996H         LINE#         56
  C:3999H         LINE#         58
  C:39B2H         LINE#         59
  C:39B2H         LINE#         60
  C:39BAH         LINE#         61
  C:39C2H         LINE#         62
  C:39CAH         LINE#         63
  C:39D2H         LINE#         64
  C:39D8H         LINE#         65
  C:39D8H         LINE#         67
  C:39DBH         LINE#         68
  C:39DEH         LINE#         69
  C:39E1H         LINE#         72
  C:3A0CH         LINE#         73
  C:3A11H         LINE#         74
  C:3A16H         LINE#         75
  -------         ENDPROC       UART2_INIT
  -------         PROC          _SENDBYTE
  X:0279H         SYMBOL        dat
  -------         DO            
  X:027AH         SYMBOL        temp_P
  -------         ENDDO         
  C:3C24H         LINE#         83
  C:3C29H         LINE#         84
  C:3C29H         LINE#         85
  C:3C2EH         LINE#         86
  C:3C38H         LINE#         87
  C:3C40H         LINE#         88
  C:3C40H         LINE#         89
  C:3C46H         LINE#         90
  C:3C5FH         LINE#         91
  C:3C72H         LINE#         92
  C:3C72H         LINE#         93
  C:3C72H         LINE#         94
  C:3C7AH         LINE#         95
  C:3C7AH         LINE#         96
  C:3C7DH         LINE#         97
  C:3C7FH         LINE#         99
  C:3C7FH         LINE#         100
  C:3C82H         LINE#         101
BL51 BANKED LINKER/LOCATER V6.22.2.0                                                  06/30/2024  16:54:17  PAGE 25


  C:3C82H         LINE#         102
  C:3C84H         LINE#         103
  C:3C84H         LINE#         104
  C:3C8CH         LINE#         105
  C:3C8CH         LINE#         107
  C:3C8FH         LINE#         108
  C:3C91H         LINE#         110
  C:3C91H         LINE#         111
  C:3C94H         LINE#         112
  C:3C94H         LINE#         113
  C:3C94H         LINE#         114
  C:3C94H         LINE#         115
  C:3C94H         LINE#         117
  C:3C9AH         LINE#         118
  C:3CA1H         LINE#         119
  -------         ENDPROC       _SENDBYTE
  -------         PROC          _SENDSTRING
  X:0261H         SYMBOL        str
  -------         DO            
  X:0264H         SYMBOL        str_ii
  -------         ENDDO         
  C:3D14H         LINE#         122
  C:3D1FH         LINE#         123
  C:3D1FH         LINE#         124
  C:3D24H         LINE#         126
  C:3D40H         LINE#         127
  C:3D40H         LINE#         128
  C:3D6BH         LINE#         129
  C:3D71H         LINE#         130
  C:3D73H         LINE#         131
  C:3D7DH         LINE#         132
  -------         ENDPROC       _SENDSTRING
  -------         PROC          _SENDARRAY
  X:0265H         SYMBOL        array
  X:0268H         SYMBOL        LEN
  C:3F96H         LINE#         135
  C:3FA6H         LINE#         136
  C:3FA6H         LINE#         137
  C:3FB0H         LINE#         138
  C:3FB0H         LINE#         139
  C:3FD6H         LINE#         140
  C:3FD8H         LINE#         141
  C:3FE2H         LINE#         142
  -------         ENDPROC       _SENDARRAY
  -------         PROC          PROTOCOL
  -------         DO            
  B:0021H.7       SYMBOL        Receive_8_Byte
  -------         ENDDO         
  C:3432H         LINE#         147
  C:3432H         LINE#         148
  C:3432H         LINE#         149
  C:3434H         LINE#         150
  C:3441H         LINE#         151
  C:3441H         LINE#         153
  C:3454H         LINE#         154
  C:3454H         LINE#         155
  C:345BH         LINE#         157
BL51 BANKED LINKER/LOCATER V6.22.2.0                                                  06/30/2024  16:54:17  PAGE 26


  C:3466H         LINE#         158
  C:3466H         LINE#         159
  C:3476H         LINE#         160
  C:3476H         LINE#         161
  C:3478H         LINE#         162
  C:3478H         LINE#         163
  C:3478H         LINE#         164
  C:3478H         LINE#         165
  C:347BH         LINE#         166
  C:347BH         LINE#         167
  C:349EH         LINE#         168
  C:34A0H         LINE#         170
  C:34A0H         LINE#         172
  C:34AEH         LINE#         173
  C:34B7H         LINE#         174
  C:34C5H         LINE#         176
  C:34C5H         LINE#         177
  C:34C5H         LINE#         179
  C:34F3H         LINE#         180
  C:34F8H         LINE#         181
  C:34FDH         LINE#         182
  C:34FDH         LINE#         183
  -------         ENDPROC       PROTOCOL
  -------         PROC          SEND_MODE
  C:43F1H         LINE#         186
  C:43F1H         LINE#         187
  C:43F1H         LINE#         189
  -------         ENDPROC       SEND_MODE
  -------         PROC          RECEIVE_MODE
  C:43F2H         LINE#         192
  C:43F2H         LINE#         193
  C:43F2H         LINE#         195
  -------         ENDPROC       RECEIVE_MODE
  -------         PROC          UART2_ISR
  -------         DO            
  I:0027H         SYMBOL        temp_SBUF
  B:0021H.3       SYMBOL        temp_RB8
  B:0021H.4       SYMBOL        temp_p
  -------         ENDDO         
  C:2D2FH         LINE#         204
  C:2D46H         LINE#         212
  C:2D4BH         LINE#         213
  C:2D4BH         LINE#         214
  C:2D4EH         LINE#         215
  C:2D53H         LINE#         216
  C:2D53H         LINE#         219
  C:2D5BH         LINE#         220
  C:2D5BH         LINE#         221
  C:2D5EH         LINE#         222
  C:2D62H         LINE#         223
  C:2D72H         LINE#         226
  C:2D77H         LINE#         227
  C:2D7BH         LINE#         229
  C:2D89H         LINE#         230
  C:2D89H         LINE#         231
  C:2D9FH         LINE#         232
  C:2D9FH         LINE#         233
BL51 BANKED LINKER/LOCATER V6.22.2.0                                                  06/30/2024  16:54:17  PAGE 27


  C:2D9FH         LINE#         235
  C:2DA8H         LINE#         236
  C:2DA8H         LINE#         237
  C:2DC7H         LINE#         238
  C:2DC7H         LINE#         239
  C:2DC9H         LINE#         240
  C:2DC9H         LINE#         241
  C:2DD1H         LINE#         242
  C:2DD1H         LINE#         243
  C:2DF0H         LINE#         244
  C:2DF0H         LINE#         245
  C:2DF2H         LINE#         246
  C:2DF2H         LINE#         247
  C:2E11H         LINE#         248
  C:2E11H         LINE#         249
  C:2E11H         LINE#         250
  C:2E11H         LINE#         251
  C:2E17H         LINE#         252
  C:2E17H         LINE#         253
  -------         ENDPROC       UART2_ISR
  -------         ENDMOD        UART2

  -------         MODULE        WIFI
  C:0000H         SYMBOL        _ICE_DUMMY_
  D:0080H         PUBLIC        P0
  D:0090H         PUBLIC        P1
  D:00A0H         PUBLIC        P2
  D:00B0H         PUBLIC        P3
  D:00C0H         PUBLIC        P4
  D:00C8H         PUBLIC        P5
  D:00E8H         PUBLIC        P6
  D:00F8H         PUBLIC        P7
  C:43F3H         SYMBOL        Send_data
  D:00A8H         PUBLIC        IE
  C:2788H         SYMBOL        Init
  D:00B8H         PUBLIC        IP
  C:2E2CH         SYMBOL        ESP12S_to_Computer
  C:1F68H         SYMBOL        Computer_to_ESP12S
  X:015EH         PUBLIC        esp12s
  C:2323H         SYMBOL        _SendAT
  D:00D8H         PUBLIC        CCON
  B:0080H.2       PUBLIC        P02
  B:0080H.3       PUBLIC        P03
  D:0098H         PUBLIC        SCON
  D:0088H         PUBLIC        TCON
  X:0173H         PUBLIC        WiFi_Debug
  C:43F4H         SYMBOL        Receive_data
  C:16B1H         SYMBOL        SmartConfig
  C:13C3H         SYMBOL        TCP_Connect_Server
  C:2C29H         SYMBOL        Heart
  D:00D0H         PUBLIC        PSW
  -------         PROC          INIT
  C:2788H         LINE#         47
  C:2788H         LINE#         48
  C:2788H         LINE#         50
  C:278AH         LINE#         51
  C:27A0H         LINE#         52
BL51 BANKED LINKER/LOCATER V6.22.2.0                                                  06/30/2024  16:54:17  PAGE 28


  C:27A2H         LINE#         54
  C:27A4H         LINE#         56
  C:27ABH         LINE#         57
  C:27AFH         LINE#         59
  C:27AFH         LINE#         61
  C:27DDH         LINE#         62
  C:27E2H         LINE#         63
  C:27E7H         LINE#         66
  C:280BH         LINE#         67
  C:2821H         LINE#         70
  C:2831H         LINE#         71
  C:2831H         LINE#         72
  C:2855H         LINE#         73
  C:2857H         LINE#         74
  C:2857H         LINE#         75
  C:28A4H         LINE#         78
  C:28BAH         LINE#         79
  C:28BEH         LINE#         80
  -------         ENDPROC       INIT
  -------         PROC          _SENDAT
  X:018FH         SYMBOL        SendCommand
  X:0192H         SYMBOL        RespondString
  X:0195H         SYMBOL        OutTime
  -------         DO            
  X:0197H         SYMBOL        OK_Flag
  X:0198H         SYMBOL        temp_SendCommand
  X:019BH         SYMBOL        temp_RespondString
  -------         ENDDO         
  C:2323H         LINE#         91
  C:232EH         LINE#         92
  C:232EH         LINE#         93
  C:2334H         LINE#         94
  C:234AH         LINE#         95
  C:2360H         LINE#         97
  C:238EH         LINE#         98
  C:2393H         LINE#         99
  C:2398H         LINE#         101
  C:23C1H         LINE#         103
  C:23C8H         LINE#         105
  C:2461H         LINE#         106
  C:2461H         LINE#         107
  C:247AH         LINE#         108
  C:247AH         LINE#         110
  C:2488H         LINE#         111
  C:248DH         LINE#         112
  C:248DH         LINE#         113
  C:248DH         LINE#         114
  C:248DH         LINE#         117
  C:24BBH         LINE#         118
  C:24C0H         LINE#         119
  C:24C5H         LINE#         121
  C:24CAH         LINE#         122
  -------         ENDPROC       _SENDAT
  -------         PROC          SMARTCONFIG
  C:16B1H         LINE#         131
  C:16B1H         LINE#         132
  C:16B1H         LINE#         134
BL51 BANKED LINKER/LOCATER V6.22.2.0                                                  06/30/2024  16:54:17  PAGE 29


  C:16BEH         LINE#         135
  C:16BEH         LINE#         136
  C:16C2H         LINE#         138
  C:16CFH         LINE#         139
  C:16CFH         LINE#         140
  C:16F3H         LINE#         141
  C:1717H         LINE#         142
  C:173BH         LINE#         143
  C:175FH         LINE#         145
  C:1775H         LINE#         146
  C:1775H         LINE#         148
  C:17A4H         LINE#         149
  C:17D3H         LINE#         150
  C:1802H         LINE#         151
  C:1831H         LINE#         155
  C:1860H         LINE#         159
  C:1867H         LINE#         160
  C:187AH         LINE#         161
  C:187AH         LINE#         162
  C:18C4H         LINE#         163
  C:18C4H         LINE#         164
  C:18E8H         LINE#         166
  C:18FEH         LINE#         167
  C:1914H         LINE#         168
  C:192AH         LINE#         169
  C:192AH         LINE#         170
  C:192AH         LINE#         171
  C:192AH         LINE#         173
  C:192EH         LINE#         175
  C:193CH         LINE#         176
  C:193CH         LINE#         177
  -------         ENDPROC       SMARTCONFIG
  -------         PROC          TCP_CONNECT_SERVER
  -------         DO            
  X:027BH         SYMBOL        OK_Flag
  X:027CH         SYMBOL        State
  -------         ENDDO         
  C:13C3H         LINE#         186
  C:13C3H         LINE#         187
  C:13C3H         LINE#         188
  C:13C8H         LINE#         189
  C:13CDH         LINE#         191
  C:13F1H         LINE#         193
  C:1407H         LINE#         195
  C:140EH         LINE#         196
  C:1412H         LINE#         197
  C:141FH         LINE#         198
  C:141FH         LINE#         199
  C:142DH         LINE#         200
  C:144AH         LINE#         201
  C:1458H         LINE#         203
  C:147AH         LINE#         204
  C:147AH         LINE#         205
  C:147AH         LINE#         206
  C:14AEH         LINE#         207
  C:14B7H         LINE#         208
  C:14C0H         LINE#         210
BL51 BANKED LINKER/LOCATER V6.22.2.0                                                  06/30/2024  16:54:17  PAGE 30


  C:14C6H         LINE#         211
  C:14C9H         LINE#         212
  C:14C9H         LINE#         213
  C:14F8H         LINE#         214
  C:1501H         LINE#         215
  C:150AH         LINE#         217
  C:1510H         LINE#         218
  C:1513H         LINE#         219
  C:1513H         LINE#         220
  C:1542H         LINE#         221
  C:154BH         LINE#         222
  C:1554H         LINE#         224
  C:155AH         LINE#         225
  C:155DH         LINE#         226
  C:155DH         LINE#         227
  C:1592H         LINE#         228
  C:159BH         LINE#         229
  C:15A4H         LINE#         231
  C:15AAH         LINE#         232
  C:15ADH         LINE#         233
  C:15ADH         LINE#         235
  C:15E2H         LINE#         236
  C:15EBH         LINE#         237
  C:15EBH         LINE#         238
  C:15F1H         LINE#         239
  C:15F7H         LINE#         240
  C:15FAH         LINE#         242
  C:15FAH         LINE#         243
  C:15FFH         LINE#         244
  C:1605H         LINE#         245
  C:1605H         LINE#         246
  C:1608H         LINE#         247
  C:1608H         LINE#         248
  C:163CH         LINE#         249
  C:1645H         LINE#         250
  C:164EH         LINE#         252
  C:1654H         LINE#         253
  C:1657H         LINE#         254
  C:1657H         LINE#         255
  C:168BH         LINE#         256
  C:1698H         LINE#         257
  C:169EH         LINE#         258
  C:16A1H         LINE#         259
  C:16A1H         LINE#         260
  C:16A4H         LINE#         262
  C:16A8H         LINE#         264
  C:16B0H         LINE#         265
  -------         ENDPROC       TCP_CONNECT_SERVER
  -------         PROC          SEND_DATA
  C:43F3H         LINE#         268
  C:43F3H         LINE#         269
  C:43F3H         LINE#         271
  -------         ENDPROC       SEND_DATA
  -------         PROC          RECEIVE_DATA
  C:43F4H         LINE#         274
  C:43F4H         LINE#         275
  C:43F4H         LINE#         277
BL51 BANKED LINKER/LOCATER V6.22.2.0                                                  06/30/2024  16:54:17  PAGE 31


  -------         ENDPROC       RECEIVE_DATA
  -------         PROC          HEART
  -------         DO            
  X:015DH         SYMBOL        times
  -------         ENDDO         
  C:2C29H         LINE#         285
  C:2C29H         LINE#         286
  C:2C29H         LINE#         290
  C:2C49H         LINE#         291
  C:2C49H         LINE#         292
  C:2C6DH         LINE#         293
  C:2C6DH         LINE#         294
  C:2C6DH         LINE#         295
  C:2CC0H         LINE#         296
  C:2CC0H         LINE#         297
  C:2CC5H         LINE#         298
  C:2CC7H         LINE#         299
  C:2CC7H         LINE#         301
  C:2CD7H         LINE#         302
  C:2CD7H         LINE#         303
  C:2CDDH         LINE#         304
  C:2CDDH         LINE#         305
  C:2CDDH         LINE#         306
  C:2CDDH         LINE#         309
  C:2CE8H         LINE#         310
  C:2CE8H         LINE#         311
  C:2CEDH         LINE#         312
  C:2CF2H         LINE#         313
  C:2CF2H         LINE#         316
  C:2D1DH         LINE#         317
  C:2D22H         LINE#         318
  C:2D27H         LINE#         320
  C:2D2EH         LINE#         321
  C:2D2EH         LINE#         322
  -------         ENDPROC       HEART
  -------         PROC          COMPUTER_TO_ESP12S
  -------         DO            
  X:0291H         SYMBOL        TimeOutFlag
  -------         ENDDO         
  C:1F68H         LINE#         332
  C:1F68H         LINE#         333
  C:1F68H         LINE#         334
  C:1F6EH         LINE#         337
  C:1F7BH         LINE#         338
  C:1F7BH         LINE#         339
  C:1F82H         LINE#         340
  C:1FCCH         LINE#         341
  C:1FCCH         LINE#         342
  C:1FDCH         LINE#         343
  C:1FDCH         LINE#         344
  C:1FE1H         LINE#         345
  C:2005H         LINE#         346
  C:2005H         LINE#         347
  C:2005H         LINE#         348
  C:2005H         LINE#         351
  C:2043H         LINE#         352
  C:2043H         LINE#         354
BL51 BANKED LINKER/LOCATER V6.22.2.0                                                  06/30/2024  16:54:17  PAGE 32


  C:2051H         LINE#         355
  C:207CH         LINE#         356
  C:208AH         LINE#         358
  C:20B3H         LINE#         359
  C:20B5H         LINE#         361
  C:20B5H         LINE#         363
  C:20C3H         LINE#         364
  C:20EEH         LINE#         365
  C:20FCH         LINE#         367
  C:2125H         LINE#         368
  C:2125H         LINE#         371
  C:2153H         LINE#         372
  C:2158H         LINE#         373
  C:215DH         LINE#         374
  C:215DH         LINE#         375
  -------         ENDPROC       COMPUTER_TO_ESP12S
  -------         PROC          ESP12S_TO_COMPUTER
  C:2E2CH         LINE#         384
  C:2E2CH         LINE#         385
  C:2E2CH         LINE#         386
  C:2E39H         LINE#         387
  C:2E39H         LINE#         389
  C:2E40H         LINE#         390
  C:2E8AH         LINE#         391
  C:2E8AH         LINE#         392
  C:2E9AH         LINE#         393
  C:2E9AH         LINE#         394
  C:2EBEH         LINE#         395
  C:2EBEH         LINE#         396
  C:2EBEH         LINE#         397
  C:2EBEH         LINE#         400
  C:2EE7H         LINE#         403
  C:2F15H         LINE#         404
  C:2F1AH         LINE#         405
  C:2F1FH         LINE#         406
  C:2F1FH         LINE#         407
  -------         ENDPROC       ESP12S_TO_COMPUTER
  -------         ENDMOD        WIFI

  -------         MODULE        KEY1
  C:0000H         SYMBOL        _ICE_DUMMY_
  D:0080H         PUBLIC        P0
  D:0090H         PUBLIC        P1
  D:00A0H         PUBLIC        P2
  D:00B0H         PUBLIC        P3
  D:00C0H         PUBLIC        P4
  D:00C8H         PUBLIC        P5
  D:00E8H         PUBLIC        P6
  D:00F8H         PUBLIC        P7
  D:00A8H         PUBLIC        IE
  D:00B8H         PUBLIC        IP
  D:00D8H         PUBLIC        CCON
  C:3A17H         SYMBOL        KEY_Detect
  D:0098H         PUBLIC        SCON
  D:0088H         PUBLIC        TCON
  B:00B0H.2       PUBLIC        P32
  C:434AH         PUBLIC        INT0_isr
BL51 BANKED LINKER/LOCATER V6.22.2.0                                                  06/30/2024  16:54:17  PAGE 33


  B:00A8H.0       PUBLIC        EX0
  X:0231H         PUBLIC        Key1
  D:00D0H         PUBLIC        PSW
  -------         PROC          KEY_DETECT
  -------         DO            
  X:027DH         SYMBOL        key_i
  -------         ENDDO         
  C:3A17H         LINE#         18
  C:3A17H         LINE#         19
  C:3A17H         LINE#         20
  C:3A1FH         LINE#         23
  C:3A22H         LINE#         24
  C:3A22H         LINE#         25
  C:3A27H         LINE#         26
  C:3A2CH         LINE#         27
  C:3A2CH         LINE#         30
  C:3A35H         LINE#         31
  C:3A35H         LINE#         32
  C:3A3AH         LINE#         33
  C:3A3CH         LINE#         35
  C:3A3FH         LINE#         36
  C:3A3FH         LINE#         37
  C:3A55H         LINE#         38
  C:3A58H         LINE#         39
  C:3A58H         LINE#         40
  C:3A5EH         LINE#         41
  C:3A5EH         LINE#         42
  C:3A5EH         LINE#         43
  C:3A5EH         LINE#         46
  C:3A67H         LINE#         47
  C:3A67H         LINE#         48
  C:3A6DH         LINE#         50
  C:3A74H         LINE#         51
  C:3A84H         LINE#         52
  C:3A84H         LINE#         53
  C:3A87H         LINE#         54
  C:3A87H         LINE#         55
  C:3A8CH         LINE#         56
  C:3A8CH         LINE#         57
  C:3A8CH         LINE#         58
  C:3A8CH         LINE#         59
  C:3A8CH         LINE#         62
  C:3A95H         LINE#         63
  C:3A95H         LINE#         64
  C:3A9AH         LINE#         65
  C:3A9AH         LINE#         67
  C:3A9CH         LINE#         68
  -------         ENDPROC       KEY_DETECT
  -------         PROC          INT0_ISR
  C:434AH         LINE#         72
  C:4350H         LINE#         74
  C:4356H         LINE#         75
  -------         ENDPROC       INT0_ISR
  -------         ENDMOD        KEY1

  -------         MODULE        TM1620
  C:0000H         SYMBOL        _ICE_DUMMY_
BL51 BANKED LINKER/LOCATER V6.22.2.0                                                  06/30/2024  16:54:17  PAGE 34


  D:0080H         PUBLIC        P0
  D:0090H         PUBLIC        P1
  D:00A0H         PUBLIC        P2
  D:00B0H         PUBLIC        P3
  D:00C0H         PUBLIC        P4
  D:00C8H         PUBLIC        P5
  D:00E8H         PUBLIC        P6
  D:00F8H         PUBLIC        P7
  D:00A8H         PUBLIC        IE
  C:3CA2H         SYMBOL        Init
  D:00B8H         PUBLIC        IP
  D:00D8H         PUBLIC        CCON
  D:0098H         PUBLIC        SCON
  D:0088H         PUBLIC        TCON
  B:00A0H.4       PUBLIC        P24
  B:00A0H.5       PUBLIC        P25
  B:00A0H.6       PUBLIC        P26
  C:3DE4H         SYMBOL        _TM1620_Write_Byte
  C:43DEH         PUBLIC        num
  C:4072H         SYMBOL        _Disp_Number
  C:31B5H         SYMBOL        _Delay_Bright_ADJ
  X:01FDH         PUBLIC        TM1620
  D:00D0H         PUBLIC        PSW
  -------         PROC          _TM1620_WRITE_BYTE
  X:027FH         SYMBOL        dat
  -------         DO            
  X:0280H         SYMBOL        TM1620_i
  -------         ENDDO         
  C:3DE4H         LINE#         36
  C:3DE9H         LINE#         37
  C:3DE9H         LINE#         38
  C:3DEEH         LINE#         39
  C:3DF0H         LINE#         40
  C:3E06H         LINE#         41
  C:3E16H         LINE#         42
  C:3E16H         LINE#         44
  C:3E18H         LINE#         45
  C:3E21H         LINE#         46
  C:3E25H         LINE#         48
  C:3E27H         LINE#         49
  C:3E35H         LINE#         50
  C:3E36H         LINE#         53
  C:3E38H         LINE#         54
  C:3E39H         LINE#         55
  C:3E41H         LINE#         56
  -------         ENDPROC       _TM1620_WRITE_BYTE
  -------         PROC          INIT
[...]
  C:260EH         LINE#         94
  C:262CH         LINE#         96
  C:2634H         LINE#         97
  -------         ENDPROC       ADC_MEASUREFILTER
  -------         ENDMOD        ADC

  -------         MODULE        EEPROM
  C:0000H         SYMBOL        _ICE_DUMMY_
  D:0080H         PUBLIC        P0
  D:0090H         PUBLIC        P1
  D:00A0H         PUBLIC        P2
  D:00B0H         PUBLIC        P3
  D:00C0H         PUBLIC        P4
  D:00C8H         PUBLIC        P5
  D:00E8H         PUBLIC        P6
  D:00F8H         PUBLIC        P7
  D:00A8H         PUBLIC        IE
  D:00C5H         PUBLIC        IAP_CMD
  C:40F7H         SYMBOL        _ReadByte
  D:00B8H         PUBLIC        IP
  C:436EH         SYMBOL        IapIdle
  D:00C3H         PUBLIC        IAP_ADDRH
  D:00D8H         PUBLIC        CCON
  D:00C4H         PUBLIC        IAP_ADDRL
  C:4176H         SYMBOL        _WriteByte
  D:0098H         PUBLIC        SCON
  D:0088H         PUBLIC        TCON
  D:00C7H         PUBLIC        IAP_CONTR
  X:01F2H         PUBLIC        EEPROM
  D:00C2H         PUBLIC        IAP_DATA
  C:41E9H         SYMBOL        _EraseSector
  D:00C6H         PUBLIC        IAP_TRIG
  D:00D0H         PUBLIC        PSW
  -------         PROC          IAPIDLE
  C:436EH         LINE#         27
  C:436EH         LINE#         28
  C:436EH         LINE#         29
  C:4371H         LINE#         30
  C:4374H         LINE#         31
  C:4377H         LINE#         32
  C:437AH         LINE#         33
  C:437DH         LINE#         34
  -------         ENDPROC       IAPIDLE
  -------         PROC          _READBYTE
  X:0273H         SYMBOL        addr
BL51 BANKED LINKER/LOCATER V6.22.2.0                                                  06/30/2024  16:54:17  PAGE 41


  -------         DO            
  X:0275H         SYMBOL        dat
  -------         ENDDO         
  C:40F7H         LINE#         37
  C:40FFH         LINE#         38
  C:40FFH         LINE#         39
  C:4104H         LINE#         41
  C:4107H         LINE#         42
  C:410AH         LINE#         43
  C:4114H         LINE#         44
  C:4122H         LINE#         45
  C:4125H         LINE#         46
  C:4128H         LINE#         47
  C:4129H         LINE#         48
  C:412FH         LINE#         49
  C:4132H         LINE#         51
  C:4137H         LINE#         52
  -------         ENDPROC       _READBYTE
  -------         PROC          _WRITEBYTE
  X:0276H         SYMBOL        addr
  X:0278H         SYMBOL        dat
  C:4176H         LINE#         55
  C:4183H         LINE#         56
  C:4183H         LINE#         57
  C:4186H         LINE#         58
  C:4189H         LINE#         59
  C:4193H         LINE#         60
  C:41A1H         LINE#         61
  C:41A8H         LINE#         62
  C:41ABH         LINE#         63
  C:41AEH         LINE#         64
  C:41AFH         LINE#         65
  C:41B2H         LINE#         66
  -------         ENDPROC       _WRITEBYTE
  -------         PROC          _ERASESECTOR
  X:0287H         SYMBOL        addr
  C:41E9H         LINE#         69
  C:41F1H         LINE#         70
  C:41F1H         LINE#         71
  C:41F4H         LINE#         72
  C:41F7H         LINE#         73
  C:4201H         LINE#         74
  C:420FH         LINE#         75
  C:4212H         LINE#         76
  C:4215H         LINE#         77
  C:4216H         LINE#         78
  C:4219H         LINE#         79
  -------         ENDPROC       _ERASESECTOR
  -------         ENDMOD        EEPROM

  -------         MODULE        IIC
  C:0000H         SYMBOL        _ICE_DUMMY_
  D:0080H         PUBLIC        P0
  D:0090H         PUBLIC        P1
  D:00A0H         PUBLIC        P2
  D:00B0H         PUBLIC        P3
  D:00C0H         PUBLIC        P4
BL51 BANKED LINKER/LOCATER V6.22.2.0                                                  06/30/2024  16:54:17  PAGE 42


  D:00C8H         PUBLIC        P5
  D:00E8H         PUBLIC        P6
  D:00F8H         PUBLIC        P7
  C:438EH         SYMBOL        NoAck_I2c
  D:00A8H         PUBLIC        IE
  C:43E8H         SYMBOL        delay
  D:00B8H         PUBLIC        IP
  C:3D7EH         SYMBOL        _SendByte
  D:00D8H         PUBLIC        CCON
  D:0098H         PUBLIC        SCON
  B:00A0H.2       PUBLIC        P22
  C:0006H         SYMBOL        I2C_Init
  D:0088H         PUBLIC        TCON
  B:00A0H.3       PUBLIC        P23
  C:3FE3H         SYMBOL        RcvByte
  C:437EH         SYMBOL        Ack_I2c
  C:439EH         SYMBOL        Start_I2c
  X:0179H         PUBLIC        IIC
  C:43BBH         SYMBOL        Stop_I2c
  D:00D0H         PUBLIC        PSW
  -------         PROC          DELAY
  C:43E8H         LINE#         40
  C:43E8H         LINE#         41
  C:43E8H         LINE#         42
  C:43E9H         LINE#         43
  C:43EAH         LINE#         44
  C:43EBH         LINE#         45
  C:43ECH         LINE#         46
  C:43EDH         LINE#         47
  -------         ENDPROC       DELAY
  -------         PROC          I2C_INIT
  C:0006H         LINE#         55
  C:0006H         LINE#         56
  C:0006H         LINE#         57
  C:0008H         LINE#         58
  C:000AH         LINE#         59
  -------         ENDPROC       I2C_INIT
  -------         PROC          START_I2C
  C:439EH         LINE#         67
  C:439EH         LINE#         68
  C:439EH         LINE#         69
  C:43A0H         LINE#         70
  C:43A2H         LINE#         71
  C:43A5H         LINE#         72
  C:43A7H         LINE#         73
  C:43AAH         LINE#         74
  C:43ACH         LINE#         75
  -------         ENDPROC       START_I2C
  -------         PROC          STOP_I2C
  C:43BBH         LINE#         84
  C:43BBH         LINE#         85
  C:43BBH         LINE#         86
  C:43BDH         LINE#         87
  C:43BFH         LINE#         88
  C:43C2H         LINE#         89
  C:43C4H         LINE#         90
  C:43C7H         LINE#         91
BL51 BANKED LINKER/LOCATER V6.22.2.0                                                  06/30/2024  16:54:17  PAGE 43


  -------         ENDPROC       STOP_I2C
  -------         PROC          _SENDBYTE
  X:0289H         SYMBOL        Data
  -------         DO            
  X:028AH         SYMBOL        BitCnt
  -------         ENDDO         
  C:3D7EH         LINE#         100
  C:3D83H         LINE#         101
  C:3D83H         LINE#         104
  C:3D93H         LINE#         105
  C:3D93H         LINE#         106
  C:3DACH         LINE#         107
  C:3DB0H         LINE#         109
  C:3DB2H         LINE#         110
  C:3DB5H         LINE#         111
  C:3DB7H         LINE#         112
  C:3DBAH         LINE#         113
  C:3DBCH         LINE#         114
  C:3DC4H         LINE#         116
  C:3DC6H         LINE#         117
  C:3DC9H         LINE#         118
  C:3DCBH         LINE#         119
  C:3DCEH         LINE#         120
  C:3DD8H         LINE#         121
  C:3DDEH         LINE#         122
  C:3DE0H         LINE#         123
  C:3DE3H         LINE#         124
  -------         ENDPROC       _SENDBYTE
  -------         PROC          RCVBYTE
  -------         DO            
  X:028BH         SYMBOL        retc
  X:028CH         SYMBOL        BitCnt
  -------         ENDDO         
  C:3FE3H         LINE#         133
  C:3FE3H         LINE#         134
  C:3FE3H         LINE#         138
  C:3FE8H         LINE#         139
  C:3FEAH         LINE#         140
  C:3FFAH         LINE#         141
  C:3FFAH         LINE#         142
  C:3FFCH         LINE#         143
  C:3FFFH         LINE#         144
  C:4001H         LINE#         145
  C:4004H         LINE#         146
  C:4012H         LINE#         147
  C:401BH         LINE#         148
  C:4023H         LINE#         149
  C:4025H         LINE#         150
  C:4028H         LINE#         152
  C:402DH         LINE#         153
  -------         ENDPROC       RCVBYTE
  -------         PROC          ACK_I2C
  C:437EH         LINE#         162
  C:437EH         LINE#         163
  C:437EH         LINE#         164
  C:4380H         LINE#         165
  C:4383H         LINE#         166
BL51 BANKED LINKER/LOCATER V6.22.2.0                                                  06/30/2024  16:54:17  PAGE 44


  C:4385H         LINE#         167
  C:4388H         LINE#         168
  C:438AH         LINE#         169
  C:438DH         LINE#         170
  -------         ENDPROC       ACK_I2C
  -------         PROC          NOACK_I2C
  C:438EH         LINE#         178
  C:438EH         LINE#         179
  C:438EH         LINE#         180
  C:4390H         LINE#         181
  C:4393H         LINE#         182
  C:4395H         LINE#         183
  C:4398H         LINE#         184
  C:439AH         LINE#         185
  C:439DH         LINE#         186
  -------         ENDPROC       NOACK_I2C
  -------         ENDMOD        IIC

  -------         MODULE        24C02
  C:0000H         SYMBOL        _ICE_DUMMY_
  D:0080H         PUBLIC        P0
  D:0090H         PUBLIC        P1
  D:00A0H         PUBLIC        P2
  D:00B0H         PUBLIC        P3
  D:00C0H         PUBLIC        P4
  D:00C8H         PUBLIC        P5
  D:00E8H         PUBLIC        P6
  D:00F8H         PUBLIC        P7
  D:00A8H         PUBLIC        IE
  D:00B8H         PUBLIC        IP
  X:0245H         PUBLIC        AT24C02
  C:2B0BH         SYMBOL        _Receivestr
  D:00D8H         PUBLIC        CCON
  D:0098H         PUBLIC        SCON
  D:0088H         PUBLIC        TCON
  C:3002H         SYMBOL        _Sendstr
  D:00D0H         PUBLIC        PSW
  -------         PROC          _SENDSTR
  X:024BH         SYMBOL        array
  X:024EH         SYMBOL        LEN
  -------         DO            
  X:024FH         SYMBOL        i
  -------         ENDDO         
  C:3002H         LINE#         17
  C:3012H         LINE#         18
  C:3012H         LINE#         19
  C:3017H         LINE#         21
  C:3025H         LINE#         23
  C:3039H         LINE#         24
  C:3044H         LINE#         26
  C:3058H         LINE#         27
  C:3063H         LINE#         29
  C:3077H         LINE#         30
  C:3077H         LINE#         31
  C:3098H         LINE#         32
  C:30A3H         LINE#         33
  C:30ADH         LINE#         34
BL51 BANKED LINKER/LOCATER V6.22.2.0                                                  06/30/2024  16:54:17  PAGE 45


  C:30B5H         LINE#         36
  C:30C3H         LINE#         38
  C:30D9H         LINE#         40
  C:30DBH         LINE#         42
  -------         ENDPROC       _SENDSTR
  -------         PROC          _RECEIVESTR
  X:0250H         SYMBOL        array
  X:0253H         SYMBOL        LEN
  -------         DO            
  X:0254H         SYMBOL        i
  -------         ENDDO         
  C:2B0BH         LINE#         46
  C:2B1BH         LINE#         47
  C:2B1BH         LINE#         48
  C:2B20H         LINE#         50
  C:2B2EH         LINE#         52
  C:2B42H         LINE#         53
  C:2B4DH         LINE#         55
  C:2B61H         LINE#         56
  C:2B6CH         LINE#         58
  C:2B7AH         LINE#         60
  C:2B8EH         LINE#         61
  C:2B99H         LINE#         63
  C:2BB0H         LINE#         64
  C:2BB0H         LINE#         65
  C:2BCDH         LINE#         66
  C:2BDBH         LINE#         67
  C:2BE5H         LINE#         68
  C:2BEDH         LINE#         71
  C:2C0AH         LINE#         72
  C:2C18H         LINE#         74
  C:2C26H         LINE#         76
  C:2C28H         LINE#         78
  -------         ENDPROC       _RECEIVESTR
  -------         ENDMOD        24C02

  -------         MODULE        NTC
  C:0000H         SYMBOL        _ICE_DUMMY_
  D:0080H         PUBLIC        P0
  D:0090H         PUBLIC        P1
  D:00A0H         PUBLIC        P2
  D:00B0H         PUBLIC        P3
  D:00C0H         PUBLIC        P4
  D:00C8H         PUBLIC        P5
  D:00E8H         PUBLIC        P6
  D:00F8H         PUBLIC        P7
  D:00A8H         PUBLIC        IE
  D:00B8H         PUBLIC        IP
  C:1BDEH         PUBLIC        TempArray
  D:00D8H         PUBLIC        CCON
  D:0098H         PUBLIC        SCON
  D:0088H         PUBLIC        TCON
  C:29E8H         SYMBOL        Formula_CalcTemp
  X:0211H         PUBLIC        NTC
  C:10C4H         SYMBOL        Form_CheckTemp
  D:00D0H         PUBLIC        PSW
  -------         PROC          FORMULA_CALCTEMP
BL51 BANKED LINKER/LOCATER V6.22.2.0                                                  06/30/2024  16:54:17  PAGE 46


  -------         DO            
  X:0207H         SYMBOL        Recent_Resistance
  X:020BH         SYMBOL        ADC_Value
  X:020DH         SYMBOL        Current_Voltage
  -------         ENDDO         
  C:29E8H         LINE#         136
  C:29E8H         LINE#         137
  C:29E8H         LINE#         139
  C:29F0H         LINE#         140
  C:29FAH         LINE#         142
  C:2A10H         LINE#         143
  C:2A38H         LINE#         144
  C:2A7BH         LINE#         145
  C:2AD1H         LINE#         148
  C:2ADFH         LINE#         149
  C:2AFCH         LINE#         150
  C:2B0AH         LINE#         152
  -------         ENDPROC       FORMULA_CALCTEMP
  -------         PROC          FORM_CHECKTEMP
  -------         DO            
  X:0238H         SYMBOL        ADC_Value
  X:023CH         SYMBOL        left
  X:023DH         SYMBOL        right
  X:023EH         SYMBOL        mid
  -------         ENDDO         
  C:10C4H         LINE#         155
  C:10C4H         LINE#         156
  C:10C4H         LINE#         157
  C:10CEH         LINE#         158
  C:10DFH         LINE#         160
  C:10FBH         LINE#         163
  C:110DH         LINE#         164
  C:110DH         LINE#         165
  C:1176H         LINE#         166
  C:1176H         LINE#         167
  C:1176H         LINE#         168
  C:1176H         LINE#         169
  C:11A8H         LINE#         170
  C:11A8H         LINE#         171
  C:11B5H         LINE#         172
  C:11B7H         LINE#         173
  C:11EBH         LINE#         174
  C:11EBH         LINE#         175
  C:11F8H         LINE#         176
  C:11F8H         LINE#         177
  C:1221H         LINE#         178
  C:1224H         LINE#         181
  C:12EDH         LINE#         184
  C:12FBH         LINE#         185
  C:1318H         LINE#         186
  C:132BH         LINE#         187
  C:1361H         LINE#         188
  C:1397H         LINE#         189
  C:13B4H         LINE#         190
  C:13C2H         LINE#         192
  -------         ENDPROC       FORM_CHECKTEMP
  -------         ENDMOD        NTC
BL51 BANKED LINKER/LOCATER V6.22.2.0                                                  06/30/2024  16:54:17  PAGE 47



  -------         MODULE        ?C?FPADD
  C:004DH         PUBLIC        ?C?FPADD
  C:0049H         PUBLIC        ?C?FPSUB
  -------         ENDMOD        ?C?FPADD

  -------         MODULE        ?C?FPMUL
  C:013EH         PUBLIC        ?C?FPMUL
  -------         ENDMOD        ?C?FPMUL

  -------         MODULE        ?C?FPDIV
  C:0247H         PUBLIC        ?C?FPDIV
  -------         ENDMOD        ?C?FPDIV

  -------         MODULE        ?C?FPCMP
  C:02E6H         PUBLIC        ?C?FPCMP
  C:02E4H         PUBLIC        ?C?FPCMP3
  -------         ENDMOD        ?C?FPCMP

  -------         MODULE        ?C?FCAST
  C:0367H         PUBLIC        ?C?FCASTC
  C:0362H         PUBLIC        ?C?FCASTI
  C:035DH         PUBLIC        ?C?FCASTL
  -------         ENDMOD        ?C?FCAST

  -------         MODULE        ?C?CASTF
  C:039BH         PUBLIC        ?C?CASTF
  -------         ENDMOD        ?C?CASTF

  -------         MODULE        PRINTF
  X:010AH         PUBLIC        ?_PRINTF?BYTE
  X:010AH         PUBLIC        ?_SPRINTF?BYTE
  C:0872H         PUBLIC        _PRINTF
  C:086CH         PUBLIC        _SPRINTF
  -------         ENDMOD        PRINTF

  -------         MODULE        LOG
  C:28F3H         PUBLIC        _LOG
  C:28EFH         PUBLIC        _LOG10
  -------         ENDMOD        LOG

  -------         MODULE        ?C?FPROUND
  C:041CH         PUBLIC        ?C?FPROUND
  -------         ENDMOD        ?C?FPROUND

  -------         MODULE        ?C?FPCONVERT
  C:0459H         PUBLIC        ?C?FPCONVERT
  -------         ENDMOD        ?C?FPCONVERT

  -------         MODULE        ?C?FTNPWR
  C:05DBH         PUBLIC        ?C?FTNPWR
  -------         ENDMOD        ?C?FTNPWR

  -------         MODULE        ?C?CLDPTR
  C:061BH         PUBLIC        ?C?CLDPTR
  -------         ENDMOD        ?C?CLDPTR

BL51 BANKED LINKER/LOCATER V6.22.2.0                                                  06/30/2024  16:54:17  PAGE 48


  -------         MODULE        ?C?CLDOPTR
  C:0634H         PUBLIC        ?C?CLDOPTR
  -------         ENDMOD        ?C?CLDOPTR

  -------         MODULE        ?C?CSTPTR
  C:0661H         PUBLIC        ?C?CSTPTR
  -------         ENDMOD        ?C?CSTPTR

  -------         MODULE        ?C?CSTOPTR
  C:0673H         PUBLIC        ?C?CSTOPTR
  -------         ENDMOD        ?C?CSTOPTR

  -------         MODULE        ?C?IILDX
  C:0695H         PUBLIC        ?C?IILDX
  -------         ENDMOD        ?C?IILDX

  -------         MODULE        ?C?ILDIX
  C:06ABH         PUBLIC        ?C?ILDIX
  -------         ENDMOD        ?C?ILDIX

  -------         MODULE        ?C?LNEG
  C:06C1H         PUBLIC        ?C?LNEG
  -------         ENDMOD        ?C?LNEG

  -------         MODULE        ?C?LLDCODE
  C:06CFH         PUBLIC        ?C?LLDCODE
  -------         ENDMOD        ?C?LLDCODE

  -------         MODULE        ?C?LLDXDATA0
  C:06DFH         PUBLIC        ?C?LLDXDATA0
  -------         ENDMOD        ?C?LLDXDATA0

  -------         MODULE        ?C?LLDCODE0
  C:06EBH         PUBLIC        ?C?LLDCODE0
  -------         ENDMOD        ?C?LLDCODE0

  -------         MODULE        ?C?LSTXDATA
  C:06FBH         PUBLIC        ?C?LSTXDATA
  -------         ENDMOD        ?C?LSTXDATA

  -------         MODULE        ?C?LSTKXDATA
  C:0707H         PUBLIC        ?C?LSTKXDATA
  -------         ENDMOD        ?C?LSTKXDATA

  -------         MODULE        ?C?PLDIXDATA
  C:0738H         PUBLIC        ?C?PLDIXDATA
  -------         ENDMOD        ?C?PLDIXDATA

  -------         MODULE        ?C?PSTXDATA
  C:074FH         PUBLIC        ?C?PSTXDATA
  -------         ENDMOD        ?C?PSTXDATA

  -------         MODULE        ?C?PLDOPTR
  C:0758H         PUBLIC        ?C?PLDOPTR
  -------         ENDMOD        ?C?PLDOPTR

  -------         MODULE        ?C?CCASE
BL51 BANKED LINKER/LOCATER V6.22.2.0                                                  06/30/2024  16:54:17  PAGE 49


  C:0788H         PUBLIC        ?C?CCASE
  -------         ENDMOD        ?C?CCASE

  -------         MODULE        ?C?ICALL
  C:07AEH         PUBLIC        ?C?ICALL
  C:07B2H         PUBLIC        ?C?ICALL2
  -------         ENDMOD        ?C?ICALL

  -------         MODULE        STRSTR
  X:010AH         PUBLIC        ?_strstr?BYTE
  C:35BEH         PUBLIC        _strstr
  -------         ENDMOD        STRSTR

  -------         MODULE        ?C?MEMSET
  C:07B4H         PUBLIC        ?C?MEMSET
  -------         ENDMOD        ?C?MEMSET

  -------         MODULE        ?C?PLDIDATA
  C:07E0H         PUBLIC        ?C?PLDIDATA
  -------         ENDMOD        ?C?PLDIDATA

  -------         MODULE        ?C?PLDXDATA
  C:07E9H         PUBLIC        ?C?PLDXDATA
  -------         ENDMOD        ?C?PLDXDATA

  -------         MODULE        ?C?PLDPDATA
  C:07F2H         PUBLIC        ?C?PLDPDATA
  -------         ENDMOD        ?C?PLDPDATA

  -------         MODULE        ?C?PLDCODE
  C:07FBH         PUBLIC        ?C?PLDCODE
  -------         ENDMOD        ?C?PLDCODE

Program Size: data=41.0 xdata=659 code=17397
LINK/LOCATE RUN COMPLETE.  0 WARNING(S),  0 ERROR(S)
