BL51 BANKED LINKER/LOCATER V6.22.2.0                                                    06/22/2024  17:33:49  PAGE 1


BL51 BANKED LINKER/LOCATER V6.22.2.0, INVOKED BY:
D:\KEIL_V5\C51\BIN\BL51.EXE .\Obj\main.obj, .\Obj\Public.obj, .\Obj\IO_Mode.obj, .\Obj\UART1.obj, .\Obj\SysInit.obj, .\O
>> bj\CRC16.obj, .\Obj\ModbusRTU.obj, .\Obj\Timer0.obj, .\Obj\UART2.obj, .\Obj\WiFi.obj, .\Obj\Key1.obj, .\Obj\TM1620.ob
>> j, .\Obj\PWM.obj, .\Obj\ADC.obj, .\Obj\EEPROM.obj, .\Obj\IIC.obj, .\Obj\24C02.obj TO .\Obj\IIC PRINT (.\Obj\IIC.m51) 
>> RAMSIZE (256) CODE (0X0000-0XEFF8)


MEMORY MODEL: LARGE


INPUT MODULES INCLUDED:
  .\Obj\main.obj (MAIN)
  .\Obj\Public.obj (PUBLIC)
  .\Obj\IO_Mode.obj (IO_MODE)
  .\Obj\UART1.obj (UART1)
  .\Obj\SysInit.obj (SYSINIT)
  .\Obj\CRC16.obj (CRC16)
  .\Obj\ModbusRTU.obj (MODBUSRTU)
  .\Obj\Timer0.obj (TIMER0)
  .\Obj\UART2.obj (UART2)
  .\Obj\WiFi.obj (WIFI)
  .\Obj\Key1.obj (KEY1)
  .\Obj\TM1620.obj (TM1620)
  .\Obj\PWM.obj (PWM)
  .\Obj\ADC.obj (ADC)
  .\Obj\EEPROM.obj (EEPROM)
  .\Obj\IIC.obj (IIC)
  .\Obj\24C02.obj (24C02)
  D:\KEIL_V5\C51\LIB\C51L.LIB (?C_STARTUP)
  D:\KEIL_V5\C51\LIB\C51L.LIB (?C?COPY)
  D:\KEIL_V5\C51\LIB\C51L.LIB (?C?CLDPTR)
  D:\KEIL_V5\C51\LIB\C51L.LIB (?C?CLDOPTR)
  D:\KEIL_V5\C51\LIB\C51L.LIB (?C?CSTPTR)
  D:\KEIL_V5\C51\LIB\C51L.LIB (?C?CSTOPTR)
  D:\KEIL_V5\C51\LIB\C51L.LIB (?C?IILDX)
  D:\KEIL_V5\C51\LIB\C51L.LIB (?C?ILDIX)
  D:\KEIL_V5\C51\LIB\C51L.LIB (?C?PLDOPTR)
  D:\KEIL_V5\C51\LIB\C51L.LIB (?C?CCASE)
  D:\KEIL_V5\C51\LIB\C51L.LIB (?C?ICALL)
  D:\KEIL_V5\C51\LIB\C51L.LIB (PRINTF)
  D:\KEIL_V5\C51\LIB\C51L.LIB (STRSTR)
  D:\KEIL_V5\C51\LIB\C51L.LIB (?C?MEMSET)
  D:\KEIL_V5\C51\LIB\C51L.LIB (?C_INIT)
  D:\KEIL_V5\C51\LIB\C51L.LIB (?C?PLDIDATA)
  D:\KEIL_V5\C51\LIB\C51L.LIB (?C?PLDXDATA)
  D:\KEIL_V5\C51\LIB\C51L.LIB (?C?PLDIXDATA)
  D:\KEIL_V5\C51\LIB\C51L.LIB (?C?PSTXDATA)
  D:\KEIL_V5\C51\LIB\C51L.LIB (?C?PLDPDATA)
  D:\KEIL_V5\C51\LIB\C51L.LIB (?C?PLDCODE)


LINK MAP OF MODULE:  .\Obj\IIC (MAIN)


            TYPE    BASE      LENGTH    RELOCATION   SEGMENT NAME
            -----------------------------------------------------

            * * * * * * *   D A T A   M E M O R Y   * * * * * * *
BL51 BANKED LINKER/LOCATER V6.22.2.0                                                  06/22/2024  17:33:49  PAGE 2


            REG     0000H     0008H     ABSOLUTE     "REG BANK 0"
            REG     0008H     0008H     ABSOLUTE     "REG BANK 1"
            DATA    0010H     0005H     UNIT         _DATA_GROUP_
            DATA    0015H     0002H     UNIT         ?DT?PUBLIC
            IDATA   0017H     0007H     UNIT         ?ID?TIMER0
            IDATA   001EH     0002H     UNIT         ?ID?_SENDSTRING?UART1
            BIT     0020H.0   0001H.1   UNIT         _BIT_GROUP_
            BIT     0021H.1   0000H.2   UNIT         ?BI?UART1_ISR?UART1
            BIT     0021H.3   0000H.2   UNIT         ?BI?UART2
            BIT     0021H.5   0000H.1   UNIT         ?BI?_SENDBYTE?UART1
            BIT     0021H.6   0000H.1   UNIT         ?BI?PROTOCOL?UART1
            BIT     0021H.7   0000H.1   UNIT         ?BI?PROTOCOL?UART2
            IDATA   0022H     0004H     UNIT         ?ID?MODBUSRTU
            IDATA   0026H     0001H     UNIT         ?ID?MAIN
            IDATA   0027H     0001H     UNIT         ?ID?UART2_ISR?UART2
            IDATA   0028H     0001H     UNIT         ?STACK

            * * * * * * *  X D A T A   M E M O R Y  * * * * * * *
            XDATA   0000H     0085H     UNIT         ?XD?UART1
            XDATA   0085H     0085H     UNIT         ?XD?UART2
            XDATA   010AH     0028H     UNIT         _XDATA_GROUP_
            XDATA   0132H     0023H     UNIT         ?XD?PUBLIC
            XDATA   0155H     001CH     UNIT         ?XD?WIFI
            XDATA   0171H     0016H     UNIT         ?XD?IIC
            XDATA   0187H     0011H     UNIT         ?XD?MAIN?MAIN
            XDATA   0198H     000FH     UNIT         ?XD?_SENDAT?WIFI
            XDATA   01A7H     000DH     UNIT         ?XD?_MODBUS_READ_REGISTER?MODBUSRTU
            XDATA   01B4H     000DH     UNIT         ?XD?PWM
            XDATA   01C1H     000CH     UNIT         ?XD?IO_MODE
            XDATA   01CDH     000CH     UNIT         ?XD?SYSINIT
            XDATA   01D9H     000BH     UNIT         ?XD?_MODBUS_WRITE_REGISTER?MODBUSRTU
            XDATA   01E4H     000BH     UNIT         ?XD?EEPROM
            XDATA   01EFH     000AH     UNIT         ?XD?TM1620
            XDATA   01F9H     0008H     UNIT         ?XD?_CRC_CHECK?CRC16
            XDATA   0201H     0007H     UNIT         ?XD?CRC16
            XDATA   0208H     0007H     UNIT         ?XD?KEY1
            XDATA   020FH     0006H     UNIT         ?XD?_PROTOCOL_ANALYSIS?MODBUSRTU
            XDATA   0215H     0006H     UNIT         ?XD?24C02
            XDATA   021BH     0005H     UNIT         ?XD?_SENDSTR?24C02
            XDATA   0220H     0005H     UNIT         ?XD?_RECEIVESTR?24C02
            XDATA   0225H     0004H     UNIT         ?XD?_MEMORY_CLR?PUBLIC
            XDATA   0229H     0004H     UNIT         ?XD?_DELAYMS?PUBLIC
            XDATA   022DH     0004H     UNIT         ?XD?_SENDARRAY?UART1
            XDATA   0231H     0004H     UNIT         ?XD?_SENDSTRING?UART2
            XDATA   0235H     0004H     UNIT         ?XD?_SENDARRAY?UART2
            XDATA   0239H     0004H     UNIT         ?XD?_READDUTY?PWM
            XDATA   023DH     0003H     UNIT         ?XD?_SENDSTRING?UART1
            XDATA   0240H     0003H     UNIT         ?XD?_BACKUPDUTY?PWM
            XDATA   0243H     0003H     UNIT         ?XD?_READBYTE?EEPROM
            XDATA   0246H     0003H     UNIT         ?XD?_WRITEBYTE?EEPROM
            XDATA   0249H     0002H     UNIT         ?XD?_SENDBYTE?UART2
            XDATA   024BH     0002H     UNIT         ?XD?TCP_CONNECT_SERVER?WIFI
            XDATA   024DH     0002H     UNIT         ?XD?KEY_DETECT?KEY1
            XDATA   024FH     0002H     UNIT         ?XD?_TM1620_WRITE_BYTE?TM1620
            XDATA   0251H     0002H     UNIT         ?XD?_DISP_NUMBER?TM1620
            XDATA   0253H     0002H     UNIT         ?XD?_DELAY_BRIGHT_ADJ?TM1620
            XDATA   0255H     0002H     UNIT         ?XD?_ERASESECTOR?EEPROM
BL51 BANKED LINKER/LOCATER V6.22.2.0                                                  06/22/2024  17:33:49  PAGE 3


            XDATA   0257H     0002H     UNIT         ?XD?_SENDBYTE?IIC
            XDATA   0259H     0002H     UNIT         ?XD?RCVBYTE?IIC
            XDATA   025BH     0001H     UNIT         ?XD?_SENDBYTE?UART1
            XDATA   025CH     0001H     UNIT         ?XD?_PUTCHAR?UART1
            XDATA   025DH     0001H     UNIT         ?XD?UART1_ISR?UART1
            XDATA   025EH     0001H     UNIT         ?XD?RUN_INDICATION?SYSINIT
            XDATA   025FH     0001H     UNIT         ?XD?COMPUTER_TO_ESP12S?WIFI
            XDATA   0260H     0001H     UNIT         ?XD?INIT?TM1620

            * * * * * * *   C O D E   M E M O R Y   * * * * * * *
            CODE    0000H     0003H     ABSOLUTE     
            CODE    0003H     0003H     ABSOLUTE     
            CODE    0006H     0005H     UNIT         ?PR?I2C_INIT?IIC
            CODE    000BH     0003H     ABSOLUTE     
            CODE    000EH     0015H     UNIT         ?PR?PUSH_PULL?IO_MODE
            CODE    0023H     0003H     ABSOLUTE     
            CODE    0026H     0019H     UNIT         ?PR?SEND_MODE?UART1
            CODE    003FH     0004H     UNIT         ?PR?SOFTRESET?PUBLIC
            CODE    0043H     0003H     ABSOLUTE     
            CODE    0046H     043AH     UNIT         ?PR?_MODBUS_READ_REGISTER?MODBUSRTU
            CODE    0480H     0365H     UNIT         ?PR?PRINTF?PRINTF
            CODE    07E5H     02EEH     UNIT         ?PR?TCP_CONNECT_SERVER?WIFI
            CODE    0AD3H     028CH     UNIT         ?PR?SMARTCONFIG?WIFI
            CODE    0D5FH     026BH     UNIT         ?C?LIB_CODE
            CODE    0FCAH     0202H     UNIT         ?C_INITSEG
            CODE    11CCH     01F6H     UNIT         ?PR?_MODBUS_WRITE_REGISTER?MODBUSRTU
            CODE    13C2H     01F6H     UNIT         ?PR?COMPUTER_TO_ESP12S?WIFI
            CODE    15B8H     01C5H     UNIT         ?PR?_PROTOCOL_ANALYSIS?MODBUSRTU
            CODE    177DH     01A8H     UNIT         ?PR?_SENDAT?WIFI
            CODE    1925H     0153H     UNIT         ?CO?WIFI
            CODE    1A78H     0148H     UNIT         ?PR?MAIN?MAIN
            CODE    1BC0H     0137H     UNIT         ?PR?INIT?WIFI
            CODE    1CF7H     011EH     UNIT         ?PR?_RECEIVESTR?24C02
            CODE    1E15H     0106H     UNIT         ?PR?HEART?WIFI
            CODE    1F1BH     00FDH     UNIT         ?PR?UART2_ISR?UART2
            CODE    2018H     00F4H     UNIT         ?PR?ESP12S_TO_COMPUTER?WIFI
            CODE    210CH     00E2H     UNIT         ?PR?_CRC_CHECK?CRC16
            CODE    21EEH     00DAH     UNIT         ?PR?_SENDSTR?24C02
            CODE    22C8H     00D9H     UNIT         ?PR?UART1_ISR?UART1
            CODE    23A1H     00D9H     UNIT         ?PR?_DELAY_BRIGHT_ADJ?TM1620
            CODE    247AH     00CCH     UNIT         ?PR?PROTOCOL?UART1
            CODE    2546H     00CCH     UNIT         ?PR?PROTOCOL?UART2
            CODE    2612H     00C0H     UNIT         ?PR?UART1_INIT?UART1
            CODE    26D2H     00BFH     UNIT         ?PR?_STRSTR?STRSTR
            CODE    2791H     00B4H     UNIT         ?PR?_SENDSTRING?UART1
            CODE    2845H     00A2H     UNIT         ?PR?SYSTEM_INIT?SYSINIT
            CODE    28E7H     0092H     UNIT         ?PR?TIMER0_ISR?TIMER0
            CODE    2979H     0091H     UNIT         ?PR?_SENDARRAY?UART1
            CODE    2A0AH     008CH     UNIT         ?C_C51STARTUP
            CODE    2A96H     0087H     UNIT         ?PR?UART2_INIT?UART2
            CODE    2B1DH     0086H     UNIT         ?PR?KEY_DETECT?KEY1
            CODE    2BA3H     0085H     UNIT         ?PR?_BACKUPDUTY?PWM
            CODE    2C28H     0084H     UNIT         ?PR?_READDUTY?PWM
            CODE    2CACH     007EH     UNIT         ?CO?MODBUSRTU
            CODE    2D2AH     007EH     UNIT         ?PR?_SENDBYTE?UART2
            CODE    2DA8H     0072H     UNIT         ?PR?INIT?TM1620
            CODE    2E1AH     006AH     UNIT         ?PR?_SENDSTRING?UART2
BL51 BANKED LINKER/LOCATER V6.22.2.0                                                  06/22/2024  17:33:49  PAGE 4


            CODE    2E84H     0066H     UNIT         ?PR?_SENDBYTE?IIC
            CODE    2EEAH     005EH     UNIT         ?PR?_TM1620_WRITE_BYTE?TM1620
            CODE    2F48H     005CH     UNIT         ?PR?SET_BRIGHTNESS?PWM
            CODE    2FA4H     0058H     UNIT         ?PR?PWM_LED_ADJUST_BRIGHTNESS?PWM
            CODE    2FFCH     004DH     UNIT         ?PR?_SENDBYTE?UART1
            CODE    3049H     004DH     UNIT         ?PR?_SENDARRAY?UART2
            CODE    3096H     004BH     UNIT         ?PR?RCVBYTE?IIC
            CODE    30E1H     0044H     UNIT         ?PR?_DISP_NUMBER?TM1620
            CODE    3125H     0041H     UNIT         ?PR?_DELAYMS?PUBLIC
            CODE    3166H     0041H     UNIT         ?PR?_READBYTE?EEPROM
            CODE    31A7H     003EH     UNIT         ?PR?_MEMORY_CLR?PUBLIC
            CODE    31E5H     003DH     UNIT         ?PR?_WRITEBYTE?EEPROM
            CODE    3222H     003BH     UNIT         ?PR?GPIO_INIT?SYSINIT
            CODE    325DH     0036H     UNIT         ?PR?RUN_INDICATION?SYSINIT
            CODE    3293H     0031H     UNIT         ?PR?_ERASESECTOR?EEPROM
            CODE    32C4H     002DH     UNIT         ?PR?PWM_INIT?PWM
            CODE    32F1H     002AH     UNIT         ?CO?MAIN
            CODE    331BH     0025H     UNIT         ?PR?ERROR_HANDLER?PUBLIC
            CODE    3340H     0022H     UNIT         ?PR?_PUTCHAR?UART1
            CODE    3362H     0019H     UNIT         ?PR?RECEIVE_MODE?UART1
            CODE    337BH     0018H     UNIT         ?PR?DELAY1MS?PUBLIC
            CODE    3393H     0017H     UNIT         ?PR?QUASI_BIDIRECTIONAL?IO_MODE
            CODE    33AAH     0015H     UNIT         ?PR?OPEN_DRAIN?IO_MODE
            CODE    33BFH     0015H     UNIT         ?PR?FLOATING_INPUT?IO_MODE
            CODE    33D4H     0014H     UNIT         ?CO?UART1
            CODE    33E8H     0014H     UNIT         ?CO?UART2
            CODE    33FCH     0013H     UNIT         ?PR?INT0_ISR?KEY1
            CODE    340FH     0011H     UNIT         ?PR?TIMER0_INIT?TIMER0
            CODE    3420H     0010H     UNIT         ?PR?IAPIDLE?EEPROM
            CODE    3430H     0010H     UNIT         ?PR?ACK_I2C?IIC
            CODE    3440H     0010H     UNIT         ?PR?NOACK_I2C?IIC
            CODE    3450H     000FH     UNIT         ?PR?START_I2C?IIC
            CODE    345FH     000EH     UNIT         ?PR?IE_INIT?SYSINIT
            CODE    346DH     000DH     UNIT         ?PR?STOP_I2C?IIC
            CODE    347AH     000CH     UNIT         ?CO?PUBLIC
            CODE    3486H     000AH     UNIT         ?CO?TM1620
            CODE    3490H     0006H     UNIT         ?PR?DELAY?IIC
            CODE    3496H     0003H     UNIT         ?PR?LED_FLIP?PUBLIC
            CODE    3499H     0001H     UNIT         ?PR?SEND_MODE?UART2
            CODE    349AH     0001H     UNIT         ?PR?RECEIVE_MODE?UART2
            CODE    349BH     0001H     UNIT         ?PR?SEND_DATA?WIFI
            CODE    349CH     0001H     UNIT         ?PR?RECEIVE_DATA?WIFI



OVERLAY MAP OF MODULE:   .\Obj\IIC (MAIN)


SEGMENT                                         BIT_GROUP          DATA_GROUP          XDATA_GROUP
  +--> CALLED SEGMENT                        START    LENGTH     START    LENGTH     START    LENGTH
----------------------------------------------------------------------------------------------------
?C_C51STARTUP                                -----    -----      -----    -----      -----    -----
  +--> ?PR?MAIN?MAIN
  +--> ?C_INITSEG

?PR?MAIN?MAIN                                -----    -----      -----    -----      -----    -----
  +--> ?CO?MAIN
BL51 BANKED LINKER/LOCATER V6.22.2.0                                                  06/22/2024  17:33:49  PAGE 5


  +--> ?PR?PRINTF?PRINTF

?PR?PRINTF?PRINTF                            0020H.0  0001H.1    0010H    0005H      010AH    0028H
  +--> ?PR?_PUTCHAR?UART1

?C_INITSEG                                   -----    -----      -----    -----      -----    -----
  +--> ?PR?_DELAYMS?PUBLIC
  +--> ?PR?ERROR_HANDLER?PUBLIC
  +--> ?PR?SOFTRESET?PUBLIC
  +--> ?PR?LED_FLIP?PUBLIC
  +--> ?PR?_MEMORY_CLR?PUBLIC
  +--> ?PR?PUSH_PULL?IO_MODE
  +--> ?PR?OPEN_DRAIN?IO_MODE
  +--> ?PR?FLOATING_INPUT?IO_MODE
  +--> ?PR?QUASI_BIDIRECTIONAL?IO_MODE
  +--> ?PR?UART1_INIT?UART1
  +--> ?PR?_SENDBYTE?UART1
  +--> ?PR?_SENDARRAY?UART1
  +--> ?PR?_SENDSTRING?UART1
  +--> ?PR?PROTOCOL?UART1
  +--> ?PR?SEND_MODE?UART1
  +--> ?PR?RECEIVE_MODE?UART1
  +--> ?PR?GPIO_INIT?SYSINIT
  +--> ?PR?IE_INIT?SYSINIT
  +--> ?PR?RUN_INDICATION?SYSINIT
  +--> ?PR?SYSTEM_INIT?SYSINIT
  +--> ?PR?_CRC_CHECK?CRC16
  +--> ?PR?_PROTOCOL_ANALYSIS?MODBUSRTU
  +--> ?PR?TIMER0_INIT?TIMER0
  +--> ?PR?UART2_INIT?UART2
  +--> ?PR?_SENDBYTE?UART2
  +--> ?PR?_SENDARRAY?UART2
  +--> ?PR?_SENDSTRING?UART2
  +--> ?PR?PROTOCOL?UART2
  +--> ?PR?SEND_MODE?UART2
  +--> ?PR?RECEIVE_MODE?UART2
  +--> ?PR?INIT?WIFI
  +--> ?PR?SMARTCONFIG?WIFI
  +--> ?PR?TCP_CONNECT_SERVER?WIFI
  +--> ?PR?SEND_DATA?WIFI
  +--> ?PR?RECEIVE_DATA?WIFI
  +--> ?PR?HEART?WIFI
  +--> ?PR?COMPUTER_TO_ESP12S?WIFI
  +--> ?PR?ESP12S_TO_COMPUTER?WIFI
  +--> ?PR?KEY_DETECT?KEY1
  +--> ?PR?INIT?TM1620
  +--> ?PR?_DISP_NUMBER?TM1620
  +--> ?PR?_DELAY_BRIGHT_ADJ?TM1620
  +--> ?PR?PWM_INIT?PWM
  +--> ?PR?PWM_LED_ADJUST_BRIGHTNESS?PWM
  +--> ?PR?_BACKUPDUTY?PWM
  +--> ?PR?_READDUTY?PWM
  +--> ?PR?_READBYTE?EEPROM
  +--> ?PR?_WRITEBYTE?EEPROM
  +--> ?PR?_ERASESECTOR?EEPROM
  +--> ?PR?I2C_INIT?IIC
  +--> ?PR?START_I2C?IIC
BL51 BANKED LINKER/LOCATER V6.22.2.0                                                  06/22/2024  17:33:49  PAGE 6


  +--> ?PR?STOP_I2C?IIC
  +--> ?PR?_SENDBYTE?IIC
  +--> ?PR?RCVBYTE?IIC
  +--> ?PR?ACK_I2C?IIC
  +--> ?PR?NOACK_I2C?IIC
  +--> ?PR?_SENDSTR?24C02
  +--> ?PR?_RECEIVESTR?24C02

?PR?_DELAYMS?PUBLIC                          -----    -----      -----    -----      -----    -----
  +--> ?PR?DELAY1MS?PUBLIC

?PR?ERROR_HANDLER?PUBLIC                     -----    -----      -----    -----      -----    -----
  +--> ?CO?PUBLIC

?PR?PROTOCOL?UART1                           -----    -----      -----    -----      -----    -----
  +--> ?CO?UART1
  +--> ?PR?PRINTF?PRINTF

?PR?_PROTOCOL_ANALYSIS?MODBUSRTU             -----    -----      -----    -----      -----    -----
  +--> ?PR?_MODBUS_READ_REGISTER?MODBUSRTU
  +--> ?PR?_MODBUS_WRITE_REGISTER?MODBUSRTU
  +--> ?CO?MODBUSRTU
  +--> ?PR?PRINTF?PRINTF

?PR?_MODBUS_READ_REGISTER?MODBUSRTU          -----    -----      -----    -----      -----    -----
  +--> ?CO?MODBUSRTU
  +--> ?PR?PRINTF?PRINTF

?PR?_MODBUS_WRITE_REGISTER?MODBUSRTU         -----    -----      -----    -----      -----    -----
  +--> ?CO?MODBUSRTU
  +--> ?PR?PRINTF?PRINTF

?PR?PROTOCOL?UART2                           -----    -----      -----    -----      -----    -----
  +--> ?CO?UART2
  +--> ?PR?PRINTF?PRINTF

?PR?INIT?WIFI                                -----    -----      -----    -----      -----    -----
  +--> ?CO?WIFI
  +--> ?PR?_STRSTR?STRSTR

?PR?_STRSTR?STRSTR                           -----    -----      -----    -----      010AH    000CH

?PR?SMARTCONFIG?WIFI                         -----    -----      -----    -----      -----    -----
  +--> ?CO?WIFI
  +--> ?PR?_SENDAT?WIFI
  +--> ?PR?_STRSTR?STRSTR

?PR?_SENDAT?WIFI                             -----    -----      -----    -----      -----    -----
  +--> ?CO?WIFI
  +--> ?PR?_STRSTR?STRSTR

?PR?TCP_CONNECT_SERVER?WIFI                  -----    -----      -----    -----      -----    -----
  +--> ?CO?WIFI
  +--> ?PR?PRINTF?PRINTF
  +--> ?PR?_SENDAT?WIFI

?PR?HEART?WIFI                               -----    -----      -----    -----      -----    -----
BL51 BANKED LINKER/LOCATER V6.22.2.0                                                  06/22/2024  17:33:49  PAGE 7


  +--> ?CO?WIFI
  +--> ?PR?_STRSTR?STRSTR

?PR?COMPUTER_TO_ESP12S?WIFI                  -----    -----      -----    -----      -----    -----
  +--> ?CO?WIFI
  +--> ?PR?_STRSTR?STRSTR
  +--> ?PR?PRINTF?PRINTF

?PR?ESP12S_TO_COMPUTER?WIFI                  -----    -----      -----    -----      -----    -----
  +--> ?CO?WIFI
  +--> ?PR?_STRSTR?STRSTR

?PR?INIT?TM1620                              -----    -----      -----    -----      -----    -----
  +--> ?PR?_TM1620_WRITE_BYTE?TM1620

?PR?_DISP_NUMBER?TM1620                      -----    -----      -----    -----      -----    -----
  +--> ?PR?_TM1620_WRITE_BYTE?TM1620
  +--> ?CO?TM1620

?PR?PWM_INIT?PWM                             -----    -----      -----    -----      -----    -----
  +--> ?PR?_READDUTY?PWM
  +--> ?PR?SET_BRIGHTNESS?PWM

?PR?PWM_LED_ADJUST_BRIGHTNESS?PWM            -----    -----      -----    -----      -----    -----
  +--> ?PR?SET_BRIGHTNESS?PWM

?PR?_READBYTE?EEPROM                         -----    -----      -----    -----      -----    -----
  +--> ?PR?IAPIDLE?EEPROM

?PR?_WRITEBYTE?EEPROM                        -----    -----      -----    -----      -----    -----
  +--> ?PR?IAPIDLE?EEPROM

?PR?_ERASESECTOR?EEPROM                      -----    -----      -----    -----      -----    -----
  +--> ?PR?IAPIDLE?EEPROM

?PR?START_I2C?IIC                            -----    -----      -----    -----      -----    -----
  +--> ?PR?DELAY?IIC

?PR?STOP_I2C?IIC                             -----    -----      -----    -----      -----    -----
  +--> ?PR?DELAY?IIC

?PR?_SENDBYTE?IIC                            -----    -----      -----    -----      -----    -----
  +--> ?PR?DELAY?IIC

?PR?RCVBYTE?IIC                              -----    -----      -----    -----      -----    -----
  +--> ?PR?DELAY?IIC

?PR?ACK_I2C?IIC                              -----    -----      -----    -----      -----    -----
  +--> ?PR?DELAY?IIC

?PR?NOACK_I2C?IIC                            -----    -----      -----    -----      -----    -----
  +--> ?PR?DELAY?IIC



SYMBOL TABLE OF MODULE:  .\Obj\IIC (MAIN)

BL51 BANKED LINKER/LOCATER V6.22.2.0                                                  06/22/2024  17:33:49  PAGE 8


  VALUE           TYPE          NAME
  ----------------------------------

  -------         MODULE        MAIN
  C:0000H         SYMBOL        _ICE_DUMMY_
  I:0026H         PUBLIC        flag11
  D:0080H         PUBLIC        P0
  D:0090H         PUBLIC        P1
  D:00A0H         PUBLIC        P2
  D:00B0H         PUBLIC        P3
  D:00C0H         PUBLIC        P4
  D:00C8H         PUBLIC        P5
  D:00E8H         PUBLIC        P6
  D:00F8H         PUBLIC        P7
  D:00A8H         PUBLIC        IE
  D:00B8H         PUBLIC        IP
  D:00D8H         PUBLIC        CCON
  C:1A78H         PUBLIC        main
  D:0098H         PUBLIC        SCON
  D:0088H         PUBLIC        TCON
  C:330BH         SYMBOL        _?ix1000
  C:3313H         SYMBOL        _?ix1001
  D:00D0H         PUBLIC        PSW
  -------         PROC          MAIN
  -------         DO            
  X:0187H         SYMBOL        main_i
  X:0188H         SYMBOL        array
  X:0190H         SYMBOL        array1
  -------         ENDDO         
  C:1A78H         LINE#         16
  C:1A78H         LINE#         17
  C:1A78H         LINE#         18
  C:1A7DH         LINE#         19
  C:1AA2H         LINE#         20
  C:1AC7H         LINE#         22
  C:1AD5H         LINE#         23
  C:1AF9H         LINE#         24
  C:1AF9H         LINE#         25
  C:1AF9H         LINE#         28
  C:1B1FH         LINE#         30
  C:1B2DH         LINE#         31
  C:1B3DH         LINE#         32
  C:1B3DH         LINE#         33
  C:1B66H         LINE#         34
  C:1B6EH         LINE#         35
  C:1B7CH         LINE#         37
  C:1B8CH         LINE#         38
  C:1B8CH         LINE#         39
  C:1B9EH         LINE#         40
  C:1BA6H         LINE#         42
  C:1BBCH         LINE#         43
  -------         ENDPROC       MAIN
  -------         ENDMOD        MAIN

  -------         MODULE        PUBLIC
  C:0000H         SYMBOL        _ICE_DUMMY_
  C:31A7H         PUBLIC        _Memory_Clr
BL51 BANKED LINKER/LOCATER V6.22.2.0                                                  06/22/2024  17:33:49  PAGE 9


  D:0080H         PUBLIC        P0
  D:0090H         PUBLIC        P1
  D:00A0H         PUBLIC        P2
  D:00B0H         PUBLIC        P3
  C:3496H         SYMBOL        Led_Flip
  D:00C0H         PUBLIC        P4
  C:337BH         SYMBOL        Delay1ms
  D:00C8H         PUBLIC        P5
  D:00E8H         PUBLIC        P6
  D:00F8H         PUBLIC        P7
  D:00A8H         PUBLIC        IE
  D:00B8H         PUBLIC        IP
  D:00D8H         PUBLIC        CCON
  C:331BH         SYMBOL        Error_Handler
  D:0098H         PUBLIC        SCON
  D:0088H         PUBLIC        TCON
  B:00B0H.4       PUBLIC        P34
  X:0132H         PUBLIC        Modbus_Regist
  D:00C7H         PUBLIC        IAP_CONTR
  C:003FH         SYMBOL        softReset
  C:3125H         SYMBOL        _Delayms
  X:0146H         PUBLIC        Public
  D:00D0H         PUBLIC        PSW
  -------         PROC          ERROR_HANDLER
  C:331BH         LINE#         27
  C:331BH         LINE#         28
  C:331BH         LINE#         29
  C:333FH         LINE#         30
  -------         ENDPROC       ERROR_HANDLER
  -------         PROC          SOFTRESET
  C:003FH         LINE#         33
  C:003FH         LINE#         34
  C:003FH         LINE#         35
  C:0042H         LINE#         36
  -------         ENDPROC       SOFTRESET
  -------         PROC          LED_FLIP
  C:3496H         LINE#         39
  C:3496H         LINE#         40
  C:3496H         LINE#         41
  C:3498H         LINE#         42
  -------         ENDPROC       LED_FLIP
  -------         PROC          _MEMORY_CLR
  X:0225H         SYMBOL        pucString
  X:0228H         SYMBOL        LEN
  C:31A7H         LINE#         45
  C:31B7H         LINE#         46
  C:31B7H         LINE#         47
  C:31CEH         LINE#         48
  C:31E4H         LINE#         49
  -------         ENDPROC       _MEMORY_CLR
  -------         PROC          _DELAYMS
  X:0229H         SYMBOL        ms
  -------         DO            
  X:022BH         SYMBOL        k
  -------         ENDDO         
  C:3125H         LINE#         53
  C:312DH         LINE#         54
BL51 BANKED LINKER/LOCATER V6.22.2.0                                                  06/22/2024  17:33:49  PAGE 10


  C:312DH         LINE#         56
  C:3152H         LINE#         57
  C:3152H         LINE#         58
  C:3155H         LINE#         59
  C:3165H         LINE#         60
  -------         ENDPROC       _DELAYMS
  -------         PROC          DELAY1MS
  -------         DO            
  D:0015H         SYMBOL        i
  D:0016H         SYMBOL        j
  -------         ENDDO         
  C:337BH         LINE#         63
  C:337BH         LINE#         64
  C:337BH         LINE#         67
  C:337CH         LINE#         68
  C:337DH         LINE#         69
  C:337EH         LINE#         70
  C:3381H         LINE#         71
  C:3384H         LINE#         73
  C:3384H         LINE#         74
  C:338BH         LINE#         75
  C:3392H         LINE#         76
  -------         ENDPROC       DELAY1MS
  -------         ENDMOD        PUBLIC

  -------         MODULE        IO_MODE
  C:0000H         SYMBOL        _ICE_DUMMY_
  X:01C1H         PUBLIC        IO_Mode
  D:0080H         PUBLIC        P0
  D:00B2H         PUBLIC        P3M0
  D:0090H         PUBLIC        P1
  D:00B1H         PUBLIC        P3M1
  D:00A0H         PUBLIC        P2
  D:00B0H         PUBLIC        P3
  D:00C0H         PUBLIC        P4
  D:00C8H         PUBLIC        P5
  D:00E8H         PUBLIC        P6
  D:00F8H         PUBLIC        P7
  D:00A8H         PUBLIC        IE
  D:00B8H         PUBLIC        IP
  C:000EH         SYMBOL        Push_Pull
  D:00D8H         PUBLIC        CCON
  C:33BFH         SYMBOL        Floating_Input
  D:0098H         PUBLIC        SCON
  D:0088H         PUBLIC        TCON
  B:00B0H.2       PUBLIC        P32
  B:00B0H.3       PUBLIC        P33
  B:00B0H.4       PUBLIC        P34
  C:3393H         SYMBOL        Quasi_bidirectional
  C:33AAH         SYMBOL        Open_Drain
  D:00D0H         PUBLIC        PSW
  -------         PROC          PUSH_PULL
  C:000EH         LINE#         18
  C:000EH         LINE#         19
  C:000EH         LINE#         21
  C:0011H         LINE#         22
  C:0014H         LINE#         23
BL51 BANKED LINKER/LOCATER V6.22.2.0                                                  06/22/2024  17:33:49  PAGE 11


  C:0014H         LINE#         24
  C:0014H         LINE#         25
  C:0017H         LINE#         26
  C:0017H         LINE#         27
  C:0019H         LINE#         28
  C:001BH         LINE#         29
  C:001EH         LINE#         30
  C:001EH         LINE#         31
  C:0020H         LINE#         32
  C:0020H         LINE#         33
  -------         ENDPROC       PUSH_PULL
  -------         PROC          OPEN_DRAIN
  C:33AAH         LINE#         37
  C:33AAH         LINE#         38
  C:33AAH         LINE#         40
  C:33ADH         LINE#         41
  C:33B0H         LINE#         42
  C:33B0H         LINE#         43
  C:33B0H         LINE#         44
  C:33B3H         LINE#         45
  C:33B3H         LINE#         46
  C:33B5H         LINE#         47
  C:33B7H         LINE#         48
  C:33BAH         LINE#         49
  C:33BAH         LINE#         50
  C:33BCH         LINE#         51
  C:33BCH         LINE#         52
  -------         ENDPROC       OPEN_DRAIN
  -------         PROC          FLOATING_INPUT
  C:33BFH         LINE#         56
  C:33BFH         LINE#         57
  C:33BFH         LINE#         59
  C:33C2H         LINE#         60
  C:33C5H         LINE#         61
  C:33C5H         LINE#         62
  C:33C5H         LINE#         63
  C:33C8H         LINE#         64
  C:33C8H         LINE#         65
  C:33CAH         LINE#         66
  C:33CCH         LINE#         67
  C:33CFH         LINE#         68
  C:33CFH         LINE#         69
  C:33D1H         LINE#         70
  C:33D1H         LINE#         71
  -------         ENDPROC       FLOATING_INPUT
  -------         PROC          QUASI_BIDIRECTIONAL
  C:3393H         LINE#         76
  C:3393H         LINE#         77
  C:3393H         LINE#         79
  C:3396H         LINE#         80
  C:3399H         LINE#         81
  C:339BH         LINE#         82
  C:339BH         LINE#         83
  C:339BH         LINE#         84
  C:339EH         LINE#         85
  C:339EH         LINE#         86
  C:33A0H         LINE#         87
BL51 BANKED LINKER/LOCATER V6.22.2.0                                                  06/22/2024  17:33:49  PAGE 12


  C:33A2H         LINE#         88
  C:33A5H         LINE#         89
  C:33A5H         LINE#         90
  C:33A7H         LINE#         91
  C:33A7H         LINE#         92
  -------         ENDPROC       QUASI_BIDIRECTIONAL
  -------         ENDMOD        IO_MODE

  -------         MODULE        UART1
  C:0000H         SYMBOL        _ICE_DUMMY_
  D:0080H         PUBLIC        P0
  D:0090H         PUBLIC        P1
  D:00A0H         PUBLIC        P2
  D:00B0H         PUBLIC        P3
  D:00C0H         PUBLIC        P4
  D:00C8H         PUBLIC        P5
  D:00E8H         PUBLIC        P6
  D:00F8H         PUBLIC        P7
  C:2791H         SYMBOL        _SendString
  X:0000H         SYMBOL        SendBuf_Data
  D:00A8H         PUBLIC        IE
  C:2979H         SYMBOL        _SendArray
  D:00B8H         PUBLIC        IP
  B:0098H.0       PUBLIC        RI
  B:0098H.1       PUBLIC        TI
  C:22C8H         PUBLIC        uart1_isr
  C:2FFCH         SYMBOL        _SendByte
  X:0032H         SYMBOL        Receive_Data
  D:00D8H         PUBLIC        CCON
  C:3362H         SYMBOL        Receive_Mode
  D:0099H         PUBLIC        SBUF
  D:0087H         PUBLIC        PCON
  B:00A0H.0       PUBLIC        P20
  D:0098H         PUBLIC        SCON
  D:0089H         PUBLIC        TMOD
  D:0088H         PUBLIC        TCON
  D:008EH         PUBLIC        AUXR
  D:00E0H         PUBLIC        ACC
  B:00A8H.3       PUBLIC        ET1
  B:0098H.2       PUBLIC        RB8
  D:008DH         PUBLIC        TH1
  B:0098H.3       PUBLIC        TB8
  B:00D0H.0       PUBLIC        P
  D:008BH         PUBLIC        TL1
  C:247AH         SYMBOL        Protocol
  B:0088H.6       PUBLIC        TR1
  C:2612H         SYMBOL        UART1_Init
  B:0098H.4       PUBLIC        REN
  X:0064H         PUBLIC        UART1
  D:00A2H         PUBLIC        AUXR1
  C:0026H         SYMBOL        Send_Mode
  D:00D0H         PUBLIC        PSW
  C:3340H         PUBLIC        _putchar
  -------         PROC          UART1_INIT
  C:2612H         LINE#         45
  C:2612H         LINE#         46
  C:2612H         LINE#         48
BL51 BANKED LINKER/LOCATER V6.22.2.0                                                  06/22/2024  17:33:49  PAGE 13


  C:2622H         LINE#         49
  C:2622H         LINE#         50
  C:2622H         LINE#         51
  C:2625H         LINE#         52
  C:2627H         LINE#         53
  C:2627H         LINE#         54
  C:262AH         LINE#         55
  C:262AH         LINE#         56
  C:262AH         LINE#         58
  C:2640H         LINE#         59
  C:2640H         LINE#         60
  C:2640H         LINE#         61
  C:2640H         LINE#         62
  C:2643H         LINE#         63
  C:2645H         LINE#         64
  C:2645H         LINE#         66
  C:2648H         LINE#         67
  C:264BH         LINE#         68
  C:264BH         LINE#         69
  C:264BH         LINE#         71
  C:264EH         LINE#         72
  C:2651H         LINE#         73
  C:2654H         LINE#         74
  C:2657H         LINE#         77
  C:2670H         LINE#         78
  C:2670H         LINE#         79
  C:2678H         LINE#         80
  C:2680H         LINE#         81
  C:2688H         LINE#         82
  C:2690H         LINE#         83
  C:2696H         LINE#         84
  C:2696H         LINE#         86
  C:2698H         LINE#         87
  C:269AH         LINE#         88
  C:269CH         LINE#         91
  C:26C7H         LINE#         92
  C:26CCH         LINE#         93
  C:26D1H         LINE#         94
  -------         ENDPROC       UART1_INIT
  -------         PROC          _SENDBYTE
  X:025BH         SYMBOL        dat
  -------         DO            
  B:0021H.5       SYMBOL        temp_P
  -------         ENDDO         
  C:2FFCH         LINE#         102
  C:3001H         LINE#         103
  C:3001H         LINE#         105
  C:300BH         LINE#         107
  C:3013H         LINE#         108
  C:3013H         LINE#         109
  C:3019H         LINE#         110
  C:301DH         LINE#         111
  C:3030H         LINE#         112
  C:3030H         LINE#         113
  C:3037H         LINE#         114
  C:303BH         LINE#         115
  C:303BH         LINE#         116
BL51 BANKED LINKER/LOCATER V6.22.2.0                                                  06/22/2024  17:33:49  PAGE 14


  C:303BH         LINE#         118
  C:3041H         LINE#         119
  C:3048H         LINE#         120
  -------         ENDPROC       _SENDBYTE
  -------         PROC          _SENDSTRING
  X:023DH         SYMBOL        str1
  -------         DO            
  I:001EH         SYMBOL        str_i
  -------         ENDDO         
  C:2791H         LINE#         123
  C:279CH         LINE#         124
  C:279CH         LINE#         125
  C:27A3H         LINE#         128
  C:27ACH         LINE#         129
  C:27ACH         LINE#         130
  C:27BAH         LINE#         131
  C:27BAH         LINE#         133
  C:27D7H         LINE#         134
  C:27D7H         LINE#         135
  C:2803H         LINE#         136
  C:280BH         LINE#         137
  C:280DH         LINE#         138
  C:2817H         LINE#         140
  C:2820H         LINE#         141
  C:2820H         LINE#         142
  C:2836H         LINE#         143
  C:2844H         LINE#         144
  C:2844H         LINE#         145
  -------         ENDPROC       _SENDSTRING
  -------         PROC          _SENDARRAY
  X:022DH         SYMBOL        array
  X:0230H         SYMBOL        LEN
  C:2979H         LINE#         148
  C:2989H         LINE#         149
  C:2989H         LINE#         151
  C:2992H         LINE#         152
  C:2992H         LINE#         153
  C:29A0H         LINE#         154
  C:29A0H         LINE#         156
  C:29AAH         LINE#         157
  C:29AAH         LINE#         158
  C:29D0H         LINE#         159
  C:29D2H         LINE#         160
  C:29DCH         LINE#         162
  C:29E5H         LINE#         163
  C:29E5H         LINE#         164
  C:29FBH         LINE#         165
  C:2A09H         LINE#         166
  C:2A09H         LINE#         167
  -------         ENDPROC       _SENDARRAY
  -------         PROC          _PUTCHAR
  X:025CH         SYMBOL        C
  C:3340H         LINE#         170
  C:3345H         LINE#         171
  C:3345H         LINE#         172
  C:335CH         LINE#         173
  C:3361H         LINE#         174
BL51 BANKED LINKER/LOCATER V6.22.2.0                                                  06/22/2024  17:33:49  PAGE 15


  -------         ENDPROC       _PUTCHAR
  -------         PROC          SEND_MODE
  C:0026H         LINE#         177
  C:0026H         LINE#         178
  C:0026H         LINE#         179
  C:0028H         LINE#         180
  C:003EH         LINE#         181
  -------         ENDPROC       SEND_MODE
  -------         PROC          RECEIVE_MODE
  C:3362H         LINE#         184
  C:3362H         LINE#         185
  C:3362H         LINE#         186
  C:3378H         LINE#         187
  C:337AH         LINE#         188
  -------         ENDPROC       RECEIVE_MODE
  -------         PROC          PROTOCOL
  -------         DO            
  B:0021H.6       SYMBOL        Receive_8_Byte
  -------         ENDDO         
  C:247AH         LINE#         191
  C:247AH         LINE#         192
  C:247AH         LINE#         193
  C:247CH         LINE#         194
  C:2489H         LINE#         195
  C:2489H         LINE#         197
  C:249CH         LINE#         198
  C:249CH         LINE#         199
  C:24A3H         LINE#         201
  C:24AEH         LINE#         202
  C:24AEH         LINE#         203
  C:24BEH         LINE#         204
  C:24BEH         LINE#         205
  C:24C0H         LINE#         206
  C:24C0H         LINE#         207
  C:24C0H         LINE#         208
  C:24C0H         LINE#         209
  C:24C3H         LINE#         210
  C:24C3H         LINE#         211
  C:24E6H         LINE#         212
  C:24E8H         LINE#         214
  C:24E8H         LINE#         216
  C:24F6H         LINE#         217
  C:24FFH         LINE#         218
  C:250DH         LINE#         220
  C:250DH         LINE#         221
  C:250DH         LINE#         223
  C:253BH         LINE#         224
  C:2540H         LINE#         225
  C:2545H         LINE#         226
  C:2545H         LINE#         227
  -------         ENDPROC       PROTOCOL
  -------         PROC          UART1_ISR
  -------         DO            
  X:025DH         SYMBOL        temp_SBUF
  B:0021H.1       SYMBOL        temp_RB8
  B:0021H.2       SYMBOL        temp_p
  -------         ENDDO         
BL51 BANKED LINKER/LOCATER V6.22.2.0                                                  06/22/2024  17:33:49  PAGE 16


  C:22C8H         LINE#         235
  C:22D3H         LINE#         241
  C:22D6H         LINE#         242
  C:22D6H         LINE#         243
  C:22D8H         LINE#         244
  C:22DDH         LINE#         245
  C:22DDH         LINE#         247
  C:22E3H         LINE#         248
  C:22E3H         LINE#         249
  C:22E5H         LINE#         250
  C:22EBH         LINE#         251
  C:22EFH         LINE#         252
  C:22F5H         LINE#         253
  C:22F9H         LINE#         254
  C:2307H         LINE#         255
  C:2307H         LINE#         256
  C:231DH         LINE#         257
  C:231DH         LINE#         258
  C:231DH         LINE#         260
  C:2326H         LINE#         261
  C:2326H         LINE#         262
  C:2346H         LINE#         263
  C:2346H         LINE#         264
  C:2348H         LINE#         265
  C:2348H         LINE#         266
  C:2350H         LINE#         267
  C:2350H         LINE#         268
  C:2370H         LINE#         269
  C:2370H         LINE#         270
  C:2372H         LINE#         271
  C:2372H         LINE#         272
  C:2392H         LINE#         273
  C:2392H         LINE#         274
  C:2392H         LINE#         275
  C:2392H         LINE#         276
  C:2398H         LINE#         277
  C:2398H         LINE#         278
  -------         ENDPROC       UART1_ISR
  -------         ENDMOD        UART1

  -------         MODULE        SYSINIT
  C:0000H         SYMBOL        _ICE_DUMMY_
  D:0093H         PUBLIC        P0M1
  C:2845H         SYMBOL        System_Init
  D:0096H         PUBLIC        P2M0
  D:0080H         PUBLIC        P0
  D:00B2H         PUBLIC        P3M0
  D:0095H         PUBLIC        P2M1
  D:0090H         PUBLIC        P1
  D:00B1H         PUBLIC        P3M1
  D:00A0H         PUBLIC        P2
  D:00CAH         PUBLIC        P5M0
  D:00B0H         PUBLIC        P3
  D:00C9H         PUBLIC        P5M1
  D:00C0H         PUBLIC        P4
  C:345FH         SYMBOL        IE_Init
  D:00C8H         PUBLIC        P5
BL51 BANKED LINKER/LOCATER V6.22.2.0                                                  06/22/2024  17:33:49  PAGE 17


  B:00A8H.7       PUBLIC        EA
  D:00E8H         PUBLIC        P6
  D:00F8H         PUBLIC        P7
  D:00A8H         PUBLIC        IE
  B:00A8H.4       PUBLIC        ES
  D:00B8H         PUBLIC        IP
  C:325DH         SYMBOL        Run_Indication
  D:00D8H         PUBLIC        CCON
  C:3222H         SYMBOL        GPIO_Init
  X:01CDH         PUBLIC        Hardware_Init
  D:0098H         PUBLIC        SCON
  D:0088H         PUBLIC        TCON
  B:00B0H.4       PUBLIC        P34
  B:00B0H.5       PUBLIC        P35
  B:00C8H.4       PUBLIC        P54
  B:00C8H.5       PUBLIC        P55
  D:00AFH         PUBLIC        IE2
  B:00A8H.1       PUBLIC        ET0
  B:0088H.0       PUBLIC        IT0
  B:00A8H.0       PUBLIC        EX0
  D:00D0H         PUBLIC        PSW
  D:0094H         PUBLIC        P0M0
  -------         PROC          GPIO_INIT
  C:3222H         LINE#         20
  C:3222H         LINE#         21
  C:3222H         LINE#         30
  C:3225H         LINE#         31
  C:3228H         LINE#         32
  C:322BH         LINE#         38
  C:322EH         LINE#         39
  C:3231H         LINE#         40
  C:3233H         LINE#         45
  C:3236H         LINE#         46
  C:3239H         LINE#         48
  C:323CH         LINE#         51
  C:323FH         LINE#         52
  C:3242H         LINE#         53
  C:3244H         LINE#         54
  C:3246H         LINE#         56
  C:325CH         LINE#         57
  -------         ENDPROC       GPIO_INIT
  -------         PROC          IE_INIT
  C:345FH         LINE#         60
  C:345FH         LINE#         61
  C:345FH         LINE#         62
  C:3461H         LINE#         63
  C:3463H         LINE#         64
  C:3465H         LINE#         66
  C:3467H         LINE#         67
  C:346AH         LINE#         69
  C:346CH         LINE#         70
  -------         ENDPROC       IE_INIT
  -------         PROC          RUN_INDICATION
  -------         DO            
  X:025EH         SYMBOL        i
  -------         ENDDO         
  C:325DH         LINE#         73
BL51 BANKED LINKER/LOCATER V6.22.2.0                                                  06/22/2024  17:33:49  PAGE 18


  C:325DH         LINE#         74
  C:325DH         LINE#         75
  C:3262H         LINE#         76
  C:3272H         LINE#         77
  C:3272H         LINE#         78
  C:3274H         LINE#         79
  C:328AH         LINE#         80
  C:3292H         LINE#         81
  -------         ENDPROC       RUN_INDICATION
  -------         PROC          SYSTEM_INIT
  C:2845H         LINE#         84
  C:2845H         LINE#         85
  C:2845H         LINE#         86
  C:285BH         LINE#         87
  C:2869H         LINE#         88
  C:2877H         LINE#         89
  C:2885H         LINE#         90
  C:2892H         LINE#         91
  C:28A0H         LINE#         92
  C:28AEH         LINE#         93
  C:28BCH         LINE#         94
  C:28CAH         LINE#         95
  C:28D8H         LINE#         96
  C:28E6H         LINE#         97
  -------         ENDPROC       SYSTEM_INIT
  -------         ENDMOD        SYSINIT

  -------         MODULE        CRC16
  C:0000H         SYMBOL        _ICE_DUMMY_
  D:0080H         PUBLIC        P0
  D:0090H         PUBLIC        P1
  D:00A0H         PUBLIC        P2
  D:00B0H         PUBLIC        P3
  D:00C0H         PUBLIC        P4
  D:00C8H         PUBLIC        P5
  D:00E8H         PUBLIC        P6
  D:00F8H         PUBLIC        P7
  D:00A8H         PUBLIC        IE
  D:00B8H         PUBLIC        IP
  C:210CH         SYMBOL        _CRC_Check
  X:0201H         PUBLIC        CRC_16
  D:00D8H         PUBLIC        CCON
  D:0098H         PUBLIC        SCON
  D:0088H         PUBLIC        TCON
  D:00D0H         PUBLIC        PSW
  -------         PROC          _CRC_CHECK
  X:01F9H         SYMBOL        CRC_Ptr
  X:01FCH         SYMBOL        LEN
  -------         DO            
  X:01FDH         SYMBOL        CRC
  X:01FFH         SYMBOL        CRC_i
  X:0200H         SYMBOL        CRC_j
  -------         ENDDO         
  C:210CH         LINE#         15
  C:211CH         LINE#         16
  C:211CH         LINE#         17
  C:2124H         LINE#         18
BL51 BANKED LINKER/LOCATER V6.22.2.0                                                  06/22/2024  17:33:49  PAGE 19


  C:2129H         LINE#         19
  C:212EH         LINE#         21
  C:2138H         LINE#         22
  C:214FH         LINE#         23
  C:214FH         LINE#         24
  C:2180H         LINE#         25
  C:2190H         LINE#         26
  C:2190H         LINE#         27
  C:219CH         LINE#         28
  C:21BDH         LINE#         30
  C:21D4H         LINE#         31
  C:21DCH         LINE#         32
  C:21E5H         LINE#         34
  C:21EDH         LINE#         35
  -------         ENDPROC       _CRC_CHECK
  -------         ENDMOD        CRC16

  -------         MODULE        MODBUSRTU
  C:0000H         SYMBOL        _ICE_DUMMY_
  D:0080H         PUBLIC        P0
  D:0090H         PUBLIC        P1
  C:15B8H         SYMBOL        _Protocol_Analysis
  D:00A0H         PUBLIC        P2
  D:00B0H         PUBLIC        P3
  D:00C0H         PUBLIC        P4
  D:00C8H         PUBLIC        P5
  D:00E8H         PUBLIC        P6
  D:00F8H         PUBLIC        P7
  C:11CCH         SYMBOL        _Modbus_Write_Register
  D:00A8H         PUBLIC        IE
  D:00B8H         PUBLIC        IP
  D:00D8H         PUBLIC        CCON
  D:0098H         PUBLIC        SCON
  D:0088H         PUBLIC        TCON
  I:0022H         PUBLIC        Modbus
  C:0046H         SYMBOL        _Modbus_Read_Register
  D:00D0H         PUBLIC        PSW
  -------         PROC          _PROTOCOL_ANALYSIS
  X:020FH         SYMBOL        UART
  -------         DO            
  X:0212H         SYMBOL        COM
  -------         ENDDO         
  C:15B8H         LINE#         19
  C:15C3H         LINE#         20
  C:15C3H         LINE#         21
  C:15D9H         LINE#         24
  C:15FCH         LINE#         25
  C:15FCH         LINE#         27
  C:1638H         LINE#         28
  C:1649H         LINE#         29
  C:1656H         LINE#         31
  C:16F5H         LINE#         34
  C:16F5H         LINE#         37
  C:1717H         LINE#         38
  C:1717H         LINE#         39
  C:1725H         LINE#         40
  C:1726H         LINE#         41
BL51 BANKED LINKER/LOCATER V6.22.2.0                                                  06/22/2024  17:33:49  PAGE 20


  C:1748H         LINE#         42
  C:1748H         LINE#         43
  C:1756H         LINE#         44
  C:1756H         LINE#         45
  C:1757H         LINE#         47
  C:1757H         LINE#         49
  C:1765H         LINE#         50
  C:176EH         LINE#         51
  C:177CH         LINE#         53
  C:177CH         LINE#         54
  C:177CH         LINE#         55
  -------         ENDPROC       _PROTOCOL_ANALYSIS
  -------         PROC          _MODBUS_READ_REGISTER
  X:01A7H         SYMBOL        UART
  -------         DO            
  X:01AAH         SYMBOL        COM
  X:01ADH         SYMBOL        Start_Regist_Addr
  X:01AFH         SYMBOL        Read_Regist_Num
  X:01B1H         SYMBOL        Check_LEN
  X:01B2H         SYMBOL        Read_Reg_i
  X:01B3H         SYMBOL        Read_Reg_j
  -------         ENDDO         
  C:0046H         LINE#         64
  C:0051H         LINE#         65
  C:0051H         LINE#         66
  C:0067H         LINE#         67
  C:006FH         LINE#         68
  C:0077H         LINE#         69
  C:007DH         LINE#         73
  C:00DDH         LINE#         75
  C:013DH         LINE#         77
  C:0187H         LINE#         78
  C:0187H         LINE#         80
  C:01A3H         LINE#         82
  C:01C2H         LINE#         84
  C:01ECH         LINE#         86
  C:020AH         LINE#         87
  C:020AH         LINE#         88
  C:023AH         LINE#         89
  C:023AH         LINE#         90
  C:0248H         LINE#         91
  C:0248H         LINE#         92
  C:02B5H         LINE#         93
  C:02B7H         LINE#         95
  C:02B7H         LINE#         96
  C:0320H         LINE#         97
  C:0320H         LINE#         98
  C:0329H         LINE#         99
  C:0330H         LINE#         100
  C:0339H         LINE#         103
  C:0378H         LINE#         104
  C:03A4H         LINE#         105
  C:03D4H         LINE#         108
  C:0414H         LINE#         109
  C:0415H         LINE#         110
  C:0434H         LINE#         111
  C:0434H         LINE#         113
BL51 BANKED LINKER/LOCATER V6.22.2.0                                                  06/22/2024  17:33:49  PAGE 21


  C:0442H         LINE#         114
  C:044BH         LINE#         115
  C:0459H         LINE#         117
  C:045AH         LINE#         119
  C:045AH         LINE#         121
  C:0468H         LINE#         122
  C:0471H         LINE#         123
  C:047FH         LINE#         125
  C:047FH         LINE#         126
  -------         ENDPROC       _MODBUS_READ_REGISTER
  -------         PROC          _MODBUS_WRITE_REGISTER
  X:01D9H         SYMBOL        UART
  -------         DO            
  X:01DCH         SYMBOL        COM
  X:01DFH         SYMBOL        Write_RegAddr
  X:01E1H         SYMBOL        Write_RegData
  X:01E3H         SYMBOL        Send_i
  -------         ENDDO         
  C:11CCH         LINE#         135
  C:11D7H         LINE#         136
  C:11D7H         LINE#         137
  C:11EDH         LINE#         138
  C:11F5H         LINE#         139
  C:11FDH         LINE#         142
  C:120DH         LINE#         143
  C:120DH         LINE#         144
  C:1251H         LINE#         145
  C:1259H         LINE#         146
  C:1296H         LINE#         148
  C:12F6H         LINE#         149
  C:1356H         LINE#         152
  C:1375H         LINE#         153
  C:1375H         LINE#         154
  C:139BH         LINE#         155
  C:139CH         LINE#         157
  C:139CH         LINE#         159
  C:13AAH         LINE#         160
  C:13B3H         LINE#         161
  C:13C1H         LINE#         163
  C:13C1H         LINE#         164
  -------         ENDPROC       _MODBUS_WRITE_REGISTER
  -------         ENDMOD        MODBUSRTU

  -------         MODULE        TIMER0
  C:0000H         SYMBOL        _ICE_DUMMY_
  D:0080H         PUBLIC        P0
  D:0090H         PUBLIC        P1
  D:00A0H         PUBLIC        P2
  D:00B0H         PUBLIC        P3
  D:00C0H         PUBLIC        P4
  D:00C8H         PUBLIC        P5
  D:00E8H         PUBLIC        P6
  D:00F8H         PUBLIC        P7
  D:00A8H         PUBLIC        IE
  D:00B8H         PUBLIC        IP
  D:00D8H         PUBLIC        CCON
  C:340FH         SYMBOL        Timer0_Init
BL51 BANKED LINKER/LOCATER V6.22.2.0                                                  06/22/2024  17:33:49  PAGE 22


  I:0017H         PUBLIC        Timer0
  D:0098H         PUBLIC        SCON
  D:0089H         PUBLIC        TMOD
  D:0088H         PUBLIC        TCON
  D:008EH         PUBLIC        AUXR
  B:0088H.5       PUBLIC        TF0
  D:008CH         PUBLIC        TH0
  D:008AH         PUBLIC        TL0
  B:0088H.4       PUBLIC        TR0
  C:28E7H         PUBLIC        Timer0_isr
  D:00D0H         PUBLIC        PSW
  -------         PROC          TIMER0_INIT
  C:340FH         LINE#         22
  C:340FH         LINE#         23
  C:340FH         LINE#         24
  C:3412H         LINE#         25
  C:3415H         LINE#         26
  C:3418H         LINE#         27
  C:341BH         LINE#         28
  C:341DH         LINE#         29
  C:341FH         LINE#         30
  -------         ENDPROC       TIMER0_INIT
  -------         PROC          TIMER0_ISR
  C:28E7H         LINE#         38
  C:2904H         LINE#         40
  C:290CH         LINE#         41
  C:290CH         LINE#         42
  C:2917H         LINE#         43
  C:2917H         LINE#         44
  C:291BH         LINE#         45
  C:2929H         LINE#         46
  C:2929H         LINE#         47
  C:292BH         LINE#         49
  C:292BH         LINE#         50
  C:2936H         LINE#         51
  C:2936H         LINE#         52
  C:293AH         LINE#         53
  C:2948H         LINE#         54
  C:2948H         LINE#         55
  C:2948H         LINE#         56
  C:2950H         LINE#         57
  C:295EH         LINE#         58
  -------         ENDPROC       TIMER0_ISR
  -------         ENDMOD        TIMER0

  -------         MODULE        UART2
  C:0000H         SYMBOL        _ICE_DUMMY_
  D:0080H         PUBLIC        P0
  D:0090H         PUBLIC        P1
  D:00A0H         PUBLIC        P2
  D:00B0H         PUBLIC        P3
  D:00C0H         PUBLIC        P4
  D:00C8H         PUBLIC        P5
  D:00E8H         PUBLIC        P6
  D:00F8H         PUBLIC        P7
  C:2E1AH         SYMBOL        _SendString
  D:00BAH         PUBLIC        P_SW2
BL51 BANKED LINKER/LOCATER V6.22.2.0                                                  06/22/2024  17:33:49  PAGE 23


  D:00A8H         PUBLIC        IE
  C:3049H         SYMBOL        _SendArray
  D:00B8H         PUBLIC        IP
  C:1F1BH         PUBLIC        uart2_isr
  C:2D2AH         SYMBOL        _SendByte
  D:00D8H         PUBLIC        CCON
  C:349AH         SYMBOL        Receive_Mode
  D:0098H         PUBLIC        SCON
  D:0088H         PUBLIC        TCON
  D:00AFH         PUBLIC        IE2
  D:008EH         PUBLIC        AUXR
  D:00E0H         PUBLIC        ACC
  D:00D6H         PUBLIC        T2H
  B:00D0H.0       PUBLIC        P
  D:00D7H         PUBLIC        T2L
  C:2546H         SYMBOL        Protocol
  D:009BH         PUBLIC        S2BUF
  X:0085H         SYMBOL        UART2_pucSend_Buffer
  C:2A96H         SYMBOL        UART2_Init
  D:009AH         PUBLIC        S2CON
  X:00B7H         PUBLIC        UART2
  C:3499H         SYMBOL        Send_Mode
  X:00D8H         SYMBOL        UART2_pucRec_Buffer
  D:00D0H         PUBLIC        PSW
  -------         PROC          UART2_INIT
  C:2A96H         LINE#         48
  C:2A96H         LINE#         49
  C:2A96H         LINE#         54
  C:2A99H         LINE#         55
  C:2A9CH         LINE#         56
  C:2A9FH         LINE#         58
  C:2AB8H         LINE#         59
  C:2AB8H         LINE#         60
  C:2AC0H         LINE#         61
  C:2AC8H         LINE#         62
  C:2AD0H         LINE#         63
  C:2AD8H         LINE#         64
  C:2ADEH         LINE#         65
  C:2ADEH         LINE#         67
  C:2AE1H         LINE#         68
  C:2AE4H         LINE#         69
  C:2AE7H         LINE#         72
  C:2B12H         LINE#         73
  C:2B17H         LINE#         74
  C:2B1CH         LINE#         75
  -------         ENDPROC       UART2_INIT
  -------         PROC          _SENDBYTE
  X:0249H         SYMBOL        dat
  -------         DO            
  X:024AH         SYMBOL        temp_P
  -------         ENDDO         
  C:2D2AH         LINE#         83
  C:2D2FH         LINE#         84
  C:2D2FH         LINE#         85
  C:2D34H         LINE#         86
  C:2D3EH         LINE#         87
  C:2D46H         LINE#         88
BL51 BANKED LINKER/LOCATER V6.22.2.0                                                  06/22/2024  17:33:49  PAGE 24


  C:2D46H         LINE#         89
  C:2D4CH         LINE#         90
  C:2D65H         LINE#         91
  C:2D78H         LINE#         92
  C:2D78H         LINE#         93
  C:2D78H         LINE#         94
  C:2D80H         LINE#         95
  C:2D80H         LINE#         96
  C:2D83H         LINE#         97
  C:2D85H         LINE#         99
  C:2D85H         LINE#         100
  C:2D88H         LINE#         101
  C:2D88H         LINE#         102
  C:2D8AH         LINE#         103
  C:2D8AH         LINE#         104
  C:2D92H         LINE#         105
  C:2D92H         LINE#         107
  C:2D95H         LINE#         108
  C:2D97H         LINE#         110
  C:2D97H         LINE#         111
  C:2D9AH         LINE#         112
  C:2D9AH         LINE#         113
  C:2D9AH         LINE#         114
  C:2D9AH         LINE#         115
  C:2D9AH         LINE#         117
  C:2DA0H         LINE#         118
  C:2DA7H         LINE#         119
  -------         ENDPROC       _SENDBYTE
  -------         PROC          _SENDSTRING
  X:0231H         SYMBOL        str
  -------         DO            
  X:0234H         SYMBOL        str_ii
  -------         ENDDO         
  C:2E1AH         LINE#         122
  C:2E25H         LINE#         123
  C:2E25H         LINE#         124
  C:2E2AH         LINE#         126
  C:2E46H         LINE#         127
  C:2E46H         LINE#         128
  C:2E71H         LINE#         129
  C:2E77H         LINE#         130
  C:2E79H         LINE#         131
  C:2E83H         LINE#         132
  -------         ENDPROC       _SENDSTRING
  -------         PROC          _SENDARRAY
  X:0235H         SYMBOL        array
  X:0238H         SYMBOL        LEN
  C:3049H         LINE#         135
  C:3059H         LINE#         136
  C:3059H         LINE#         137
  C:3063H         LINE#         138
  C:3063H         LINE#         139
  C:3089H         LINE#         140
  C:308BH         LINE#         141
  C:3095H         LINE#         142
  -------         ENDPROC       _SENDARRAY
  -------         PROC          PROTOCOL
BL51 BANKED LINKER/LOCATER V6.22.2.0                                                  06/22/2024  17:33:49  PAGE 25


  -------         DO            
  B:0021H.7       SYMBOL        Receive_8_Byte
  -------         ENDDO         
  C:2546H         LINE#         147
  C:2546H         LINE#         148
  C:2546H         LINE#         149
  C:2548H         LINE#         150
  C:2555H         LINE#         151
  C:2555H         LINE#         153
  C:2568H         LINE#         154
  C:2568H         LINE#         155
  C:256FH         LINE#         157
  C:257AH         LINE#         158
  C:257AH         LINE#         159
  C:258AH         LINE#         160
  C:258AH         LINE#         161
  C:258CH         LINE#         162
  C:258CH         LINE#         163
  C:258CH         LINE#         164
  C:258CH         LINE#         165
  C:258FH         LINE#         166
  C:258FH         LINE#         167
  C:25B2H         LINE#         168
  C:25B4H         LINE#         170
  C:25B4H         LINE#         172
  C:25C2H         LINE#         173
  C:25CBH         LINE#         174
  C:25D9H         LINE#         176
  C:25D9H         LINE#         177
  C:25D9H         LINE#         179
  C:2607H         LINE#         180
  C:260CH         LINE#         181
  C:2611H         LINE#         182
  C:2611H         LINE#         183
  -------         ENDPROC       PROTOCOL
  -------         PROC          SEND_MODE
  C:3499H         LINE#         186
  C:3499H         LINE#         187
  C:3499H         LINE#         189
  -------         ENDPROC       SEND_MODE
  -------         PROC          RECEIVE_MODE
  C:349AH         LINE#         192
  C:349AH         LINE#         193
  C:349AH         LINE#         195
  -------         ENDPROC       RECEIVE_MODE
  -------         PROC          UART2_ISR
  -------         DO            
  I:0027H         SYMBOL        temp_SBUF
  B:0021H.3       SYMBOL        temp_RB8
  B:0021H.4       SYMBOL        temp_p
  -------         ENDDO         
  C:1F1BH         LINE#         204
  C:1F32H         LINE#         212
  C:1F37H         LINE#         213
  C:1F37H         LINE#         214
  C:1F3AH         LINE#         215
  C:1F3FH         LINE#         216
BL51 BANKED LINKER/LOCATER V6.22.2.0                                                  06/22/2024  17:33:49  PAGE 26


  C:1F3FH         LINE#         219
  C:1F47H         LINE#         220
  C:1F47H         LINE#         221
  C:1F4AH         LINE#         222
  C:1F4EH         LINE#         223
  C:1F5EH         LINE#         226
  C:1F63H         LINE#         227
  C:1F67H         LINE#         229
  C:1F75H         LINE#         230
  C:1F75H         LINE#         231
  C:1F8BH         LINE#         232
  C:1F8BH         LINE#         233
  C:1F8BH         LINE#         235
  C:1F94H         LINE#         236
  C:1F94H         LINE#         237
  C:1FB3H         LINE#         238
  C:1FB3H         LINE#         239
  C:1FB5H         LINE#         240
  C:1FB5H         LINE#         241
  C:1FBDH         LINE#         242
  C:1FBDH         LINE#         243
  C:1FDCH         LINE#         244
  C:1FDCH         LINE#         245
  C:1FDEH         LINE#         246
  C:1FDEH         LINE#         247
  C:1FFDH         LINE#         248
  C:1FFDH         LINE#         249
  C:1FFDH         LINE#         250
  C:1FFDH         LINE#         251
  C:2003H         LINE#         252
  C:2003H         LINE#         253
  -------         ENDPROC       UART2_ISR
  -------         ENDMOD        UART2

  -------         MODULE        WIFI
  C:0000H         SYMBOL        _ICE_DUMMY_
  D:0080H         PUBLIC        P0
  D:0090H         PUBLIC        P1
  D:00A0H         PUBLIC        P2
  D:00B0H         PUBLIC        P3
  D:00C0H         PUBLIC        P4
  D:00C8H         PUBLIC        P5
  D:00E8H         PUBLIC        P6
  D:00F8H         PUBLIC        P7
  C:349BH         SYMBOL        Send_data
  D:00A8H         PUBLIC        IE
  C:1BC0H         SYMBOL        Init
  D:00B8H         PUBLIC        IP
  C:2018H         SYMBOL        ESP12S_to_Computer
  C:13C2H         SYMBOL        Computer_to_ESP12S
  X:0156H         PUBLIC        esp12s
  C:177DH         SYMBOL        _SendAT
  D:00D8H         PUBLIC        CCON
  B:0080H.2       PUBLIC        P02
  B:0080H.3       PUBLIC        P03
  D:0098H         PUBLIC        SCON
  D:0088H         PUBLIC        TCON
BL51 BANKED LINKER/LOCATER V6.22.2.0                                                  06/22/2024  17:33:49  PAGE 27


  X:016BH         PUBLIC        WiFi_Debug
  C:349CH         SYMBOL        Receive_data
  C:0AD3H         SYMBOL        SmartConfig
  C:07E5H         SYMBOL        TCP_Connect_Server
  C:1E15H         SYMBOL        Heart
  D:00D0H         PUBLIC        PSW
  -------         PROC          INIT
  C:1BC0H         LINE#         47
  C:1BC0H         LINE#         48
  C:1BC0H         LINE#         50
  C:1BC2H         LINE#         51
  C:1BD8H         LINE#         52
  C:1BDAH         LINE#         54
  C:1BDCH         LINE#         56
  C:1BE3H         LINE#         57
  C:1BE7H         LINE#         59
  C:1BE7H         LINE#         61
  C:1C15H         LINE#         62
  C:1C1AH         LINE#         63
  C:1C1FH         LINE#         66
  C:1C43H         LINE#         67
  C:1C59H         LINE#         70
  C:1C69H         LINE#         71
  C:1C69H         LINE#         72
  C:1C8DH         LINE#         73
  C:1C8FH         LINE#         74
  C:1C8FH         LINE#         75
  C:1CDCH         LINE#         78
  C:1CF2H         LINE#         79
  C:1CF6H         LINE#         80
  -------         ENDPROC       INIT
  -------         PROC          _SENDAT
  X:0198H         SYMBOL        SendCommand
  X:019BH         SYMBOL        RespondString
  X:019EH         SYMBOL        OutTime
  -------         DO            
  X:01A0H         SYMBOL        OK_Flag
  X:01A1H         SYMBOL        temp_SendCommand
  X:01A4H         SYMBOL        temp_RespondString
  -------         ENDDO         
  C:177DH         LINE#         91
  C:1788H         LINE#         92
  C:1788H         LINE#         93
  C:178EH         LINE#         94
  C:17A4H         LINE#         95
  C:17BAH         LINE#         97
  C:17E8H         LINE#         98
  C:17EDH         LINE#         99
  C:17F2H         LINE#         101
  C:181BH         LINE#         103
  C:1822H         LINE#         105
  C:18BBH         LINE#         106
  C:18BBH         LINE#         107
  C:18D4H         LINE#         108
  C:18D4H         LINE#         110
  C:18E2H         LINE#         111
  C:18E7H         LINE#         112
BL51 BANKED LINKER/LOCATER V6.22.2.0                                                  06/22/2024  17:33:49  PAGE 28


  C:18E7H         LINE#         113
  C:18E7H         LINE#         114
  C:18E7H         LINE#         117
  C:1915H         LINE#         118
  C:191AH         LINE#         119
  C:191FH         LINE#         121
  C:1924H         LINE#         122
  -------         ENDPROC       _SENDAT
  -------         PROC          SMARTCONFIG
  C:0AD3H         LINE#         131
  C:0AD3H         LINE#         132
  C:0AD3H         LINE#         134
  C:0AE0H         LINE#         135
  C:0AE0H         LINE#         136
  C:0AE4H         LINE#         138
  C:0AF1H         LINE#         139
  C:0AF1H         LINE#         140
  C:0B15H         LINE#         141
  C:0B39H         LINE#         142
  C:0B5DH         LINE#         143
  C:0B81H         LINE#         145
  C:0B97H         LINE#         146
  C:0B97H         LINE#         148
  C:0BC6H         LINE#         149
  C:0BF5H         LINE#         150
  C:0C24H         LINE#         151
  C:0C53H         LINE#         155
  C:0C82H         LINE#         159
  C:0C89H         LINE#         160
  C:0C9CH         LINE#         161
  C:0C9CH         LINE#         162
  C:0CE6H         LINE#         163
  C:0CE6H         LINE#         164
  C:0D0AH         LINE#         166
  C:0D20H         LINE#         167
  C:0D36H         LINE#         168
  C:0D4CH         LINE#         169
  C:0D4CH         LINE#         170
  C:0D4CH         LINE#         171
  C:0D4CH         LINE#         173
  C:0D50H         LINE#         175
  C:0D5EH         LINE#         176
  C:0D5EH         LINE#         177
  -------         ENDPROC       SMARTCONFIG
  -------         PROC          TCP_CONNECT_SERVER
  -------         DO            
  X:024BH         SYMBOL        OK_Flag
  X:024CH         SYMBOL        State
  -------         ENDDO         
  C:07E5H         LINE#         186
  C:07E5H         LINE#         187
  C:07E5H         LINE#         188
  C:07EAH         LINE#         189
  C:07EFH         LINE#         191
  C:0813H         LINE#         193
  C:0829H         LINE#         195
  C:0830H         LINE#         196
BL51 BANKED LINKER/LOCATER V6.22.2.0                                                  06/22/2024  17:33:49  PAGE 29


  C:0834H         LINE#         197
  C:0841H         LINE#         198
  C:0841H         LINE#         199
  C:084FH         LINE#         200
  C:086CH         LINE#         201
  C:087AH         LINE#         203
  C:089CH         LINE#         204
  C:089CH         LINE#         205
  C:089CH         LINE#         206
  C:08D0H         LINE#         207
  C:08D9H         LINE#         208
  C:08E2H         LINE#         210
  C:08E8H         LINE#         211
  C:08EBH         LINE#         212
  C:08EBH         LINE#         213
  C:091AH         LINE#         214
  C:0923H         LINE#         215
  C:092CH         LINE#         217
  C:0932H         LINE#         218
  C:0935H         LINE#         219
  C:0935H         LINE#         220
  C:0964H         LINE#         221
  C:096DH         LINE#         222
  C:0976H         LINE#         224
  C:097CH         LINE#         225
  C:097FH         LINE#         226
  C:097FH         LINE#         227
  C:09B4H         LINE#         228
  C:09BDH         LINE#         229
  C:09C6H         LINE#         231
  C:09CCH         LINE#         232
  C:09CFH         LINE#         233
  C:09CFH         LINE#         235
  C:0A04H         LINE#         236
  C:0A0DH         LINE#         237
  C:0A0DH         LINE#         238
  C:0A13H         LINE#         239
  C:0A19H         LINE#         240
  C:0A1CH         LINE#         242
  C:0A1CH         LINE#         243
  C:0A21H         LINE#         244
  C:0A27H         LINE#         245
  C:0A27H         LINE#         246
  C:0A2AH         LINE#         247
  C:0A2AH         LINE#         248
  C:0A5EH         LINE#         249
  C:0A67H         LINE#         250
  C:0A70H         LINE#         252
  C:0A76H         LINE#         253
  C:0A79H         LINE#         254
  C:0A79H         LINE#         255
  C:0AADH         LINE#         256
  C:0ABAH         LINE#         257
  C:0AC0H         LINE#         258
  C:0AC3H         LINE#         259
  C:0AC3H         LINE#         260
  C:0AC6H         LINE#         262
BL51 BANKED LINKER/LOCATER V6.22.2.0                                                  06/22/2024  17:33:49  PAGE 30


  C:0ACAH         LINE#         264
  C:0AD2H         LINE#         265
  -------         ENDPROC       TCP_CONNECT_SERVER
  -------         PROC          SEND_DATA
  C:349BH         LINE#         268
  C:349BH         LINE#         269
  C:349BH         LINE#         271
  -------         ENDPROC       SEND_DATA
  -------         PROC          RECEIVE_DATA
  C:349CH         LINE#         274
  C:349CH         LINE#         275
  C:349CH         LINE#         277
  -------         ENDPROC       RECEIVE_DATA
  -------         PROC          HEART
  -------         DO            
  X:0155H         SYMBOL        times
  -------         ENDDO         
  C:1E15H         LINE#         285
  C:1E15H         LINE#         286
  C:1E15H         LINE#         290
  C:1E35H         LINE#         291
  C:1E35H         LINE#         292
  C:1E59H         LINE#         293
  C:1E59H         LINE#         294
  C:1E59H         LINE#         295
  C:1EACH         LINE#         296
  C:1EACH         LINE#         297
  C:1EB1H         LINE#         298
  C:1EB3H         LINE#         299
  C:1EB3H         LINE#         301
  C:1EC3H         LINE#         302
  C:1EC3H         LINE#         303
  C:1EC9H         LINE#         304
  C:1EC9H         LINE#         305
  C:1EC9H         LINE#         306
  C:1EC9H         LINE#         309
  C:1ED4H         LINE#         310
  C:1ED4H         LINE#         311
  C:1ED9H         LINE#         312
  C:1EDEH         LINE#         313
  C:1EDEH         LINE#         316
  C:1F09H         LINE#         317
  C:1F0EH         LINE#         318
  C:1F13H         LINE#         320
  C:1F1AH         LINE#         321
  C:1F1AH         LINE#         322
  -------         ENDPROC       HEART
  -------         PROC          COMPUTER_TO_ESP12S
  -------         DO            
  X:025FH         SYMBOL        TimeOutFlag
  -------         ENDDO         
  C:13C2H         LINE#         332
  C:13C2H         LINE#         333
  C:13C2H         LINE#         334
  C:13C8H         LINE#         337
  C:13D5H         LINE#         338
  C:13D5H         LINE#         339
BL51 BANKED LINKER/LOCATER V6.22.2.0                                                  06/22/2024  17:33:49  PAGE 31


  C:13DCH         LINE#         340
  C:1426H         LINE#         341
  C:1426H         LINE#         342
  C:1436H         LINE#         343
  C:1436H         LINE#         344
  C:143BH         LINE#         345
  C:145FH         LINE#         346
  C:145FH         LINE#         347
  C:145FH         LINE#         348
  C:145FH         LINE#         351
  C:149DH         LINE#         352
  C:149DH         LINE#         354
  C:14ABH         LINE#         355
  C:14D6H         LINE#         356
  C:14E4H         LINE#         358
  C:150DH         LINE#         359
  C:150FH         LINE#         361
  C:150FH         LINE#         363
  C:151DH         LINE#         364
  C:1548H         LINE#         365
  C:1556H         LINE#         367
  C:157FH         LINE#         368
  C:157FH         LINE#         371
  C:15ADH         LINE#         372
  C:15B2H         LINE#         373
  C:15B7H         LINE#         374
  C:15B7H         LINE#         375
  -------         ENDPROC       COMPUTER_TO_ESP12S
  -------         PROC          ESP12S_TO_COMPUTER
  C:2018H         LINE#         384
  C:2018H         LINE#         385
  C:2018H         LINE#         386
  C:2025H         LINE#         387
  C:2025H         LINE#         389
  C:202CH         LINE#         390
  C:2076H         LINE#         391
  C:2076H         LINE#         392
  C:2086H         LINE#         393
  C:2086H         LINE#         394
  C:20AAH         LINE#         395
  C:20AAH         LINE#         396
  C:20AAH         LINE#         397
  C:20AAH         LINE#         400
  C:20D3H         LINE#         403
  C:2101H         LINE#         404
  C:2106H         LINE#         405
  C:210BH         LINE#         406
  C:210BH         LINE#         407
  -------         ENDPROC       ESP12S_TO_COMPUTER
  -------         ENDMOD        WIFI

  -------         MODULE        KEY1
  C:0000H         SYMBOL        _ICE_DUMMY_
  D:0080H         PUBLIC        P0
  D:0090H         PUBLIC        P1
  D:00A0H         PUBLIC        P2
  D:00B0H         PUBLIC        P3
BL51 BANKED LINKER/LOCATER V6.22.2.0                                                  06/22/2024  17:33:49  PAGE 32


  D:00C0H         PUBLIC        P4
  D:00C8H         PUBLIC        P5
  D:00E8H         PUBLIC        P6
  D:00F8H         PUBLIC        P7
  D:00A8H         PUBLIC        IE
  D:00B8H         PUBLIC        IP
  D:00D8H         PUBLIC        CCON
  C:2B1DH         SYMBOL        KEY_Detect
  D:0098H         PUBLIC        SCON
  D:0088H         PUBLIC        TCON
  B:00B0H.2       PUBLIC        P32
  C:33FCH         PUBLIC        INT0_isr
  B:00A8H.0       PUBLIC        EX0
  X:0208H         PUBLIC        Key1
  D:00D0H         PUBLIC        PSW
  -------         PROC          KEY_DETECT
  -------         DO            
  X:024DH         SYMBOL        key_i
  -------         ENDDO         
  C:2B1DH         LINE#         18
  C:2B1DH         LINE#         19
  C:2B1DH         LINE#         20
  C:2B25H         LINE#         23
  C:2B28H         LINE#         24
  C:2B28H         LINE#         25
  C:2B2DH         LINE#         26
  C:2B32H         LINE#         27
  C:2B32H         LINE#         30
  C:2B3BH         LINE#         31
  C:2B3BH         LINE#         32
  C:2B40H         LINE#         33
  C:2B42H         LINE#         35
  C:2B45H         LINE#         36
  C:2B45H         LINE#         37
  C:2B5BH         LINE#         38
  C:2B5EH         LINE#         39
  C:2B5EH         LINE#         40
  C:2B64H         LINE#         41
  C:2B64H         LINE#         42
  C:2B64H         LINE#         43
  C:2B64H         LINE#         46
  C:2B6DH         LINE#         47
  C:2B6DH         LINE#         48
  C:2B73H         LINE#         50
  C:2B7AH         LINE#         51
  C:2B8AH         LINE#         52
  C:2B8AH         LINE#         53
  C:2B8DH         LINE#         54
  C:2B8DH         LINE#         55
  C:2B92H         LINE#         56
  C:2B92H         LINE#         57
  C:2B92H         LINE#         58
  C:2B92H         LINE#         59
  C:2B92H         LINE#         62
  C:2B9BH         LINE#         63
  C:2B9BH         LINE#         64
  C:2BA0H         LINE#         65
BL51 BANKED LINKER/LOCATER V6.22.2.0                                                  06/22/2024  17:33:49  PAGE 33


  C:2BA0H         LINE#         67
  C:2BA2H         LINE#         68
  -------         ENDPROC       KEY_DETECT
  -------         PROC          INT0_ISR
  C:33FCH         LINE#         72
  C:3402H         LINE#         74
  C:3408H         LINE#         75
  -------         ENDPROC       INT0_ISR
  -------         ENDMOD        KEY1

  -------         MODULE        TM1620
  C:0000H         SYMBOL        _ICE_DUMMY_
  D:0080H         PUBLIC        P0
  D:0090H         PUBLIC        P1
  D:00A0H         PUBLIC        P2
  D:00B0H         PUBLIC        P3
  D:00C0H         PUBLIC        P4
  D:00C8H         PUBLIC        P5
  D:00E8H         PUBLIC        P6
  D:00F8H         PUBLIC        P7
  D:00A8H         PUBLIC        IE
  C:2DA8H         SYMBOL        Init
  D:00B8H         PUBLIC        IP
  D:00D8H         PUBLIC        CCON
  D:0098H         PUBLIC        SCON
  D:0088H         PUBLIC        TCON
  B:00A0H.4       PUBLIC        P24
  B:00A0H.5       PUBLIC        P25
  B:00A0H.6       PUBLIC        P26
  C:2EEAH         SYMBOL        _TM1620_Write_Byte
  C:3486H         PUBLIC        num
  C:30E1H         SYMBOL        _Disp_Number
  C:23A1H         SYMBOL        _Delay_Bright_ADJ
  X:01EFH         PUBLIC        TM1620
  D:00D0H         PUBLIC        PSW
  -------         PROC          _TM1620_WRITE_BYTE
  X:024FH         SYMBOL        dat
  -------         DO            
  X:0250H         SYMBOL        TM1620_i
  -------         ENDDO         
  C:2EEAH         LINE#         36
  C:2EEFH         LINE#         37
  C:2EEFH         LINE#         38
  C:2EF4H         LINE#         39
  C:2EF6H         LINE#         40
  C:2F0CH         LINE#         41
  C:2F1CH         LINE#         42
  C:2F1CH         LINE#         44
  C:2F1EH         LINE#         45
  C:2F27H         LINE#         46
  C:2F2BH         LINE#         48
  C:2F2DH         LINE#         49
  C:2F3BH         LINE#         50
  C:2F3CH         LINE#         53
  C:2F3EH         LINE#         54
  C:2F3FH         LINE#         55
  C:2F47H         LINE#         56
BL51 BANKED LINKER/LOCATER V6.22.2.0                                                  06/22/2024  17:33:49  PAGE 34


  -------         ENDPROC       _TM1620_WRITE_BYTE
  -------         PROC          INIT
  -------         DO            
  X:0260H         SYMBOL        init_i
  -------         ENDDO         
  C:2DA8H         LINE#         59
  C:2DA8H         LINE#         60
  C:2DA8H         LINE#         61
  C:2DADH         LINE#         63
  C:2DB2H         LINE#         64
  C:2DB4H         LINE#         67
  C:2DB9H         LINE#         68
  C:2DBBH         LINE#         71
  C:2DC0H         LINE#         72
  C:2DD0H         LINE#         73
  C:2DDDH         LINE#         74
  C:2DDFH         LINE#         77
  C:2DE7H         LINE#         78
  C:2DE9H         LINE#         82
  C:2DEEH         LINE#         83
  C:2DF0H         LINE#         86
  C:2DF5H         LINE#         87
  C:2DF7H         LINE#         90
  C:2DFCH         LINE#         91
  C:2E01H         LINE#         92
  C:2E03H         LINE#         94
  C:2E08H         LINE#         95
  C:2E0DH         LINE#         96
  C:2E0FH         LINE#         99
  C:2E17H         LINE#         100
  C:2E19H         LINE#         101
  -------         ENDPROC       INIT
  -------         PROC          _DISP_NUMBER
  X:0251H         SYMBOL        GPIR
  X:0252H         SYMBOL        Num
  C:30E1H         LINE#         104
  C:30EBH         LINE#         105
  C:30EBH         LINE#         107
  C:30FEH         LINE#         108
  C:30FEH         LINE#         109
  C:30FEH         LINE#         110
  C:3103H         LINE#         111
  C:3105H         LINE#         112
  C:3105H         LINE#         113
  C:310AH         LINE#         114
  C:310AH         LINE#         115
  C:310AH         LINE#         117
  C:3118H         LINE#         118
  C:311AH         LINE#         121
  C:3122H         LINE#         122
  C:3124H         LINE#         123
  -------         ENDPROC       _DISP_NUMBER
  -------         PROC          _DELAY_BRIGHT_ADJ
  X:0253H         SYMBOL        ms
  -------         DO            
  X:0254H         SYMBOL        k
  -------         ENDDO         
BL51 BANKED LINKER/LOCATER V6.22.2.0                                                  06/22/2024  17:33:49  PAGE 35


  C:23A1H         LINE#         126
  C:23A6H         LINE#         127
  C:23A6H         LINE#         128
  C:23ABH         LINE#         130
[...]
  D:00A0H         PUBLIC        P2
  C:2BA3H         SYMBOL        _BackupDuty
  D:00B0H         PUBLIC        P3
  D:00C0H         PUBLIC        P4
  D:00C8H         PUBLIC        P5
  D:00E8H         PUBLIC        P6
  D:00F8H         PUBLIC        P7
  D:00F9H         PUBLIC        CH
  D:00A8H         PUBLIC        IE
  D:00E9H         PUBLIC        CL
  D:00FAH         PUBLIC        CCAP0H
  B:00D8H.6       PUBLIC        CR
  D:00DAH         PUBLIC        CCAPM0
  D:00B8H         PUBLIC        IP
  D:00D9H         PUBLIC        CMOD
  D:00D8H         PUBLIC        CCON
  C:2C28H         SYMBOL        _ReadDuty
  C:2F48H         SYMBOL        Set_Brightness
  D:0098H         PUBLIC        SCON
  D:0088H         PUBLIC        TCON
BL51 BANKED LINKER/LOCATER V6.22.2.0                                                  06/22/2024  17:33:49  PAGE 36


  D:00F2H         PUBLIC        PCA_PWM0
  C:32C4H         SYMBOL        PWM_Init
  D:00A2H         PUBLIC        AUXR1
  X:01B4H         PUBLIC        PWM
  D:00D0H         PUBLIC        PSW
  C:2FA4H         SYMBOL        PWM_LED_Adjust_Brightness
  -------         PROC          PWM_INIT
  C:32C4H         LINE#         30
  C:32C4H         LINE#         31
  C:32C4H         LINE#         33
  C:32C7H         LINE#         34
  C:32CAH         LINE#         36
  C:32CDH         LINE#         37
  C:32D0H         LINE#         40
  C:32D3H         LINE#         41
  C:32D6H         LINE#         43
  C:32D9H         LINE#         44
  C:32DCH         LINE#         47
  C:32DFH         LINE#         48
  C:32EBH         LINE#         50
  C:32EEH         LINE#         52
  C:32F0H         LINE#         53
  -------         ENDPROC       PWM_INIT
  -------         PROC          PWM_LED_ADJUST_BRIGHTNESS
  C:2FA4H         LINE#         56
  C:2FA4H         LINE#         57
  C:2FA4H         LINE#         59
  C:2FC3H         LINE#         60
  C:2FC3H         LINE#         61
  C:2FCBH         LINE#         62
  C:2FD3H         LINE#         63
  C:2FDBH         LINE#         64
  C:2FE3H         LINE#         65
  C:2FEBH         LINE#         66
  C:2FF2H         LINE#         67
  C:2FF8H         LINE#         68
  C:2FF8H         LINE#         71
  C:2FFBH         LINE#         72
  -------         ENDPROC       PWM_LED_ADJUST_BRIGHTNESS
  -------         PROC          SET_BRIGHTNESS
  C:2F48H         LINE#         75
  C:2F48H         LINE#         76
  C:2F48H         LINE#         78
  C:2F67H         LINE#         79
  C:2F67H         LINE#         80
  C:2F6CH         LINE#         81
  C:2F71H         LINE#         82
  C:2F76H         LINE#         83
  C:2F7BH         LINE#         84
  C:2F80H         LINE#         85
  C:2F85H         LINE#         86
  C:2F88H         LINE#         87
  C:2F88H         LINE#         88
  C:2FA3H         LINE#         89
  -------         ENDPROC       SET_BRIGHTNESS
  -------         PROC          _BACKUPDUTY
  X:0240H         SYMBOL        addr
BL51 BANKED LINKER/LOCATER V6.22.2.0                                                  06/22/2024  17:33:49  PAGE 37


  X:0242H         SYMBOL        dat
  C:2BA3H         LINE#         93
  C:2BB0H         LINE#         94
  C:2BB0H         LINE#         95
  C:2BB6H         LINE#         96
  C:2BBBH         LINE#         98
  C:2BC5H         LINE#         99
  C:2BC5H         LINE#         100
  C:2BDFH         LINE#         101
  C:2BFEH         LINE#         104
  C:2C21H         LINE#         105
  C:2C21H         LINE#         106
  C:2C27H         LINE#         107
  C:2C27H         LINE#         108
  C:2C27H         LINE#         109
  C:2C27H         LINE#         110
  -------         ENDPROC       _BACKUPDUTY
  -------         PROC          _READDUTY
  X:0239H         SYMBOL        addr
  -------         DO            
  X:023BH         SYMBOL        Data1
  X:023CH         SYMBOL        Data2
  -------         ENDDO         
  C:2C28H         LINE#         114
  C:2C30H         LINE#         115
  C:2C30H         LINE#         116
  C:2C3AH         LINE#         117
  C:2C40H         LINE#         119
  C:2C4AH         LINE#         120
  C:2C4AH         LINE#         121
  C:2C69H         LINE#         122
  C:2C88H         LINE#         123
  C:2C96H         LINE#         124
  C:2C96H         LINE#         125
  C:2C98H         LINE#         126
  C:2C98H         LINE#         127
  C:2C9AH         LINE#         129
  C:2CA3H         LINE#         130
  C:2CA6H         LINE#         132
  C:2CABH         LINE#         134
  -------         ENDPROC       _READDUTY
  -------         ENDMOD        PWM

  -------         MODULE        ADC
  C:0000H         SYMBOL        _ICE_DUMMY_
  D:0080H         PUBLIC        P0
  D:0090H         PUBLIC        P1
  D:00A0H         PUBLIC        P2
  D:00B0H         PUBLIC        P3
  D:00C0H         PUBLIC        P4
  D:00C8H         PUBLIC        P5
  D:00E8H         PUBLIC        P6
  D:00F8H         PUBLIC        P7
  D:00A8H         PUBLIC        IE
  D:00B8H         PUBLIC        IP
  D:00D8H         PUBLIC        CCON
  D:0098H         PUBLIC        SCON
BL51 BANKED LINKER/LOCATER V6.22.2.0                                                  06/22/2024  17:33:49  PAGE 38


  D:0088H         PUBLIC        TCON
  D:00D0H         PUBLIC        PSW
  -------         ENDMOD        ADC

  -------         MODULE        EEPROM
  C:0000H         SYMBOL        _ICE_DUMMY_
  D:0080H         PUBLIC        P0
  D:0090H         PUBLIC        P1
  D:00A0H         PUBLIC        P2
  D:00B0H         PUBLIC        P3
  D:00C0H         PUBLIC        P4
  D:00C8H         PUBLIC        P5
  D:00E8H         PUBLIC        P6
  D:00F8H         PUBLIC        P7
  D:00A8H         PUBLIC        IE
  D:00C5H         PUBLIC        IAP_CMD
  C:3166H         SYMBOL        _ReadByte
  D:00B8H         PUBLIC        IP
  C:3420H         SYMBOL        IapIdle
  D:00C3H         PUBLIC        IAP_ADDRH
  D:00D8H         PUBLIC        CCON
  D:00C4H         PUBLIC        IAP_ADDRL
  C:31E5H         SYMBOL        _WriteByte
  D:0098H         PUBLIC        SCON
  D:0088H         PUBLIC        TCON
  D:00C7H         PUBLIC        IAP_CONTR
  X:01E4H         PUBLIC        EEPROM
  D:00C2H         PUBLIC        IAP_DATA
  C:3293H         SYMBOL        _EraseSector
  D:00C6H         PUBLIC        IAP_TRIG
  D:00D0H         PUBLIC        PSW
  -------         PROC          IAPIDLE
  C:3420H         LINE#         27
  C:3420H         LINE#         28
  C:3420H         LINE#         29
  C:3423H         LINE#         30
  C:3426H         LINE#         31
  C:3429H         LINE#         32
  C:342CH         LINE#         33
  C:342FH         LINE#         34
  -------         ENDPROC       IAPIDLE
  -------         PROC          _READBYTE
  X:0243H         SYMBOL        addr
  -------         DO            
  X:0245H         SYMBOL        dat
  -------         ENDDO         
  C:3166H         LINE#         37
  C:316EH         LINE#         38
  C:316EH         LINE#         39
  C:3173H         LINE#         41
  C:3176H         LINE#         42
  C:3179H         LINE#         43
  C:3183H         LINE#         44
  C:3191H         LINE#         45
  C:3194H         LINE#         46
  C:3197H         LINE#         47
  C:3198H         LINE#         48
BL51 BANKED LINKER/LOCATER V6.22.2.0                                                  06/22/2024  17:33:49  PAGE 39


  C:319EH         LINE#         49
  C:31A1H         LINE#         51
  C:31A6H         LINE#         52
  -------         ENDPROC       _READBYTE
  -------         PROC          _WRITEBYTE
  X:0246H         SYMBOL        addr
  X:0248H         SYMBOL        dat
  C:31E5H         LINE#         55
  C:31F2H         LINE#         56
  C:31F2H         LINE#         57
  C:31F5H         LINE#         58
  C:31F8H         LINE#         59
  C:3202H         LINE#         60
  C:3210H         LINE#         61
  C:3217H         LINE#         62
  C:321AH         LINE#         63
  C:321DH         LINE#         64
  C:321EH         LINE#         65
  C:3221H         LINE#         66
  -------         ENDPROC       _WRITEBYTE
  -------         PROC          _ERASESECTOR
  X:0255H         SYMBOL        addr
  C:3293H         LINE#         69
  C:329BH         LINE#         70
  C:329BH         LINE#         71
  C:329EH         LINE#         72
  C:32A1H         LINE#         73
  C:32ABH         LINE#         74
  C:32B9H         LINE#         75
  C:32BCH         LINE#         76
  C:32BFH         LINE#         77
  C:32C0H         LINE#         78
  C:32C3H         LINE#         79
  -------         ENDPROC       _ERASESECTOR
  -------         ENDMOD        EEPROM

  -------         MODULE        IIC
  C:0000H         SYMBOL        _ICE_DUMMY_
  D:0080H         PUBLIC        P0
  D:0090H         PUBLIC        P1
  D:00A0H         PUBLIC        P2
  D:00B0H         PUBLIC        P3
  D:00C0H         PUBLIC        P4
  D:00C8H         PUBLIC        P5
  D:00E8H         PUBLIC        P6
  D:00F8H         PUBLIC        P7
  C:3440H         SYMBOL        NoAck_I2c
  D:00A8H         PUBLIC        IE
  C:3490H         SYMBOL        delay
  D:00B8H         PUBLIC        IP
  C:2E84H         SYMBOL        _SendByte
  D:00D8H         PUBLIC        CCON
  D:0098H         PUBLIC        SCON
  B:00A0H.2       PUBLIC        P22
  C:0006H         SYMBOL        I2C_Init
  D:0088H         PUBLIC        TCON
  B:00A0H.3       PUBLIC        P23
BL51 BANKED LINKER/LOCATER V6.22.2.0                                                  06/22/2024  17:33:49  PAGE 40


  C:3096H         SYMBOL        RcvByte
  C:3430H         SYMBOL        Ack_I2c
  C:3450H         SYMBOL        Start_I2c
  X:0171H         PUBLIC        IIC
  C:346DH         SYMBOL        Stop_I2c
  D:00D0H         PUBLIC        PSW
  -------         PROC          DELAY
  C:3490H         LINE#         40
  C:3490H         LINE#         41
  C:3490H         LINE#         42
  C:3491H         LINE#         43
  C:3492H         LINE#         44
  C:3493H         LINE#         45
  C:3494H         LINE#         46
  C:3495H         LINE#         47
  -------         ENDPROC       DELAY
  -------         PROC          I2C_INIT
  C:0006H         LINE#         55
  C:0006H         LINE#         56
  C:0006H         LINE#         57
  C:0008H         LINE#         58
  C:000AH         LINE#         59
  -------         ENDPROC       I2C_INIT
  -------         PROC          START_I2C
  C:3450H         LINE#         67
  C:3450H         LINE#         68
  C:3450H         LINE#         69
  C:3452H         LINE#         70
  C:3454H         LINE#         71
  C:3457H         LINE#         72
  C:3459H         LINE#         73
  C:345CH         LINE#         74
  C:345EH         LINE#         75
  -------         ENDPROC       START_I2C
  -------         PROC          STOP_I2C
  C:346DH         LINE#         84
  C:346DH         LINE#         85
  C:346DH         LINE#         86
  C:346FH         LINE#         87
  C:3471H         LINE#         88
  C:3474H         LINE#         89
  C:3476H         LINE#         90
  C:3479H         LINE#         91
  -------         ENDPROC       STOP_I2C
  -------         PROC          _SENDBYTE
  X:0257H         SYMBOL        Data
  -------         DO            
  X:0258H         SYMBOL        BitCnt
  -------         ENDDO         
  C:2E84H         LINE#         100
  C:2E89H         LINE#         101
  C:2E89H         LINE#         104
  C:2E99H         LINE#         105
  C:2E99H         LINE#         106
  C:2EB2H         LINE#         107
  C:2EB6H         LINE#         109
  C:2EB8H         LINE#         110
BL51 BANKED LINKER/LOCATER V6.22.2.0                                                  06/22/2024  17:33:49  PAGE 41


  C:2EBBH         LINE#         111
  C:2EBDH         LINE#         112
  C:2EC0H         LINE#         113
  C:2EC2H         LINE#         114
  C:2ECAH         LINE#         116
  C:2ECCH         LINE#         117
  C:2ECFH         LINE#         118
  C:2ED1H         LINE#         119
  C:2ED4H         LINE#         120
  C:2EDEH         LINE#         121
  C:2EE4H         LINE#         122
  C:2EE6H         LINE#         123
  C:2EE9H         LINE#         124
  -------         ENDPROC       _SENDBYTE
  -------         PROC          RCVBYTE
  -------         DO            
  X:0259H         SYMBOL        retc
  X:025AH         SYMBOL        BitCnt
  -------         ENDDO         
  C:3096H         LINE#         133
  C:3096H         LINE#         134
  C:3096H         LINE#         138
  C:309BH         LINE#         139
  C:309DH         LINE#         140
  C:30ADH         LINE#         141
  C:30ADH         LINE#         142
  C:30AFH         LINE#         143
  C:30B2H         LINE#         144
  C:30B4H         LINE#         145
  C:30B7H         LINE#         146
  C:30C5H         LINE#         147
  C:30CEH         LINE#         148
  C:30D6H         LINE#         149
  C:30D8H         LINE#         150
  C:30DBH         LINE#         152
  C:30E0H         LINE#         153
  -------         ENDPROC       RCVBYTE
  -------         PROC          ACK_I2C
  C:3430H         LINE#         162
  C:3430H         LINE#         163
  C:3430H         LINE#         164
  C:3432H         LINE#         165
  C:3435H         LINE#         166
  C:3437H         LINE#         167
  C:343AH         LINE#         168
  C:343CH         LINE#         169
  C:343FH         LINE#         170
  -------         ENDPROC       ACK_I2C
  -------         PROC          NOACK_I2C
  C:3440H         LINE#         178
  C:3440H         LINE#         179
  C:3440H         LINE#         180
  C:3442H         LINE#         181
  C:3445H         LINE#         182
  C:3447H         LINE#         183
  C:344AH         LINE#         184
  C:344CH         LINE#         185
BL51 BANKED LINKER/LOCATER V6.22.2.0                                                  06/22/2024  17:33:49  PAGE 42


  C:344FH         LINE#         186
  -------         ENDPROC       NOACK_I2C
  -------         ENDMOD        IIC

  -------         MODULE        24C02
  C:0000H         SYMBOL        _ICE_DUMMY_
  D:0080H         PUBLIC        P0
  D:0090H         PUBLIC        P1
  D:00A0H         PUBLIC        P2
  D:00B0H         PUBLIC        P3
  D:00C0H         PUBLIC        P4
  D:00C8H         PUBLIC        P5
  D:00E8H         PUBLIC        P6
  D:00F8H         PUBLIC        P7
  D:00A8H         PUBLIC        IE
  D:00B8H         PUBLIC        IP
  X:0215H         PUBLIC        AT24C02
  C:1CF7H         SYMBOL        _Receivestr
  D:00D8H         PUBLIC        CCON
  D:0098H         PUBLIC        SCON
  D:0088H         PUBLIC        TCON
  C:21EEH         SYMBOL        _Sendstr
  D:00D0H         PUBLIC        PSW
  -------         PROC          _SENDSTR
  X:021BH         SYMBOL        array
  X:021EH         SYMBOL        LEN
  -------         DO            
  X:021FH         SYMBOL        i
  -------         ENDDO         
  C:21EEH         LINE#         17
  C:21FEH         LINE#         18
  C:21FEH         LINE#         19
  C:2203H         LINE#         21
  C:2211H         LINE#         23
  C:2225H         LINE#         24
  C:2230H         LINE#         26
  C:2244H         LINE#         27
  C:224FH         LINE#         29
  C:2263H         LINE#         30
  C:2263H         LINE#         31
  C:2284H         LINE#         32
  C:228FH         LINE#         33
  C:2299H         LINE#         34
  C:22A1H         LINE#         36
  C:22AFH         LINE#         38
  C:22C5H         LINE#         40
  C:22C7H         LINE#         42
  -------         ENDPROC       _SENDSTR
  -------         PROC          _RECEIVESTR
  X:0220H         SYMBOL        array
  X:0223H         SYMBOL        LEN
  -------         DO            
  X:0224H         SYMBOL        i
  -------         ENDDO         
  C:1CF7H         LINE#         46
  C:1D07H         LINE#         47
  C:1D07H         LINE#         48
BL51 BANKED LINKER/LOCATER V6.22.2.0                                                  06/22/2024  17:33:49  PAGE 43


  C:1D0CH         LINE#         50
  C:1D1AH         LINE#         52
  C:1D2EH         LINE#         53
  C:1D39H         LINE#         55
  C:1D4DH         LINE#         56
  C:1D58H         LINE#         58
  C:1D66H         LINE#         60
  C:1D7AH         LINE#         61
  C:1D85H         LINE#         63
  C:1D9CH         LINE#         64
  C:1D9CH         LINE#         65
  C:1DB9H         LINE#         66
  C:1DC7H         LINE#         67
  C:1DD1H         LINE#         68
  C:1DD9H         LINE#         71
  C:1DF6H         LINE#         72
  C:1E04H         LINE#         74
  C:1E12H         LINE#         76
  C:1E14H         LINE#         78
  -------         ENDPROC       _RECEIVESTR
  -------         ENDMOD        24C02

  -------         MODULE        ?C?COPY
  C:0E2FH         PUBLIC        ?C?COPY
  -------         ENDMOD        ?C?COPY

  -------         MODULE        ?C?CLDPTR
  C:0E55H         PUBLIC        ?C?CLDPTR
  -------         ENDMOD        ?C?CLDPTR

  -------         MODULE        ?C?CLDOPTR
  C:0E6EH         PUBLIC        ?C?CLDOPTR
  -------         ENDMOD        ?C?CLDOPTR

  -------         MODULE        ?C?CSTPTR
  C:0E9BH         PUBLIC        ?C?CSTPTR
  -------         ENDMOD        ?C?CSTPTR

  -------         MODULE        ?C?CSTOPTR
  C:0EADH         PUBLIC        ?C?CSTOPTR
  -------         ENDMOD        ?C?CSTOPTR

  -------         MODULE        ?C?IILDX
  C:0ECFH         PUBLIC        ?C?IILDX
  -------         ENDMOD        ?C?IILDX

  -------         MODULE        ?C?ILDIX
  C:0EE5H         PUBLIC        ?C?ILDIX
  -------         ENDMOD        ?C?ILDIX

  -------         MODULE        ?C?PLDOPTR
  C:0EFBH         PUBLIC        ?C?PLDOPTR
  -------         ENDMOD        ?C?PLDOPTR

  -------         MODULE        ?C?CCASE
  C:0F2BH         PUBLIC        ?C?CCASE
  -------         ENDMOD        ?C?CCASE
BL51 BANKED LINKER/LOCATER V6.22.2.0                                                  06/22/2024  17:33:49  PAGE 44



  -------         MODULE        ?C?ICALL
  C:0F51H         PUBLIC        ?C?ICALL
  C:0F55H         PUBLIC        ?C?ICALL2
  -------         ENDMOD        ?C?ICALL

  -------         MODULE        PRINTF
  X:010AH         PUBLIC        ?_PRINTF517?BYTE
  X:010AH         PUBLIC        ?_PRINTF?BYTE
  X:010AH         PUBLIC        ?_SPRINTF517?BYTE
  X:010AH         PUBLIC        ?_SPRINTF?BYTE
  C:04EBH         PUBLIC        _PRINTF
  C:04EBH         PUBLIC        _PRINTF517
  C:04E5H         PUBLIC        _SPRINTF
  C:04E5H         PUBLIC        _SPRINTF517
  -------         ENDMOD        PRINTF

  -------         MODULE        STRSTR
  X:010AH         PUBLIC        ?_strstr?BYTE
  C:26D2H         PUBLIC        _strstr
  -------         ENDMOD        STRSTR

  -------         MODULE        ?C?MEMSET
  C:0F57H         PUBLIC        ?C?MEMSET
  -------         ENDMOD        ?C?MEMSET

  -------         MODULE        ?C?PLDIDATA
  C:0F83H         PUBLIC        ?C?PLDIDATA
  -------         ENDMOD        ?C?PLDIDATA

  -------         MODULE        ?C?PLDXDATA
  C:0F8CH         PUBLIC        ?C?PLDXDATA
  -------         ENDMOD        ?C?PLDXDATA

  -------         MODULE        ?C?PLDIXDATA
  C:0F95H         PUBLIC        ?C?PLDIXDATA
  -------         ENDMOD        ?C?PLDIXDATA

  -------         MODULE        ?C?PSTXDATA
  C:0FACH         PUBLIC        ?C?PSTXDATA
  -------         ENDMOD        ?C?PSTXDATA

  -------         MODULE        ?C?PLDPDATA
  C:0FB5H         PUBLIC        ?C?PLDPDATA
  -------         ENDMOD        ?C?PLDPDATA

  -------         MODULE        ?C?PLDCODE
  C:0FBEH         PUBLIC        ?C?PLDCODE
  -------         ENDMOD        ?C?PLDCODE

Program Size: data=41.0 xdata=609 code=13469
LINK/LOCATE RUN COMPLETE.  0 WARNING(S),  0 ERROR(S)
