BL51 BANKED LINKER/LOCATER V6.22.2.0                                                    07/06/2024  17:17:33  PAGE 1


BL51 BANKED LINKER/LOCATER V6.22.2.0, INVOKED BY:
D:\KEIL ARM\C51\BIN\BL51.EXE .\Obj\main.obj, .\Obj\Public.obj, .\Obj\IO_Mode.obj, .\Obj\UART1.obj, .\Obj\SysInit.obj, .\
>> Obj\CRC16.obj, .\Obj\ModbusRTU.obj, .\Obj\Timer0.obj, .\Obj\UART2.obj, .\Obj\WiFi.obj, .\Obj\Key1.obj, .\Obj\TM1620.o
>> bj, .\Obj\PWM.obj, .\Obj\ADC.obj, .\Obj\EEPROM.obj, .\Obj\IIC.obj, .\Obj\24C02.obj, .\Obj\NTC.obj, .\Obj\Watchdog.obj
>> , .\Obj\Key2.obj TO .\Obj\Key2 PRINT (.\Obj\Key2.m51) RAMSIZE (256) CODE (0X0000-0XEFF8)


MEMORY MODEL: LARGE WITH FLOATING POINT ARITHMETIC


INPUT MODULES INCLUDED:
  .\Obj\main.obj (MAIN)
  .\Obj\Public.obj (PUBLIC)
  .\Obj\IO_Mode.obj (IO_MODE)
  .\Obj\UART1.obj (UART1)
  .\Obj\SysInit.obj (SYSINIT)
  .\Obj\CRC16.obj (CRC16)
  .\Obj\ModbusRTU.obj (MODBUSRTU)
  .\Obj\Timer0.obj (TIMER0)
  .\Obj\UART2.obj (UART2)
  .\Obj\WiFi.obj (WIFI)
  .\Obj\Key1.obj (KEY1)
  .\Obj\TM1620.obj (TM1620)
  .\Obj\PWM.obj (PWM)
  .\Obj\ADC.obj (ADC)
  .\Obj\EEPROM.obj (EEPROM)
  .\Obj\IIC.obj (IIC)
  .\Obj\24C02.obj (24C02)
  .\Obj\NTC.obj (NTC)
  .\Obj\Watchdog.obj (WATCHDOG)
  .\Obj\Key2.obj (KEY2)
  D:\KEIL ARM\C51\LIB\C51FPL.LIB (?C?FPADD)
  D:\KEIL ARM\C51\LIB\C51FPL.LIB (?C?FPMUL)
  D:\KEIL ARM\C51\LIB\C51FPL.LIB (?C?FPDIV)
  D:\KEIL ARM\C51\LIB\C51FPL.LIB (?C?FPCMP)
  D:\KEIL ARM\C51\LIB\C51FPL.LIB (?C?FCAST)
  D:\KEIL ARM\C51\LIB\C51FPL.LIB (PRINTF)
  D:\KEIL ARM\C51\LIB\C51FPL.LIB (LOG)
  D:\KEIL ARM\C51\LIB\C51FPL.LIB (?C?FPGETOPN)
  D:\KEIL ARM\C51\LIB\C51FPL.LIB (?C?FPROUND)
  D:\KEIL ARM\C51\LIB\C51FPL.LIB (?C?FPCONVERT)
  D:\KEIL ARM\C51\LIB\C51FPL.LIB (?C?FPSERIES)
  D:\KEIL ARM\C51\LIB\C51FPL.LIB (?C?FTNPWR)
  D:\KEIL ARM\C51\LIB\C51L.LIB (?C_STARTUP)
  D:\KEIL ARM\C51\LIB\C51L.LIB (?C?CLDPTR)
  D:\KEIL ARM\C51\LIB\C51L.LIB (?C?CLDOPTR)
  D:\KEIL ARM\C51\LIB\C51L.LIB (?C?CSTPTR)
  D:\KEIL ARM\C51\LIB\C51L.LIB (?C?CSTOPTR)
  D:\KEIL ARM\C51\LIB\C51L.LIB (?C?IILDX)
  D:\KEIL ARM\C51\LIB\C51L.LIB (?C?ILDIX)
  D:\KEIL ARM\C51\LIB\C51L.LIB (?C?LNEG)
  D:\KEIL ARM\C51\LIB\C51L.LIB (?C?LLDCODE)
  D:\KEIL ARM\C51\LIB\C51L.LIB (?C?LLDXDATA0)
  D:\KEIL ARM\C51\LIB\C51L.LIB (?C?LLDCODE0)
  D:\KEIL ARM\C51\LIB\C51L.LIB (?C?LSTXDATA)
  D:\KEIL ARM\C51\LIB\C51L.LIB (?C?LSTKXDATA)
  D:\KEIL ARM\C51\LIB\C51L.LIB (?C?PLDIXDATA)
  D:\KEIL ARM\C51\LIB\C51L.LIB (?C?PSTXDATA)
BL51 BANKED LINKER/LOCATER V6.22.2.0                                                  07/06/2024  17:17:33  PAGE 2


  D:\KEIL ARM\C51\LIB\C51L.LIB (?C?PLDOPTR)
  D:\KEIL ARM\C51\LIB\C51L.LIB (?C?CCASE)
  D:\KEIL ARM\C51\LIB\C51L.LIB (?C?ICALL)
  D:\KEIL ARM\C51\LIB\C51L.LIB (STRSTR)
  D:\KEIL ARM\C51\LIB\C51L.LIB (?C?MEMSET)
  D:\KEIL ARM\C51\LIB\C51L.LIB (?C_INIT)
  D:\KEIL ARM\C51\LIB\C51L.LIB (?C?PLDIDATA)
  D:\KEIL ARM\C51\LIB\C51L.LIB (?C?PLDXDATA)
  D:\KEIL ARM\C51\LIB\C51L.LIB (?C?PLDPDATA)
  D:\KEIL ARM\C51\LIB\C51L.LIB (?C?PLDCODE)


LINK MAP OF MODULE:  .\Obj\Key2 (MAIN)


            TYPE    BASE      LENGTH    RELOCATION   SEGMENT NAME
            -----------------------------------------------------

            * * * * * * *   D A T A   M E M O R Y   * * * * * * *
            REG     0000H     0008H     ABSOLUTE     "REG BANK 0"
            REG     0008H     0008H     ABSOLUTE     "REG BANK 1"
            DATA    0010H     0005H     UNIT         _DATA_GROUP_
            DATA    0015H     0002H     UNIT         ?DT?PUBLIC
            IDATA   0017H     0007H     UNIT         ?ID?TIMER0
            IDATA   001EH     0002H     UNIT         ?ID?_SENDSTRING?UART1
            BIT     0020H.0   0001H.1   UNIT         _BIT_GROUP_
            BIT     0021H.1   0000H.2   UNIT         ?BI?UART1_ISR?UART1
            BIT     0021H.3   0000H.2   UNIT         ?BI?UART2
            BIT     0021H.5   0000H.1   UNIT         ?BI?_SENDBYTE?UART1
            BIT     0021H.6   0000H.1   UNIT         ?BI?PROTOCOL?UART1
            BIT     0021H.7   0000H.1   UNIT         ?BI?PROTOCOL?UART2
            IDATA   0022H     0004H     UNIT         ?ID?MODBUSRTU
            IDATA   0026H     0001H     UNIT         ?ID?MAIN
            IDATA   0027H     0001H     UNIT         ?ID?UART2_ISR?UART2
            IDATA   0028H     0001H     UNIT         ?STACK

            * * * * * * *  X D A T A   M E M O R Y  * * * * * * *
            XDATA   0000H     00B7H     UNIT         ?XD?UART2
            XDATA   00B7H     0085H     UNIT         ?XD?UART1
            XDATA   013CH     0030H     UNIT         _XDATA_GROUP_
            XDATA   016CH     0023H     UNIT         ?XD?PUBLIC
            XDATA   018FH     001CH     UNIT         ?XD?WIFI
            XDATA   01ABH     0016H     UNIT         ?XD?IIC
            XDATA   01C1H     0010H     UNIT         ?XD?PWM
            XDATA   01D1H     000FH     UNIT         ?XD?_SENDAT?WIFI
            XDATA   01E0H     000FH     UNIT         ?XD?WATCHDOG
            XDATA   01EFH     000FH     UNIT         ?XD?KEY2
            XDATA   01FEH     000DH     UNIT         ?XD?_MODBUS_READ_REGISTER?MODBUSRTU
            XDATA   020BH     000CH     UNIT         ?XD?IO_MODE
            XDATA   0217H     000CH     UNIT         ?XD?SYSINIT
            XDATA   0223H     000CH     UNIT         ?XD?ADC_MEASUREFILTER?ADC
            XDATA   022FH     000BH     UNIT         ?XD?_MODBUS_WRITE_REGISTER?MODBUSRTU
            XDATA   023AH     000BH     UNIT         ?XD?ADC
            XDATA   0245H     000BH     UNIT         ?XD?EEPROM
            XDATA   0250H     000AH     UNIT         ?XD?TM1620
            XDATA   025AH     000AH     UNIT         ?XD?FORMULA_CALCTEMP?NTC
            XDATA   0264H     000AH     UNIT         ?XD?NTC
BL51 BANKED LINKER/LOCATER V6.22.2.0                                                  07/06/2024  17:17:33  PAGE 3


            XDATA   026EH     0008H     UNIT         ?XD?_CRC_CHECK?CRC16
            XDATA   0276H     0007H     UNIT         ?XD?CRC16
            XDATA   027DH     0007H     UNIT         ?XD?KEY1
            XDATA   0284H     0007H     UNIT         ?XD?FORM_CHECKTEMP?NTC
            XDATA   028BH     0006H     UNIT         ?XD?_PROTOCOL_ANALYSIS?MODBUSRTU
            XDATA   0291H     0006H     UNIT         ?XD?24C02
            XDATA   0297H     0005H     UNIT         ?XD?_SENDSTR?24C02
            XDATA   029CH     0005H     UNIT         ?XD?_RECEIVESTR?24C02
            XDATA   02A1H     0004H     UNIT         ?XD?_MEMORY_CLR?PUBLIC
            XDATA   02A5H     0004H     UNIT         ?XD?_DELAYMS?PUBLIC
            XDATA   02A9H     0004H     UNIT         ?XD?_SENDARRAY?UART1
            XDATA   02ADH     0004H     UNIT         ?XD?_SENDSTRING?UART2
            XDATA   02B1H     0004H     UNIT         ?XD?_SENDARRAY?UART2
            XDATA   02B5H     0004H     UNIT         ?XD?_READDUTY?PWM
            XDATA   02B9H     0003H     UNIT         ?XD?_SENDSTRING?UART1
            XDATA   02BCH     0003H     UNIT         ?XD?_BACKUPDUTY?PWM
            XDATA   02BFH     0003H     UNIT         ?XD?_READBYTE?EEPROM
            XDATA   02C2H     0003H     UNIT         ?XD?_WRITEBYTE?EEPROM
            XDATA   02C5H     0002H     UNIT         ?XD?_SENDBYTE?UART2
            XDATA   02C7H     0002H     UNIT         ?XD?TCP_CONNECT_SERVER?WIFI
            XDATA   02C9H     0002H     UNIT         ?XD?KEY_DETECT?KEY1
            XDATA   02CBH     0002H     UNIT         ?XD?_TM1620_WRITE_BYTE?TM1620
            XDATA   02CDH     0002H     UNIT         ?XD?_DISP_NUMBER?TM1620
            XDATA   02CFH     0002H     UNIT         ?XD?_DELAY_BRIGHT_ADJ?TM1620
            XDATA   02D1H     0002H     UNIT         ?XD?ADC_MEASURE?ADC
            XDATA   02D3H     0002H     UNIT         ?XD?_ERASESECTOR?EEPROM
            XDATA   02D5H     0002H     UNIT         ?XD?_SENDBYTE?IIC
            XDATA   02D7H     0002H     UNIT         ?XD?RCVBYTE?IIC
            XDATA   02D9H     0001H     UNIT         ?XD?MAIN?MAIN
            XDATA   02DAH     0001H     UNIT         ?XD?_SENDBYTE?UART1
            XDATA   02DBH     0001H     UNIT         ?XD?_PUTCHAR?UART1
            XDATA   02DCH     0001H     UNIT         ?XD?UART1_ISR?UART1
            XDATA   02DDH     0001H     UNIT         ?XD?RUN_INDICATION?SYSINIT
            XDATA   02DEH     0001H     UNIT         ?XD?COMPUTER_TO_ESP12S?WIFI
            XDATA   02DFH     0001H     UNIT         ?XD?INIT?TM1620

            * * * * * * *   C O D E   M E M O R Y   * * * * * * *
            CODE    0000H     0003H     ABSOLUTE     
            CODE    0003H     0003H     ABSOLUTE     
            CODE    0006H     0005H     UNIT         ?PR?I2C_INIT?IIC
            CODE    000BH     0003H     ABSOLUTE     
            CODE    000EH     0015H     UNIT         ?PR?PUSH_PULL?IO_MODE
            CODE    0023H     0003H     ABSOLUTE     
            CODE    0026H     0019H     UNIT         ?PR?SEND_MODE?UART1
            CODE    003FH     0004H     UNIT         ?PR?SOFTRESET?PUBLIC
            CODE    0043H     0003H     ABSOLUTE     
            CODE    0046H     078AH     UNIT         ?C?LIB_CODE
            CODE    07D0H     0483H     UNIT         ?PR?PRINTF?PRINTF
            CODE    0C53H     043AH     UNIT         ?PR?_MODBUS_READ_REGISTER?MODBUSRTU
            CODE    108DH     02EEH     UNIT         ?PR?TCP_CONNECT_SERVER?WIFI
            CODE    137BH     028CH     UNIT         ?PR?SMARTCONFIG?WIFI
            CODE    1607H     027CH     UNIT         ?C_INITSEG
            CODE    1883H     0230H     UNIT         ?PR?FORM_CHECKTEMP?NTC
            CODE    1AB3H     01F6H     UNIT         ?PR?_MODBUS_WRITE_REGISTER?MODBUSRTU
            CODE    1CA9H     01F6H     UNIT         ?PR?COMPUTER_TO_ESP12S?WIFI
            CODE    1E9FH     01ECH     UNIT         ?PR?KEY_DETECT?KEY2
            CODE    208BH     01C5H     UNIT         ?PR?_PROTOCOL_ANALYSIS?MODBUSRTU
BL51 BANKED LINKER/LOCATER V6.22.2.0                                                  07/06/2024  17:17:33  PAGE 4


            CODE    2250H     01A8H     UNIT         ?PR?_SENDAT?WIFI
            CODE    23F8H     0194H     UNIT         ?CO?NTC
            CODE    258CH     016AH     UNIT         ?PR?ADC_MEASUREFILTER?ADC
            CODE    26F6H     0153H     UNIT         ?CO?WIFI
            CODE    2849H     0137H     UNIT         ?PR?INIT?WIFI
            CODE    2980H     0129H     UNIT         ?PR?LOG?LOG
            CODE    2AA9H     011EH     UNIT         ?PR?_RECEIVESTR?24C02
            CODE    2BC7H     0106H     UNIT         ?PR?HEART?WIFI
            CODE    2CCDH     00FDH     UNIT         ?PR?UART2_ISR?UART2
            CODE    2DCAH     00F4H     UNIT         ?PR?ESP12S_TO_COMPUTER?WIFI
            CODE    2EBEH     00F0H     UNIT         ?PR?FORMULA_CALCTEMP?NTC
            CODE    2FAEH     00E2H     UNIT         ?PR?_CRC_CHECK?CRC16
            CODE    3090H     00DAH     UNIT         ?PR?_SENDSTR?24C02
            CODE    316AH     00D9H     UNIT         ?PR?UART1_ISR?UART1
            CODE    3243H     00D9H     UNIT         ?PR?_DELAY_BRIGHT_ADJ?TM1620
            CODE    331CH     00CCH     UNIT         ?PR?PROTOCOL?UART1
            CODE    33E8H     00CCH     UNIT         ?PR?PROTOCOL?UART2
            CODE    34B4H     00C0H     UNIT         ?PR?UART1_INIT?UART1
            CODE    3574H     00BFH     UNIT         ?PR?_STRSTR?STRSTR
            CODE    3633H     00BEH     UNIT         ?PR?SYSTEM_INIT?SYSINIT
            CODE    36F1H     00BCH     UNIT         ?PR?TIMER0_ISR?TIMER0
            CODE    37ADH     00B4H     UNIT         ?PR?_SENDSTRING?UART1
            CODE    3861H     0091H     UNIT         ?PR?_SENDARRAY?UART1
            CODE    38F2H     008CH     UNIT         ?C_C51STARTUP
            CODE    397EH     0087H     UNIT         ?PR?UART2_INIT?UART2
            CODE    3A05H     0086H     UNIT         ?PR?KEY_DETECT?KEY1
            CODE    3A8BH     0085H     UNIT         ?PR?_BACKUPDUTY?PWM
            CODE    3B10H     0084H     UNIT         ?PR?_READDUTY?PWM
            CODE    3B94H     007EH     UNIT         ?CO?MODBUSRTU
            CODE    3C12H     007EH     UNIT         ?PR?_SENDBYTE?UART2
            CODE    3C90H     0072H     UNIT         ?PR?INIT?TM1620
            CODE    3D02H     006AH     UNIT         ?PR?_SENDSTRING?UART2
            CODE    3D6CH     0066H     UNIT         ?PR?_SENDBYTE?IIC
            CODE    3DD2H     005EH     UNIT         ?PR?_TM1620_WRITE_BYTE?TM1620
            CODE    3E30H     005CH     UNIT         ?PR?SET_BRIGHTNESS?PWM
            CODE    3E8CH     0058H     UNIT         ?PR?PWM_LED_ADJUST_BRIGHTNESS?PWM
            CODE    3EE4H     0056H     UNIT         ?PR?MAIN?MAIN
            CODE    3F3AH     0053H     UNIT         ?PR?ADC_MEASURE?ADC
            CODE    3F8DH     004DH     UNIT         ?PR?_SENDBYTE?UART1
            CODE    3FDAH     004DH     UNIT         ?PR?_SENDARRAY?UART2
            CODE    4027H     004BH     UNIT         ?PR?RCVBYTE?IIC
            CODE    4072H     0044H     UNIT         ?PR?GPIO_INIT?SYSINIT
            CODE    40B6H     0044H     UNIT         ?PR?_DISP_NUMBER?TM1620
            CODE    40FAH     0041H     UNIT         ?PR?_DELAYMS?PUBLIC
            CODE    413BH     0041H     UNIT         ?PR?_READBYTE?EEPROM
            CODE    417CH     003EH     UNIT         ?PR?_MEMORY_CLR?PUBLIC
            CODE    41BAH     003DH     UNIT         ?PR?_WRITEBYTE?EEPROM
            CODE    41F7H     0036H     UNIT         ?PR?RUN_INDICATION?SYSINIT
            CODE    422DH     0034H     UNIT         ?CO?KEY2
            CODE    4261H     0031H     UNIT         ?PR?_ERASESECTOR?EEPROM
            CODE    4292H     002DH     UNIT         ?PR?PWM_INIT?PWM
            CODE    42BFH     0025H     UNIT         ?PR?ERROR_HANDLER?PUBLIC
            CODE    42E4H     0022H     UNIT         ?PR?_PUTCHAR?UART1
            CODE    4306H     0022H     UNIT         ?PR?ADC_INIT?ADC
            CODE    4328H     0019H     UNIT         ?PR?RECEIVE_MODE?UART1
            CODE    4341H     0019H     UNIT         ?PR?NTC_SWITCH_ON?NTC
            CODE    435AH     0018H     UNIT         ?PR?DELAY1MS?PUBLIC
BL51 BANKED LINKER/LOCATER V6.22.2.0                                                  07/06/2024  17:17:33  PAGE 5


            CODE    4372H     0017H     UNIT         ?PR?QUASI_BIDIRECTIONAL?IO_MODE
            CODE    4389H     0015H     UNIT         ?PR?OPEN_DRAIN?IO_MODE
            CODE    439EH     0015H     UNIT         ?PR?FLOATING_INPUT?IO_MODE
            CODE    43B3H     0014H     UNIT         ?CO?UART1
            CODE    43C7H     0014H     UNIT         ?CO?UART2
            CODE    43DBH     0013H     UNIT         ?PR?INT0_ISR?KEY1
            CODE    43EEH     0012H     UNIT         ?PR?INIT?WATCHDOG
            CODE    4400H     0011H     UNIT         ?PR?TIMER0_INIT?TIMER0
            CODE    4411H     0010H     UNIT         ?PR?IAPIDLE?EEPROM
            CODE    4421H     0010H     UNIT         ?PR?ACK_I2C?IIC
            CODE    4431H     0010H     UNIT         ?PR?NOACK_I2C?IIC
            CODE    4441H     000FH     UNIT         ?PR?START_I2C?IIC
            CODE    4450H     000EH     UNIT         ?PR?IE_INIT?SYSINIT
            CODE    445EH     000DH     UNIT         ?PR?STOP_I2C?IIC
            CODE    446BH     000CH     UNIT         ?CO?PUBLIC
            CODE    4477H     000BH     UNIT         ?PR?GET_WATCHDOGSTATUS?WATCHDOG
            CODE    4482H     000AH     UNIT         ?CO?MAIN
            CODE    448CH     000AH     UNIT         ?CO?TM1620
            CODE    4496H     0006H     UNIT         ?PR?DELAY?IIC
            CODE    449CH     0004H     UNIT         ?PR?START?WATCHDOG
            CODE    44A0H     0004H     UNIT         ?PR?CLOSE?WATCHDOG
            CODE    44A4H     0004H     UNIT         ?PR?CLEAR?WATCHDOG
            CODE    44A8H     0003H     UNIT         ?PR?LED_FLIP?PUBLIC
            CODE    44ABH     0003H     UNIT         ?PR?NTC_SWITCH_OFF?NTC
            CODE    44AEH     0001H     UNIT         ?PR?SEND_MODE?UART2
            CODE    44AFH     0001H     UNIT         ?PR?RECEIVE_MODE?UART2
            CODE    44B0H     0001H     UNIT         ?PR?SEND_DATA?WIFI
            CODE    44B1H     0001H     UNIT         ?PR?RECEIVE_DATA?WIFI



OVERLAY MAP OF MODULE:   .\Obj\Key2 (MAIN)


SEGMENT                                         BIT_GROUP          DATA_GROUP          XDATA_GROUP
  +--> CALLED SEGMENT                        START    LENGTH     START    LENGTH     START    LENGTH
----------------------------------------------------------------------------------------------------
?C_C51STARTUP                                -----    -----      -----    -----      -----    -----
  +--> ?PR?MAIN?MAIN
  +--> ?C_INITSEG

?PR?MAIN?MAIN                                -----    -----      -----    -----      -----    -----
  +--> ?CO?MAIN

?C_INITSEG                                   -----    -----      -----    -----      -----    -----
  +--> ?PR?_DELAYMS?PUBLIC
  +--> ?PR?ERROR_HANDLER?PUBLIC
  +--> ?PR?SOFTRESET?PUBLIC
  +--> ?PR?LED_FLIP?PUBLIC
  +--> ?PR?_MEMORY_CLR?PUBLIC
  +--> ?PR?PUSH_PULL?IO_MODE
  +--> ?PR?OPEN_DRAIN?IO_MODE
  +--> ?PR?FLOATING_INPUT?IO_MODE
  +--> ?PR?QUASI_BIDIRECTIONAL?IO_MODE
  +--> ?PR?UART1_INIT?UART1
  +--> ?PR?_SENDBYTE?UART1
  +--> ?PR?_SENDARRAY?UART1
BL51 BANKED LINKER/LOCATER V6.22.2.0                                                  07/06/2024  17:17:33  PAGE 6


  +--> ?PR?_SENDSTRING?UART1
  +--> ?PR?PROTOCOL?UART1
  +--> ?PR?SEND_MODE?UART1
  +--> ?PR?RECEIVE_MODE?UART1
  +--> ?PR?GPIO_INIT?SYSINIT
  +--> ?PR?IE_INIT?SYSINIT
  +--> ?PR?RUN_INDICATION?SYSINIT
  +--> ?PR?SYSTEM_INIT?SYSINIT
  +--> ?PR?_CRC_CHECK?CRC16
  +--> ?PR?_PROTOCOL_ANALYSIS?MODBUSRTU
  +--> ?PR?TIMER0_INIT?TIMER0
  +--> ?PR?UART2_INIT?UART2
  +--> ?PR?_SENDBYTE?UART2
  +--> ?PR?_SENDARRAY?UART2
  +--> ?PR?_SENDSTRING?UART2
  +--> ?PR?PROTOCOL?UART2
  +--> ?PR?SEND_MODE?UART2
  +--> ?PR?RECEIVE_MODE?UART2
  +--> ?PR?INIT?WIFI
  +--> ?PR?SMARTCONFIG?WIFI
  +--> ?PR?TCP_CONNECT_SERVER?WIFI
  +--> ?PR?SEND_DATA?WIFI
  +--> ?PR?RECEIVE_DATA?WIFI
  +--> ?PR?HEART?WIFI
  +--> ?PR?COMPUTER_TO_ESP12S?WIFI
  +--> ?PR?ESP12S_TO_COMPUTER?WIFI
  +--> ?PR?KEY_DETECT?KEY1
  +--> ?PR?INIT?TM1620
  +--> ?PR?_DISP_NUMBER?TM1620
  +--> ?PR?_DELAY_BRIGHT_ADJ?TM1620
  +--> ?PR?PWM_INIT?PWM
  +--> ?PR?PWM_LED_ADJUST_BRIGHTNESS?PWM
  +--> ?PR?SET_BRIGHTNESS?PWM
  +--> ?PR?_BACKUPDUTY?PWM
  +--> ?PR?_READDUTY?PWM
  +--> ?PR?ADC_INIT?ADC
  +--> ?PR?ADC_MEASURE?ADC
  +--> ?PR?ADC_MEASUREFILTER?ADC
  +--> ?PR?_READBYTE?EEPROM
  +--> ?PR?_WRITEBYTE?EEPROM
  +--> ?PR?_ERASESECTOR?EEPROM
  +--> ?PR?I2C_INIT?IIC
  +--> ?PR?START_I2C?IIC
  +--> ?PR?STOP_I2C?IIC
  +--> ?PR?_SENDBYTE?IIC
  +--> ?PR?RCVBYTE?IIC
  +--> ?PR?ACK_I2C?IIC
  +--> ?PR?NOACK_I2C?IIC
  +--> ?PR?_SENDSTR?24C02
  +--> ?PR?_RECEIVESTR?24C02
  +--> ?PR?FORMULA_CALCTEMP?NTC
  +--> ?PR?FORM_CHECKTEMP?NTC
  +--> ?PR?INIT?WATCHDOG
  +--> ?PR?GET_WATCHDOGSTATUS?WATCHDOG
  +--> ?PR?START?WATCHDOG
  +--> ?PR?CLOSE?WATCHDOG
  +--> ?PR?CLEAR?WATCHDOG
BL51 BANKED LINKER/LOCATER V6.22.2.0                                                  07/06/2024  17:17:33  PAGE 7


  +--> ?PR?KEY_DETECT?KEY2

?PR?_DELAYMS?PUBLIC                          -----    -----      -----    -----      -----    -----
  +--> ?PR?DELAY1MS?PUBLIC

?PR?ERROR_HANDLER?PUBLIC                     -----    -----      -----    -----      -----    -----
  +--> ?CO?PUBLIC

?PR?PROTOCOL?UART1                           -----    -----      -----    -----      -----    -----
  +--> ?CO?UART1
  +--> ?PR?PRINTF?PRINTF

?PR?PRINTF?PRINTF                            0020H.0  0001H.1    0010H    0005H      013CH    0030H
  +--> ?PR?_PUTCHAR?UART1

?PR?_PROTOCOL_ANALYSIS?MODBUSRTU             -----    -----      -----    -----      -----    -----
  +--> ?PR?_MODBUS_READ_REGISTER?MODBUSRTU
  +--> ?PR?_MODBUS_WRITE_REGISTER?MODBUSRTU
  +--> ?CO?MODBUSRTU
  +--> ?PR?PRINTF?PRINTF

?PR?_MODBUS_READ_REGISTER?MODBUSRTU          -----    -----      -----    -----      -----    -----
  +--> ?CO?MODBUSRTU
  +--> ?PR?PRINTF?PRINTF

?PR?_MODBUS_WRITE_REGISTER?MODBUSRTU         -----    -----      -----    -----      -----    -----
  +--> ?CO?MODBUSRTU
  +--> ?PR?PRINTF?PRINTF

?PR?PROTOCOL?UART2                           -----    -----      -----    -----      -----    -----
  +--> ?CO?UART2
  +--> ?PR?PRINTF?PRINTF

?PR?INIT?WIFI                                -----    -----      -----    -----      -----    -----
  +--> ?CO?WIFI
  +--> ?PR?_STRSTR?STRSTR

?PR?_STRSTR?STRSTR                           -----    -----      -----    -----      013CH    000CH

?PR?SMARTCONFIG?WIFI                         -----    -----      -----    -----      -----    -----
  +--> ?CO?WIFI
  +--> ?PR?_SENDAT?WIFI
  +--> ?PR?_STRSTR?STRSTR

?PR?_SENDAT?WIFI                             -----    -----      -----    -----      -----    -----
  +--> ?CO?WIFI
  +--> ?PR?_STRSTR?STRSTR

?PR?TCP_CONNECT_SERVER?WIFI                  -----    -----      -----    -----      -----    -----
  +--> ?CO?WIFI
  +--> ?PR?PRINTF?PRINTF
  +--> ?PR?_SENDAT?WIFI

?PR?HEART?WIFI                               -----    -----      -----    -----      -----    -----
  +--> ?CO?WIFI
  +--> ?PR?_STRSTR?STRSTR

BL51 BANKED LINKER/LOCATER V6.22.2.0                                                  07/06/2024  17:17:33  PAGE 8


?PR?COMPUTER_TO_ESP12S?WIFI                  -----    -----      -----    -----      -----    -----
  +--> ?CO?WIFI
  +--> ?PR?_STRSTR?STRSTR
  +--> ?PR?PRINTF?PRINTF

?PR?ESP12S_TO_COMPUTER?WIFI                  -----    -----      -----    -----      -----    -----
  +--> ?CO?WIFI
  +--> ?PR?_STRSTR?STRSTR

?PR?INIT?TM1620                              -----    -----      -----    -----      -----    -----
  +--> ?PR?_TM1620_WRITE_BYTE?TM1620

?PR?_DISP_NUMBER?TM1620                      -----    -----      -----    -----      -----    -----
  +--> ?PR?_TM1620_WRITE_BYTE?TM1620
  +--> ?CO?TM1620

?PR?PWM_INIT?PWM                             -----    -----      -----    -----      -----    -----
  +--> ?PR?_READDUTY?PWM
  +--> ?PR?SET_BRIGHTNESS?PWM

?PR?PWM_LED_ADJUST_BRIGHTNESS?PWM            -----    -----      -----    -----      -----    -----
  +--> ?PR?SET_BRIGHTNESS?PWM

?PR?_READBYTE?EEPROM                         -----    -----      -----    -----      -----    -----
  +--> ?PR?IAPIDLE?EEPROM

?PR?_WRITEBYTE?EEPROM                        -----    -----      -----    -----      -----    -----
  +--> ?PR?IAPIDLE?EEPROM

?PR?_ERASESECTOR?EEPROM                      -----    -----      -----    -----      -----    -----
  +--> ?PR?IAPIDLE?EEPROM

?PR?START_I2C?IIC                            -----    -----      -----    -----      -----    -----
  +--> ?PR?DELAY?IIC

?PR?STOP_I2C?IIC                             -----    -----      -----    -----      -----    -----
  +--> ?PR?DELAY?IIC

?PR?_SENDBYTE?IIC                            -----    -----      -----    -----      -----    -----
  +--> ?PR?DELAY?IIC

?PR?RCVBYTE?IIC                              -----    -----      -----    -----      -----    -----
  +--> ?PR?DELAY?IIC

?PR?ACK_I2C?IIC                              -----    -----      -----    -----      -----    -----
  +--> ?PR?DELAY?IIC

?PR?NOACK_I2C?IIC                            -----    -----      -----    -----      -----    -----
  +--> ?PR?DELAY?IIC

?PR?FORMULA_CALCTEMP?NTC                     -----    -----      -----    -----      -----    -----
  +--> ?PR?NTC_SWITCH_ON?NTC
  +--> ?PR?NTC_SWITCH_OFF?NTC
  +--> ?PR?LOG?LOG

?PR?LOG?LOG                                  0020H.0  0000H.1    -----    -----      013CH    0004H

BL51 BANKED LINKER/LOCATER V6.22.2.0                                                  07/06/2024  17:17:33  PAGE 9


?PR?FORM_CHECKTEMP?NTC                       -----    -----      -----    -----      -----    -----
  +--> ?PR?NTC_SWITCH_ON?NTC
  +--> ?PR?NTC_SWITCH_OFF?NTC
  +--> ?CO?NTC

?PR?KEY_DETECT?KEY2                          -----    -----      -----    -----      -----    -----
  +--> ?CO?KEY2
  +--> ?PR?PRINTF?PRINTF



SYMBOL TABLE OF MODULE:  .\Obj\Key2 (MAIN)

  VALUE           TYPE          NAME
  ----------------------------------

  -------         MODULE        MAIN
  C:0000H         SYMBOL        _ICE_DUMMY_
  I:0026H         PUBLIC        flag11
  D:0080H         PUBLIC        P0
  D:0090H         PUBLIC        P1
  D:00A0H         PUBLIC        P2
  D:00B0H         PUBLIC        P3
  D:00C0H         PUBLIC        P4
  D:00C8H         PUBLIC        P5
  D:00E8H         PUBLIC        P6
  D:00F8H         PUBLIC        P7
  D:00A8H         PUBLIC        IE
  D:00B8H         PUBLIC        IP
  D:00D8H         PUBLIC        CCON
  C:3EE4H         PUBLIC        main
  D:0098H         PUBLIC        SCON
  D:0088H         PUBLIC        TCON
  D:00D0H         PUBLIC        PSW
  -------         PROC          MAIN
  -------         DO            
  X:02D9H         SYMBOL        ret
  -------         ENDDO         
  C:3EE4H         LINE#         16
  C:3EE4H         LINE#         17
  C:3EE4H         LINE#         18
  C:3EE9H         LINE#         20
  C:3EF7H         LINE#         21
  C:3F1BH         LINE#         23
  C:3F1BH         LINE#         24
  C:3F1BH         LINE#         27
  C:3F29H         LINE#         28
  C:3F37H         LINE#         29
  -------         ENDPROC       MAIN
  -------         ENDMOD        MAIN

  -------         MODULE        PUBLIC
  C:0000H         SYMBOL        _ICE_DUMMY_
  C:417CH         PUBLIC        _Memory_Clr
  D:0080H         PUBLIC        P0
  D:0090H         PUBLIC        P1
  D:00A0H         PUBLIC        P2
BL51 BANKED LINKER/LOCATER V6.22.2.0                                                  07/06/2024  17:17:33  PAGE 10


  D:00B0H         PUBLIC        P3
  C:44A8H         SYMBOL        Led_Flip
  D:00C0H         PUBLIC        P4
  C:435AH         SYMBOL        Delay1ms
  D:00C8H         PUBLIC        P5
  D:00E8H         PUBLIC        P6
  D:00F8H         PUBLIC        P7
  D:00A8H         PUBLIC        IE
  D:00B8H         PUBLIC        IP
  D:00D8H         PUBLIC        CCON
  C:42BFH         SYMBOL        Error_Handler
  D:0098H         PUBLIC        SCON
  D:0088H         PUBLIC        TCON
  B:00B0H.4       PUBLIC        P34
  X:016CH         PUBLIC        Modbus_Regist
  D:00C7H         PUBLIC        IAP_CONTR
  C:003FH         SYMBOL        softReset
  C:40FAH         SYMBOL        _Delayms
  X:0180H         PUBLIC        Public
  D:00D0H         PUBLIC        PSW
  -------         PROC          ERROR_HANDLER
  C:42BFH         LINE#         27
  C:42BFH         LINE#         28
  C:42BFH         LINE#         29
  C:42E3H         LINE#         30
  -------         ENDPROC       ERROR_HANDLER
  -------         PROC          SOFTRESET
  C:003FH         LINE#         33
  C:003FH         LINE#         34
  C:003FH         LINE#         35
  C:0042H         LINE#         36
  -------         ENDPROC       SOFTRESET
  -------         PROC          LED_FLIP
  C:44A8H         LINE#         39
  C:44A8H         LINE#         40
  C:44A8H         LINE#         41
  C:44AAH         LINE#         42
  -------         ENDPROC       LED_FLIP
  -------         PROC          _MEMORY_CLR
  X:02A1H         SYMBOL        pucString
  X:02A4H         SYMBOL        LEN
  C:417CH         LINE#         45
  C:418CH         LINE#         46
  C:418CH         LINE#         47
  C:41A3H         LINE#         48
  C:41B9H         LINE#         49
  -------         ENDPROC       _MEMORY_CLR
  -------         PROC          _DELAYMS
  X:02A5H         SYMBOL        ms
  -------         DO            
  X:02A7H         SYMBOL        k
  -------         ENDDO         
  C:40FAH         LINE#         53
  C:4102H         LINE#         54
  C:4102H         LINE#         56
  C:4127H         LINE#         57
  C:4127H         LINE#         58
BL51 BANKED LINKER/LOCATER V6.22.2.0                                                  07/06/2024  17:17:33  PAGE 11


  C:412AH         LINE#         59
  C:413AH         LINE#         60
  -------         ENDPROC       _DELAYMS
  -------         PROC          DELAY1MS
  -------         DO            
  D:0015H         SYMBOL        i
  D:0016H         SYMBOL        j
  -------         ENDDO         
  C:435AH         LINE#         63
  C:435AH         LINE#         64
  C:435AH         LINE#         67
  C:435BH         LINE#         68
  C:435CH         LINE#         69
  C:435DH         LINE#         70
  C:4360H         LINE#         71
  C:4363H         LINE#         73
  C:4363H         LINE#         74
  C:436AH         LINE#         75
  C:4371H         LINE#         76
  -------         ENDPROC       DELAY1MS
  -------         ENDMOD        PUBLIC

  -------         MODULE        IO_MODE
  C:0000H         SYMBOL        _ICE_DUMMY_
  X:020BH         PUBLIC        IO_Mode
  D:0080H         PUBLIC        P0
  D:00B2H         PUBLIC        P3M0
  D:0090H         PUBLIC        P1
  D:00B1H         PUBLIC        P3M1
  D:00A0H         PUBLIC        P2
  D:00B0H         PUBLIC        P3
  D:00C0H         PUBLIC        P4
  D:00C8H         PUBLIC        P5
  D:00E8H         PUBLIC        P6
  D:00F8H         PUBLIC        P7
  D:00A8H         PUBLIC        IE
  D:00B8H         PUBLIC        IP
  C:000EH         SYMBOL        Push_Pull
  D:00D8H         PUBLIC        CCON
  C:439EH         SYMBOL        Floating_Input
  D:0098H         PUBLIC        SCON
  D:0088H         PUBLIC        TCON
  B:00B0H.2       PUBLIC        P32
  B:00B0H.3       PUBLIC        P33
  B:00B0H.4       PUBLIC        P34
  C:4372H         SYMBOL        Quasi_bidirectional
  C:4389H         SYMBOL        Open_Drain
  D:00D0H         PUBLIC        PSW
  -------         PROC          PUSH_PULL
  C:000EH         LINE#         18
  C:000EH         LINE#         19
  C:000EH         LINE#         21
  C:0011H         LINE#         22
  C:0014H         LINE#         23
  C:0014H         LINE#         24
  C:0014H         LINE#         25
  C:0017H         LINE#         26
BL51 BANKED LINKER/LOCATER V6.22.2.0                                                  07/06/2024  17:17:33  PAGE 12


  C:0017H         LINE#         27
  C:0019H         LINE#         28
  C:001BH         LINE#         29
  C:001EH         LINE#         30
  C:001EH         LINE#         31
  C:0020H         LINE#         32
  C:0020H         LINE#         33
  -------         ENDPROC       PUSH_PULL
  -------         PROC          OPEN_DRAIN
  C:4389H         LINE#         37
  C:4389H         LINE#         38
  C:4389H         LINE#         40
  C:438CH         LINE#         41
  C:438FH         LINE#         42
  C:438FH         LINE#         43
  C:438FH         LINE#         44
  C:4392H         LINE#         45
  C:4392H         LINE#         46
  C:4394H         LINE#         47
  C:4396H         LINE#         48
  C:4399H         LINE#         49
  C:4399H         LINE#         50
  C:439BH         LINE#         51
  C:439BH         LINE#         52
  -------         ENDPROC       OPEN_DRAIN
  -------         PROC          FLOATING_INPUT
  C:439EH         LINE#         56
  C:439EH         LINE#         57
  C:439EH         LINE#         59
  C:43A1H         LINE#         60
  C:43A4H         LINE#         61
  C:43A4H         LINE#         62
  C:43A4H         LINE#         63
  C:43A7H         LINE#         64
  C:43A7H         LINE#         65
  C:43A9H         LINE#         66
  C:43ABH         LINE#         67
  C:43AEH         LINE#         68
  C:43AEH         LINE#         69
  C:43B0H         LINE#         70
  C:43B0H         LINE#         71
  -------         ENDPROC       FLOATING_INPUT
  -------         PROC          QUASI_BIDIRECTIONAL
  C:4372H         LINE#         76
  C:4372H         LINE#         77
  C:4372H         LINE#         79
  C:4375H         LINE#         80
  C:4378H         LINE#         81
  C:437AH         LINE#         82
  C:437AH         LINE#         83
  C:437AH         LINE#         84
  C:437DH         LINE#         85
  C:437DH         LINE#         86
  C:437FH         LINE#         87
  C:4381H         LINE#         88
  C:4384H         LINE#         89
  C:4384H         LINE#         90
BL51 BANKED LINKER/LOCATER V6.22.2.0                                                  07/06/2024  17:17:33  PAGE 13


  C:4386H         LINE#         91
  C:4386H         LINE#         92
  -------         ENDPROC       QUASI_BIDIRECTIONAL
  -------         ENDMOD        IO_MODE

  -------         MODULE        UART1
  C:0000H         SYMBOL        _ICE_DUMMY_
  D:0080H         PUBLIC        P0
  D:0090H         PUBLIC        P1
  D:00A0H         PUBLIC        P2
  D:00B0H         PUBLIC        P3
  D:00C0H         PUBLIC        P4
  D:00C8H         PUBLIC        P5
  D:00E8H         PUBLIC        P6
  D:00F8H         PUBLIC        P7
  C:37ADH         SYMBOL        _SendString
  X:00B7H         SYMBOL        SendBuf_Data
  D:00A8H         PUBLIC        IE
  C:3861H         SYMBOL        _SendArray
  D:00B8H         PUBLIC        IP
  B:0098H.0       PUBLIC        RI
  B:0098H.1       PUBLIC        TI
  C:316AH         PUBLIC        uart1_isr
  C:3F8DH         SYMBOL        _SendByte
  X:00E9H         SYMBOL        Receive_Data
  D:00D8H         PUBLIC        CCON
  C:4328H         SYMBOL        Receive_Mode
  D:0099H         PUBLIC        SBUF
  D:0087H         PUBLIC        PCON
  B:00A0H.0       PUBLIC        P20
  D:0098H         PUBLIC        SCON
  D:0089H         PUBLIC        TMOD
  D:0088H         PUBLIC        TCON
  D:008EH         PUBLIC        AUXR
  D:00E0H         PUBLIC        ACC
  B:00A8H.3       PUBLIC        ET1
  B:0098H.2       PUBLIC        RB8
  D:008DH         PUBLIC        TH1
  B:0098H.3       PUBLIC        TB8
  B:00D0H.0       PUBLIC        P
  D:008BH         PUBLIC        TL1
  C:331CH         SYMBOL        Protocol
  B:0088H.6       PUBLIC        TR1
  C:34B4H         SYMBOL        UART1_Init
  B:0098H.4       PUBLIC        REN
  X:011BH         PUBLIC        UART1
  D:00A2H         PUBLIC        AUXR1
  C:0026H         SYMBOL        Send_Mode
  D:00D0H         PUBLIC        PSW
  C:42E4H         PUBLIC        _putchar
  -------         PROC          UART1_INIT
  C:34B4H         LINE#         45
  C:34B4H         LINE#         46
  C:34B4H         LINE#         48
  C:34C4H         LINE#         49
  C:34C4H         LINE#         50
  C:34C4H         LINE#         51
BL51 BANKED LINKER/LOCATER V6.22.2.0                                                  07/06/2024  17:17:33  PAGE 14


  C:34C7H         LINE#         52
  C:34C9H         LINE#         53
  C:34C9H         LINE#         54
  C:34CCH         LINE#         55
  C:34CCH         LINE#         56
  C:34CCH         LINE#         58
  C:34E2H         LINE#         59
  C:34E2H         LINE#         60
  C:34E2H         LINE#         61
  C:34E2H         LINE#         62
  C:34E5H         LINE#         63
  C:34E7H         LINE#         64
  C:34E7H         LINE#         66
  C:34EAH         LINE#         67
  C:34EDH         LINE#         68
  C:34EDH         LINE#         69
  C:34EDH         LINE#         71
  C:34F0H         LINE#         72
  C:34F3H         LINE#         73
  C:34F6H         LINE#         74
  C:34F9H         LINE#         77
  C:3512H         LINE#         78
  C:3512H         LINE#         79
  C:351AH         LINE#         80
  C:3522H         LINE#         81
  C:352AH         LINE#         82
  C:3532H         LINE#         83
  C:3538H         LINE#         84
  C:3538H         LINE#         86
  C:353AH         LINE#         87
  C:353CH         LINE#         88
  C:353EH         LINE#         91
  C:3569H         LINE#         92
  C:356EH         LINE#         93
  C:3573H         LINE#         94
  -------         ENDPROC       UART1_INIT
  -------         PROC          _SENDBYTE
  X:02DAH         SYMBOL        dat
  -------         DO            
  B:0021H.5       SYMBOL        temp_P
  -------         ENDDO         
  C:3F8DH         LINE#         102
  C:3F92H         LINE#         103
  C:3F92H         LINE#         105
  C:3F9CH         LINE#         107
  C:3FA4H         LINE#         108
  C:3FA4H         LINE#         109
  C:3FAAH         LINE#         110
  C:3FAEH         LINE#         111
  C:3FC1H         LINE#         112
  C:3FC1H         LINE#         113
  C:3FC8H         LINE#         114
  C:3FCCH         LINE#         115
  C:3FCCH         LINE#         116
  C:3FCCH         LINE#         118
  C:3FD2H         LINE#         119
  C:3FD9H         LINE#         120
BL51 BANKED LINKER/LOCATER V6.22.2.0                                                  07/06/2024  17:17:33  PAGE 15


  -------         ENDPROC       _SENDBYTE
  -------         PROC          _SENDSTRING
  X:02B9H         SYMBOL        str1
  -------         DO            
  I:001EH         SYMBOL        str_i
  -------         ENDDO         
  C:37ADH         LINE#         123
  C:37B8H         LINE#         124
  C:37B8H         LINE#         125
  C:37BFH         LINE#         128
  C:37C8H         LINE#         129
  C:37C8H         LINE#         130
  C:37D6H         LINE#         131
  C:37D6H         LINE#         133
  C:37F3H         LINE#         134
  C:37F3H         LINE#         135
  C:381FH         LINE#         136
  C:3827H         LINE#         137
  C:3829H         LINE#         138
  C:3833H         LINE#         140
  C:383CH         LINE#         141
  C:383CH         LINE#         142
  C:3852H         LINE#         143
  C:3860H         LINE#         144
  C:3860H         LINE#         145
  -------         ENDPROC       _SENDSTRING
  -------         PROC          _SENDARRAY
  X:02A9H         SYMBOL        array
  X:02ACH         SYMBOL        LEN
  C:3861H         LINE#         148
  C:3871H         LINE#         149
  C:3871H         LINE#         151
  C:387AH         LINE#         152
  C:387AH         LINE#         153
  C:3888H         LINE#         154
  C:3888H         LINE#         156
  C:3892H         LINE#         157
  C:3892H         LINE#         158
  C:38B8H         LINE#         159
  C:38BAH         LINE#         160
  C:38C4H         LINE#         162
  C:38CDH         LINE#         163
  C:38CDH         LINE#         164
  C:38E3H         LINE#         165
  C:38F1H         LINE#         166
  C:38F1H         LINE#         167
  -------         ENDPROC       _SENDARRAY
  -------         PROC          _PUTCHAR
  X:02DBH         SYMBOL        C
  C:42E4H         LINE#         170
  C:42E9H         LINE#         171
  C:42E9H         LINE#         172
  C:4300H         LINE#         173
  C:4305H         LINE#         174
  -------         ENDPROC       _PUTCHAR
  -------         PROC          SEND_MODE
  C:0026H         LINE#         177
BL51 BANKED LINKER/LOCATER V6.22.2.0                                                  07/06/2024  17:17:33  PAGE 16


  C:0026H         LINE#         178
  C:0026H         LINE#         179
  C:0028H         LINE#         180
  C:003EH         LINE#         181
  -------         ENDPROC       SEND_MODE
  -------         PROC          RECEIVE_MODE
  C:4328H         LINE#         184
  C:4328H         LINE#         185
  C:4328H         LINE#         186
  C:433EH         LINE#         187
  C:4340H         LINE#         188
  -------         ENDPROC       RECEIVE_MODE
  -------         PROC          PROTOCOL
  -------         DO            
  B:0021H.6       SYMBOL        Receive_8_Byte
  -------         ENDDO         
  C:331CH         LINE#         191
  C:331CH         LINE#         192
  C:331CH         LINE#         193
  C:331EH         LINE#         194
  C:332BH         LINE#         195
  C:332BH         LINE#         197
  C:333EH         LINE#         198
  C:333EH         LINE#         199
  C:3345H         LINE#         201
  C:3350H         LINE#         202
  C:3350H         LINE#         203
  C:3360H         LINE#         204
  C:3360H         LINE#         205
  C:3362H         LINE#         206
  C:3362H         LINE#         207
  C:3362H         LINE#         208
  C:3362H         LINE#         209
  C:3365H         LINE#         210
  C:3365H         LINE#         211
  C:3388H         LINE#         212
  C:338AH         LINE#         214
  C:338AH         LINE#         216
  C:3398H         LINE#         217
  C:33A1H         LINE#         218
  C:33AFH         LINE#         220
  C:33AFH         LINE#         221
  C:33AFH         LINE#         223
  C:33DDH         LINE#         224
  C:33E2H         LINE#         225
  C:33E7H         LINE#         226
  C:33E7H         LINE#         227
  -------         ENDPROC       PROTOCOL
  -------         PROC          UART1_ISR
  -------         DO            
  X:02DCH         SYMBOL        temp_SBUF
  B:0021H.1       SYMBOL        temp_RB8
  B:0021H.2       SYMBOL        temp_p
  -------         ENDDO         
  C:316AH         LINE#         235
  C:3175H         LINE#         241
  C:3178H         LINE#         242
BL51 BANKED LINKER/LOCATER V6.22.2.0                                                  07/06/2024  17:17:33  PAGE 17


  C:3178H         LINE#         243
  C:317AH         LINE#         244
  C:317FH         LINE#         245
  C:317FH         LINE#         247
  C:3185H         LINE#         248
  C:3185H         LINE#         249
  C:3187H         LINE#         250
  C:318DH         LINE#         251
  C:3191H         LINE#         252
  C:3197H         LINE#         253
  C:319BH         LINE#         254
  C:31A9H         LINE#         255
  C:31A9H         LINE#         256
  C:31BFH         LINE#         257
  C:31BFH         LINE#         258
  C:31BFH         LINE#         260
  C:31C8H         LINE#         261
  C:31C8H         LINE#         262
  C:31E8H         LINE#         263
  C:31E8H         LINE#         264
  C:31EAH         LINE#         265
  C:31EAH         LINE#         266
  C:31F2H         LINE#         267
  C:31F2H         LINE#         268
  C:3212H         LINE#         269
  C:3212H         LINE#         270
  C:3214H         LINE#         271
  C:3214H         LINE#         272
  C:3234H         LINE#         273
  C:3234H         LINE#         274
  C:3234H         LINE#         275
  C:3234H         LINE#         276
  C:323AH         LINE#         277
  C:323AH         LINE#         278
  -------         ENDPROC       UART1_ISR
  -------         ENDMOD        UART1

  -------         MODULE        SYSINIT
  C:0000H         SYMBOL        _ICE_DUMMY_
  D:0092H         PUBLIC        P1M0
  D:0093H         PUBLIC        P0M1
  C:3633H         SYMBOL        System_Init
  D:0096H         PUBLIC        P2M0
  D:0091H         PUBLIC        P1M1
  D:0080H         PUBLIC        P0
  D:00B2H         PUBLIC        P3M0
  D:0095H         PUBLIC        P2M1
  D:0090H         PUBLIC        P1
  D:00B1H         PUBLIC        P3M1
  D:00A0H         PUBLIC        P2
  D:00CAH         PUBLIC        P5M0
  D:00B0H         PUBLIC        P3
  D:00C9H         PUBLIC        P5M1
  D:00C0H         PUBLIC        P4
  C:4450H         SYMBOL        IE_Init
  D:00C8H         PUBLIC        P5
  B:00A8H.7       PUBLIC        EA
BL51 BANKED LINKER/LOCATER V6.22.2.0                                                  07/06/2024  17:17:33  PAGE 18


  D:00E8H         PUBLIC        P6
  D:00F8H         PUBLIC        P7
  D:00A8H         PUBLIC        IE
  B:00A8H.4       PUBLIC        ES
  D:00B8H         PUBLIC        IP
  C:41F7H         SYMBOL        Run_Indication
  D:00D8H         PUBLIC        CCON
  C:4072H         SYMBOL        GPIO_Init
  X:0217H         PUBLIC        Hardware_Init
  D:0098H         PUBLIC        SCON
  D:0088H         PUBLIC        TCON
  B:00B0H.4       PUBLIC        P34
  B:00B0H.5       PUBLIC        P35
  B:00C8H.4       PUBLIC        P54
  B:00C8H.5       PUBLIC        P55
  D:00AFH         PUBLIC        IE2
  B:00A8H.1       PUBLIC        ET0
  B:0088H.0       PUBLIC        IT0
  B:00A8H.0       PUBLIC        EX0
  D:00D0H         PUBLIC        PSW
  D:0094H         PUBLIC        P0M0
  -------         PROC          GPIO_INIT
  C:4072H         LINE#         20
  C:4072H         LINE#         21
  C:4072H         LINE#         30
  C:4075H         LINE#         31
  C:4078H         LINE#         32
  C:407BH         LINE#         36
  C:407EH         LINE#         37
  C:4081H         LINE#         38
  C:4084H         LINE#         43
  C:4087H         LINE#         44
  C:408AH         LINE#         46
  C:408DH         LINE#         52
  C:4090H         LINE#         53
  C:4093H         LINE#         54
  C:4095H         LINE#         57
  C:4098H         LINE#         58
  C:409BH         LINE#         59
  C:409DH         LINE#         60
  C:409FH         LINE#         62
  C:40B5H         LINE#         63
  -------         ENDPROC       GPIO_INIT
  -------         PROC          IE_INIT
  C:4450H         LINE#         66
  C:4450H         LINE#         67
  C:4450H         LINE#         68
  C:4452H         LINE#         69
  C:4454H         LINE#         70
  C:4456H         LINE#         72
  C:4458H         LINE#         73
  C:445BH         LINE#         75
  C:445DH         LINE#         76
  -------         ENDPROC       IE_INIT
  -------         PROC          RUN_INDICATION
  -------         DO            
  X:02DDH         SYMBOL        i
BL51 BANKED LINKER/LOCATER V6.22.2.0                                                  07/06/2024  17:17:33  PAGE 19


  -------         ENDDO         
  C:41F7H         LINE#         79
  C:41F7H         LINE#         80
  C:41F7H         LINE#         81
  C:41FCH         LINE#         82
  C:420CH         LINE#         83
  C:420CH         LINE#         84
  C:420EH         LINE#         85
  C:4224H         LINE#         86
  C:422CH         LINE#         87
  -------         ENDPROC       RUN_INDICATION
  -------         PROC          SYSTEM_INIT
  C:3633H         LINE#         90
  C:3633H         LINE#         91
  C:3633H         LINE#         92
  C:3649H         LINE#         93
  C:3657H         LINE#         94
  C:3665H         LINE#         95
  C:3673H         LINE#         96
  C:3680H         LINE#         97
  C:368EH         LINE#         98
  C:369CH         LINE#         99
  C:36AAH         LINE#         100
  C:36B8H         LINE#         101
  C:36C6H         LINE#         102
  C:36D4H         LINE#         103
  C:36E2H         LINE#         104
  C:36F0H         LINE#         105
  -------         ENDPROC       SYSTEM_INIT
  -------         ENDMOD        SYSINIT

  -------         MODULE        CRC16
  C:0000H         SYMBOL        _ICE_DUMMY_
  D:0080H         PUBLIC        P0
  D:0090H         PUBLIC        P1
  D:00A0H         PUBLIC        P2
  D:00B0H         PUBLIC        P3
  D:00C0H         PUBLIC        P4
  D:00C8H         PUBLIC        P5
  D:00E8H         PUBLIC        P6
  D:00F8H         PUBLIC        P7
  D:00A8H         PUBLIC        IE
  D:00B8H         PUBLIC        IP
  C:2FAEH         SYMBOL        _CRC_Check
  X:0276H         PUBLIC        CRC_16
  D:00D8H         PUBLIC        CCON
  D:0098H         PUBLIC        SCON
  D:0088H         PUBLIC        TCON
  D:00D0H         PUBLIC        PSW
  -------         PROC          _CRC_CHECK
  X:026EH         SYMBOL        CRC_Ptr
  X:0271H         SYMBOL        LEN
  -------         DO            
  X:0272H         SYMBOL        CRC
  X:0274H         SYMBOL        CRC_i
  X:0275H         SYMBOL        CRC_j
  -------         ENDDO         
BL51 BANKED LINKER/LOCATER V6.22.2.0                                                  07/06/2024  17:17:33  PAGE 20


  C:2FAEH         LINE#         15
  C:2FBEH         LINE#         16
  C:2FBEH         LINE#         17
  C:2FC6H         LINE#         18
  C:2FCBH         LINE#         19
  C:2FD0H         LINE#         21
  C:2FDAH         LINE#         22
  C:2FF1H         LINE#         23
  C:2FF1H         LINE#         24
  C:3022H         LINE#         25
  C:3032H         LINE#         26
  C:3032H         LINE#         27
  C:303EH         LINE#         28
  C:305FH         LINE#         30
  C:3076H         LINE#         31
  C:307EH         LINE#         32
  C:3087H         LINE#         34
  C:308FH         LINE#         35
  -------         ENDPROC       _CRC_CHECK
  -------         ENDMOD        CRC16

  -------         MODULE        MODBUSRTU
  C:0000H         SYMBOL        _ICE_DUMMY_
  D:0080H         PUBLIC        P0
  D:0090H         PUBLIC        P1
  C:208BH         SYMBOL        _Protocol_Analysis
  D:00A0H         PUBLIC        P2
  D:00B0H         PUBLIC        P3
  D:00C0H         PUBLIC        P4
  D:00C8H         PUBLIC        P5
  D:00E8H         PUBLIC        P6
  D:00F8H         PUBLIC        P7
  C:1AB3H         SYMBOL        _Modbus_Write_Register
  D:00A8H         PUBLIC        IE
  D:00B8H         PUBLIC        IP
  D:00D8H         PUBLIC        CCON
  D:0098H         PUBLIC        SCON
  D:0088H         PUBLIC        TCON
  I:0022H         PUBLIC        Modbus
  C:0C53H         SYMBOL        _Modbus_Read_Register
  D:00D0H         PUBLIC        PSW
  -------         PROC          _PROTOCOL_ANALYSIS
  X:028BH         SYMBOL        UART
  -------         DO            
  X:028EH         SYMBOL        COM
  -------         ENDDO         
  C:208BH         LINE#         23
  C:2096H         LINE#         24
  C:2096H         LINE#         25
  C:20ACH         LINE#         28
  C:20CFH         LINE#         29
  C:20CFH         LINE#         31
  C:210BH         LINE#         32
  C:211CH         LINE#         33
  C:2129H         LINE#         35
  C:21C8H         LINE#         38
  C:21C8H         LINE#         40
BL51 BANKED LINKER/LOCATER V6.22.2.0                                                  07/06/2024  17:17:33  PAGE 21


  C:21EAH         LINE#         41
  C:21EAH         LINE#         42
  C:21F8H         LINE#         43
  C:21F9H         LINE#         44
  C:221BH         LINE#         45
  C:221BH         LINE#         46
  C:2229H         LINE#         47
  C:2229H         LINE#         48
  C:222AH         LINE#         50
  C:222AH         LINE#         52
  C:2238H         LINE#         53
  C:2241H         LINE#         54
  C:224FH         LINE#         56
  C:224FH         LINE#         57
  C:224FH         LINE#         58
  -------         ENDPROC       _PROTOCOL_ANALYSIS
  -------         PROC          _MODBUS_READ_REGISTER
  X:01FEH         SYMBOL        UART
  -------         DO            
  X:0201H         SYMBOL        COM
  X:0204H         SYMBOL        Start_Regist_Addr
  X:0206H         SYMBOL        Read_Regist_Num
  X:0208H         SYMBOL        Check_LEN
  X:0209H         SYMBOL        Read_Reg_i
  X:020AH         SYMBOL        Read_Reg_j
  -------         ENDDO         
  C:0C53H         LINE#         67
  C:0C5EH         LINE#         68
  C:0C5EH         LINE#         69
  C:0C74H         LINE#         70
  C:0C7CH         LINE#         71
  C:0C84H         LINE#         72
  C:0C8AH         LINE#         76
  C:0CEAH         LINE#         78
  C:0D4AH         LINE#         80
  C:0D94H         LINE#         81
  C:0D94H         LINE#         83
  C:0DB0H         LINE#         85
  C:0DCFH         LINE#         87
  C:0DF9H         LINE#         89
  C:0E17H         LINE#         90
  C:0E17H         LINE#         91
  C:0E47H         LINE#         92
  C:0E47H         LINE#         93
  C:0E55H         LINE#         94
  C:0E55H         LINE#         95
  C:0EC2H         LINE#         96
  C:0EC4H         LINE#         98
  C:0EC4H         LINE#         99
  C:0F2DH         LINE#         100
  C:0F2DH         LINE#         101
  C:0F36H         LINE#         102
  C:0F3DH         LINE#         103
  C:0F46H         LINE#         106
  C:0F85H         LINE#         107
  C:0FB1H         LINE#         108
  C:0FE1H         LINE#         111
BL51 BANKED LINKER/LOCATER V6.22.2.0                                                  07/06/2024  17:17:33  PAGE 22


  C:1021H         LINE#         112
  C:1022H         LINE#         113
  C:1041H         LINE#         114
  C:1041H         LINE#         116
  C:104FH         LINE#         117
  C:1058H         LINE#         118
  C:1066H         LINE#         120
  C:1067H         LINE#         122
  C:1067H         LINE#         124
  C:1075H         LINE#         125
  C:107EH         LINE#         126
  C:108CH         LINE#         128
  C:108CH         LINE#         129
  -------         ENDPROC       _MODBUS_READ_REGISTER
  -------         PROC          _MODBUS_WRITE_REGISTER
  X:022FH         SYMBOL        UART
  -------         DO            
  X:0232H         SYMBOL        COM
  X:0235H         SYMBOL        Write_RegAddr
  X:0237H         SYMBOL        Write_RegData
  X:0239H         SYMBOL        Send_i
  -------         ENDDO         
  C:1AB3H         LINE#         138
  C:1ABEH         LINE#         139
  C:1ABEH         LINE#         140
  C:1AD4H         LINE#         141
  C:1ADCH         LINE#         142
  C:1AE4H         LINE#         145
  C:1AF4H         LINE#         146
  C:1AF4H         LINE#         147
  C:1B38H         LINE#         148
  C:1B40H         LINE#         149
  C:1B7DH         LINE#         151
  C:1BDDH         LINE#         152
  C:1C3DH         LINE#         155
  C:1C5CH         LINE#         156
  C:1C5CH         LINE#         157
  C:1C82H         LINE#         158
  C:1C83H         LINE#         160
  C:1C83H         LINE#         162
  C:1C91H         LINE#         163
  C:1C9AH         LINE#         164
  C:1CA8H         LINE#         166
  C:1CA8H         LINE#         167
  -------         ENDPROC       _MODBUS_WRITE_REGISTER
  -------         ENDMOD        MODBUSRTU

  -------         MODULE        TIMER0
  C:0000H         SYMBOL        _ICE_DUMMY_
  D:0080H         PUBLIC        P0
  D:0090H         PUBLIC        P1
  D:00A0H         PUBLIC        P2
  D:00B0H         PUBLIC        P3
  D:00C0H         PUBLIC        P4
  D:00C8H         PUBLIC        P5
  D:00E8H         PUBLIC        P6
  D:00F8H         PUBLIC        P7
BL51 BANKED LINKER/LOCATER V6.22.2.0                                                  07/06/2024  17:17:33  PAGE 23


  D:00A8H         PUBLIC        IE
  D:00B8H         PUBLIC        IP
  D:00D8H         PUBLIC        CCON
  C:4400H         SYMBOL        Timer0_Init
  I:0017H         PUBLIC        Timer0
  D:0098H         PUBLIC        SCON
  D:0089H         PUBLIC        TMOD
  D:0088H         PUBLIC        TCON
  D:008EH         PUBLIC        AUXR
  B:0088H.5       PUBLIC        TF0
  D:008CH         PUBLIC        TH0
  D:008AH         PUBLIC        TL0
  B:0088H.4       PUBLIC        TR0
  C:36F1H         PUBLIC        Timer0_isr
  D:00D0H         PUBLIC        PSW
  -------         PROC          TIMER0_INIT
  C:4400H         LINE#         22
  C:4400H         LINE#         23
  C:4400H         LINE#         24
  C:4403H         LINE#         25
  C:4406H         LINE#         26
  C:4409H         LINE#         27
  C:440CH         LINE#         28
  C:440EH         LINE#         29
  C:4410H         LINE#         30
  -------         ENDPROC       TIMER0_INIT
  -------         PROC          TIMER0_ISR
  C:36F1H         LINE#         38
  C:370EH         LINE#         40
  C:3716H         LINE#         41
  C:3716H         LINE#         42
  C:3721H         LINE#         43
  C:3721H         LINE#         44
  C:3725H         LINE#         45
  C:3733H         LINE#         46
  C:3733H         LINE#         47
  C:3735H         LINE#         49
  C:3735H         LINE#         50
  C:3740H         LINE#         51
  C:3740H         LINE#         52
  C:3744H         LINE#         53
  C:3752H         LINE#         54
  C:3752H         LINE#         55
  C:3752H         LINE#         57
  C:375AH         LINE#         58
  C:3768H         LINE#         60
  C:3776H         LINE#         61
  C:3784H         LINE#         62
  C:3792H         LINE#         63
  -------         ENDPROC       TIMER0_ISR
  -------         ENDMOD        TIMER0

  -------         MODULE        UART2
  C:0000H         SYMBOL        _ICE_DUMMY_
  D:0080H         PUBLIC        P0
  D:0090H         PUBLIC        P1
  D:00A0H         PUBLIC        P2
BL51 BANKED LINKER/LOCATER V6.22.2.0                                                  07/06/2024  17:17:33  PAGE 24


  D:00B0H         PUBLIC        P3
  D:00C0H         PUBLIC        P4
  D:00C8H         PUBLIC        P5
  D:00E8H         PUBLIC        P6
  D:00F8H         PUBLIC        P7
  C:3D02H         SYMBOL        _SendString
  D:00BAH         PUBLIC        P_SW2
  D:00A8H         PUBLIC        IE
  C:3FDAH         SYMBOL        _SendArray
  D:00B8H         PUBLIC        IP
  C:2CCDH         PUBLIC        uart2_isr
  C:3C12H         SYMBOL        _SendByte
  D:00D8H         PUBLIC        CCON
  C:44AFH         SYMBOL        Receive_Mode
  D:0098H         PUBLIC        SCON
  D:0088H         PUBLIC        TCON
  D:00AFH         PUBLIC        IE2
  D:008EH         PUBLIC        AUXR
  D:00E0H         PUBLIC        ACC
  D:00D6H         PUBLIC        T2H
  B:00D0H.0       PUBLIC        P
  D:00D7H         PUBLIC        T2L
  C:33E8H         SYMBOL        Protocol
  D:009BH         PUBLIC        S2BUF
  X:0000H         SYMBOL        UART2_pucSend_Buffer
  C:397EH         SYMBOL        UART2_Init
  D:009AH         PUBLIC        S2CON
  X:0032H         PUBLIC        UART2
  C:44AEH         SYMBOL        Send_Mode
  X:0053H         SYMBOL        UART2_pucRec_Buffer
  D:00D0H         PUBLIC        PSW
  -------         PROC          UART2_INIT
  C:397EH         LINE#         48
  C:397EH         LINE#         49
  C:397EH         LINE#         54
  C:3981H         LINE#         55
  C:3984H         LINE#         56
  C:3987H         LINE#         58
  C:39A0H         LINE#         59
  C:39A0H         LINE#         60
  C:39A8H         LINE#         61
  C:39B0H         LINE#         62
  C:39B8H         LINE#         63
  C:39C0H         LINE#         64
  C:39C6H         LINE#         65
  C:39C6H         LINE#         67
  C:39C9H         LINE#         68
  C:39CCH         LINE#         69
  C:39CFH         LINE#         72
  C:39FAH         LINE#         73
  C:39FFH         LINE#         74
  C:3A04H         LINE#         75
  -------         ENDPROC       UART2_INIT
  -------         PROC          _SENDBYTE
  X:02C5H         SYMBOL        dat
  -------         DO            
  X:02C6H         SYMBOL        temp_P
BL51 BANKED LINKER/LOCATER V6.22.2.0                                                  07/06/2024  17:17:33  PAGE 25


  -------         ENDDO         
  C:3C12H         LINE#         83
  C:3C17H         LINE#         84
  C:3C17H         LINE#         85
  C:3C1CH         LINE#         86
  C:3C26H         LINE#         87
  C:3C2EH         LINE#         88
  C:3C2EH         LINE#         89
  C:3C34H         LINE#         90
  C:3C4DH         LINE#         91
  C:3C60H         LINE#         92
  C:3C60H         LINE#         93
  C:3C60H         LINE#         94
  C:3C68H         LINE#         95
  C:3C68H         LINE#         96
  C:3C6BH         LINE#         97
  C:3C6DH         LINE#         99
  C:3C6DH         LINE#         100
  C:3C70H         LINE#         101
  C:3C70H         LINE#         102
  C:3C72H         LINE#         103
  C:3C72H         LINE#         104
  C:3C7AH         LINE#         105
  C:3C7AH         LINE#         107
  C:3C7DH         LINE#         108
  C:3C7FH         LINE#         110
  C:3C7FH         LINE#         111
  C:3C82H         LINE#         112
  C:3C82H         LINE#         113
  C:3C82H         LINE#         114
  C:3C82H         LINE#         115
  C:3C82H         LINE#         117
  C:3C88H         LINE#         118
  C:3C8FH         LINE#         119
  -------         ENDPROC       _SENDBYTE
  -------         PROC          _SENDSTRING
  X:02ADH         SYMBOL        str
  -------         DO            
  X:02B0H         SYMBOL        str_ii
  -------         ENDDO         
  C:3D02H         LINE#         122
  C:3D0DH         LINE#         123
  C:3D0DH         LINE#         124
  C:3D12H         LINE#         126
  C:3D2EH         LINE#         127
  C:3D2EH         LINE#         128
  C:3D59H         LINE#         129
  C:3D5FH         LINE#         130
  C:3D61H         LINE#         131
  C:3D6BH         LINE#         132
  -------         ENDPROC       _SENDSTRING
  -------         PROC          _SENDARRAY
  X:02B1H         SYMBOL        array
  X:02B4H         SYMBOL        LEN
  C:3FDAH         LINE#         135
  C:3FEAH         LINE#         136
  C:3FEAH         LINE#         137
BL51 BANKED LINKER/LOCATER V6.22.2.0                                                  07/06/2024  17:17:33  PAGE 26


  C:3FF4H         LINE#         138
  C:3FF4H         LINE#         139
  C:401AH         LINE#         140
  C:401CH         LINE#         141
  C:4026H         LINE#         142
  -------         ENDPROC       _SENDARRAY
  -------         PROC          PROTOCOL
  -------         DO            
  B:0021H.7       SYMBOL        Receive_8_Byte
  -------         ENDDO         
  C:33E8H         LINE#         147
  C:33E8H         LINE#         148
  C:33E8H         LINE#         149
  C:33EAH         LINE#         150
  C:33F7H         LINE#         151
  C:33F7H         LINE#         153
  C:340AH         LINE#         154
  C:340AH         LINE#         155
  C:3411H         LINE#         157
  C:341CH         LINE#         158
  C:341CH         LINE#         159
  C:342CH         LINE#         160
  C:342CH         LINE#         161
  C:342EH         LINE#         162
  C:342EH         LINE#         163
  C:342EH         LINE#         164
  C:342EH         LINE#         165
  C:3431H         LINE#         166
  C:3431H         LINE#         167
  C:3454H         LINE#         168
  C:3456H         LINE#         170
  C:3456H         LINE#         172
  C:3464H         LINE#         173
  C:346DH         LINE#         174
  C:347BH         LINE#         176
  C:347BH         LINE#         177
  C:347BH         LINE#         179
  C:34A9H         LINE#         180
  C:34AEH         LINE#         181
  C:34B3H         LINE#         182
  C:34B3H         LINE#         183
  -------         ENDPROC       PROTOCOL
  -------         PROC          SEND_MODE
  C:44AEH         LINE#         186
  C:44AEH         LINE#         187
  C:44AEH         LINE#         189
  -------         ENDPROC       SEND_MODE
  -------         PROC          RECEIVE_MODE
  C:44AFH         LINE#         192
  C:44AFH         LINE#         193
  C:44AFH         LINE#         195
  -------         ENDPROC       RECEIVE_MODE
  -------         PROC          UART2_ISR
  -------         DO            
  I:0027H         SYMBOL        temp_SBUF
  B:0021H.3       SYMBOL        temp_RB8
  B:0021H.4       SYMBOL        temp_p
BL51 BANKED LINKER/LOCATER V6.22.2.0                                                  07/06/2024  17:17:33  PAGE 27


  -------         ENDDO         
  C:2CCDH         LINE#         205
  C:2CE4H         LINE#         213
  C:2CE9H         LINE#         214
  C:2CE9H         LINE#         215
  C:2CECH         LINE#         216
  C:2CF1H         LINE#         217
  C:2CF1H         LINE#         220
  C:2CF9H         LINE#         221
  C:2CF9H         LINE#         222
  C:2CFCH         LINE#         223
  C:2D00H         LINE#         224
  C:2D10H         LINE#         227
  C:2D15H         LINE#         228
  C:2D19H         LINE#         230
  C:2D27H         LINE#         231
  C:2D27H         LINE#         232
  C:2D3DH         LINE#         233
  C:2D3DH         LINE#         234
  C:2D3DH         LINE#         236
  C:2D46H         LINE#         237
  C:2D46H         LINE#         238
  C:2D65H         LINE#         239
  C:2D65H         LINE#         240
  C:2D67H         LINE#         241
  C:2D67H         LINE#         242
  C:2D6FH         LINE#         243
  C:2D6FH         LINE#         244
  C:2D8EH         LINE#         245
  C:2D8EH         LINE#         246
  C:2D90H         LINE#         247
  C:2D90H         LINE#         248
  C:2DAFH         LINE#         249
  C:2DAFH         LINE#         250
  C:2DAFH         LINE#         251
  C:2DAFH         LINE#         252
  C:2DB5H         LINE#         253
  C:2DB5H         LINE#         254
  -------         ENDPROC       UART2_ISR
  -------         ENDMOD        UART2

  -------         MODULE        WIFI
  C:0000H         SYMBOL        _ICE_DUMMY_
  D:0080H         PUBLIC        P0
  D:0090H         PUBLIC        P1
  D:00A0H         PUBLIC        P2
  D:00B0H         PUBLIC        P3
  D:00C0H         PUBLIC        P4
  D:00C8H         PUBLIC        P5
  D:00E8H         PUBLIC        P6
  D:00F8H         PUBLIC        P7
  C:44B0H         SYMBOL        Send_data
  D:00A8H         PUBLIC        IE
  C:2849H         SYMBOL        Init
  D:00B8H         PUBLIC        IP
  C:2DCAH         SYMBOL        ESP12S_to_Computer
  C:1CA9H         SYMBOL        Computer_to_ESP12S
BL51 BANKED LINKER/LOCATER V6.22.2.0                                                  07/06/2024  17:17:33  PAGE 28


  X:0190H         PUBLIC        esp12s
  C:2250H         SYMBOL        _SendAT
  D:00D8H         PUBLIC        CCON
  B:0080H.2       PUBLIC        P02
  B:0080H.3       PUBLIC        P03
  D:0098H         PUBLIC        SCON
  D:0088H         PUBLIC        TCON
  X:01A5H         PUBLIC        WiFi_Debug
  C:44B1H         SYMBOL        Receive_data
  C:137BH         SYMBOL        SmartConfig
  C:108DH         SYMBOL        TCP_Connect_Server
  C:2BC7H         SYMBOL        Heart
  D:00D0H         PUBLIC        PSW
  -------         PROC          INIT
  C:2849H         LINE#         47
  C:2849H         LINE#         48
  C:2849H         LINE#         50
  C:284BH         LINE#         51
  C:2861H         LINE#         52
  C:2863H         LINE#         54
  C:2865H         LINE#         56
  C:286CH         LINE#         57
  C:2870H         LINE#         59
  C:2870H         LINE#         61
  C:289EH         LINE#         62
  C:28A3H         LINE#         63
  C:28A8H         LINE#         66
  C:28CCH         LINE#         67
  C:28E2H         LINE#         70
  C:28F2H         LINE#         71
  C:28F2H         LINE#         72
  C:2916H         LINE#         73
  C:2918H         LINE#         74
  C:2918H         LINE#         75
  C:2965H         LINE#         78
  C:297BH         LINE#         79
  C:297FH         LINE#         80
  -------         ENDPROC       INIT
  -------         PROC          _SENDAT
  X:01D1H         SYMBOL        SendCommand
  X:01D4H         SYMBOL        RespondString
  X:01D7H         SYMBOL        OutTime
  -------         DO            
  X:01D9H         SYMBOL        OK_Flag
  X:01DAH         SYMBOL        temp_SendCommand
  X:01DDH         SYMBOL        temp_RespondString
  -------         ENDDO         
  C:2250H         LINE#         91
  C:225BH         LINE#         92
  C:225BH         LINE#         93
  C:2261H         LINE#         94
  C:2277H         LINE#         95
  C:228DH         LINE#         97
  C:22BBH         LINE#         98
  C:22C0H         LINE#         99
  C:22C5H         LINE#         101
  C:22EEH         LINE#         103
BL51 BANKED LINKER/LOCATER V6.22.2.0                                                  07/06/2024  17:17:33  PAGE 29


  C:22F5H         LINE#         105
  C:238EH         LINE#         106
  C:238EH         LINE#         107
  C:23A7H         LINE#         108
  C:23A7H         LINE#         110
  C:23B5H         LINE#         111
  C:23BAH         LINE#         112
  C:23BAH         LINE#         113
  C:23BAH         LINE#         114
  C:23BAH         LINE#         117
  C:23E8H         LINE#         118
  C:23EDH         LINE#         119
  C:23F2H         LINE#         121
  C:23F7H         LINE#         122
  -------         ENDPROC       _SENDAT
  -------         PROC          SMARTCONFIG
  C:137BH         LINE#         131
  C:137BH         LINE#         132
  C:137BH         LINE#         134
  C:1388H         LINE#         135
  C:1388H         LINE#         136
  C:138CH         LINE#         138
  C:1399H         LINE#         139
  C:1399H         LINE#         140
  C:13BDH         LINE#         141
  C:13E1H         LINE#         142
  C:1405H         LINE#         143
  C:1429H         LINE#         145
  C:143FH         LINE#         146
  C:143FH         LINE#         148
  C:146EH         LINE#         149
  C:149DH         LINE#         150
  C:14CCH         LINE#         151
  C:14FBH         LINE#         155
  C:152AH         LINE#         159
  C:1531H         LINE#         160
  C:1544H         LINE#         161
  C:1544H         LINE#         162
  C:158EH         LINE#         163
  C:158EH         LINE#         164
  C:15B2H         LINE#         166
  C:15C8H         LINE#         167
  C:15DEH         LINE#         168
  C:15F4H         LINE#         169
  C:15F4H         LINE#         170
  C:15F4H         LINE#         171
  C:15F4H         LINE#         173
  C:15F8H         LINE#         175
  C:1606H         LINE#         176
  C:1606H         LINE#         177
  -------         ENDPROC       SMARTCONFIG
  -------         PROC          TCP_CONNECT_SERVER
  -------         DO            
  X:02C7H         SYMBOL        OK_Flag
  X:02C8H         SYMBOL        State
  -------         ENDDO         
  C:108DH         LINE#         186
BL51 BANKED LINKER/LOCATER V6.22.2.0                                                  07/06/2024  17:17:33  PAGE 30


  C:108DH         LINE#         187
  C:108DH         LINE#         188
  C:1092H         LINE#         189
  C:1097H         LINE#         191
  C:10BBH         LINE#         193
  C:10D1H         LINE#         195
  C:10D8H         LINE#         196
  C:10DCH         LINE#         197
  C:10E9H         LINE#         198
  C:10E9H         LINE#         199
  C:10F7H         LINE#         200
  C:1114H         LINE#         201
  C:1122H         LINE#         203
  C:1144H         LINE#         204
  C:1144H         LINE#         205
  C:1144H         LINE#         206
  C:1178H         LINE#         207
  C:1181H         LINE#         208
  C:118AH         LINE#         210
  C:1190H         LINE#         211
  C:1193H         LINE#         212
  C:1193H         LINE#         213
  C:11C2H         LINE#         214
  C:11CBH         LINE#         215
  C:11D4H         LINE#         217
  C:11DAH         LINE#         218
  C:11DDH         LINE#         219
  C:11DDH         LINE#         220
  C:120CH         LINE#         221
  C:1215H         LINE#         222
  C:121EH         LINE#         224
  C:1224H         LINE#         225
  C:1227H         LINE#         226
  C:1227H         LINE#         227
  C:125CH         LINE#         228
  C:1265H         LINE#         229
  C:126EH         LINE#         231
  C:1274H         LINE#         232
  C:1277H         LINE#         233
  C:1277H         LINE#         235
  C:12ACH         LINE#         236
  C:12B5H         LINE#         237
  C:12B5H         LINE#         238
  C:12BBH         LINE#         239
  C:12C1H         LINE#         240
  C:12C4H         LINE#         242
  C:12C4H         LINE#         243
  C:12C9H         LINE#         244
  C:12CFH         LINE#         245
  C:12CFH         LINE#         246
  C:12D2H         LINE#         247
  C:12D2H         LINE#         248
  C:1306H         LINE#         249
  C:130FH         LINE#         250
  C:1318H         LINE#         252
  C:131EH         LINE#         253
  C:1321H         LINE#         254
BL51 BANKED LINKER/LOCATER V6.22.2.0                                                  07/06/2024  17:17:33  PAGE 31


  C:1321H         LINE#         255
  C:1355H         LINE#         256
  C:1362H         LINE#         257
  C:1368H         LINE#         258
  C:136BH         LINE#         259
  C:136BH         LINE#         260
  C:136EH         LINE#         262
  C:1372H         LINE#         264
  C:137AH         LINE#         265
  -------         ENDPROC       TCP_CONNECT_SERVER
  -------         PROC          SEND_DATA
  C:44B0H         LINE#         268
  C:44B0H         LINE#         269
  C:44B0H         LINE#         271
  -------         ENDPROC       SEND_DATA
  -------         PROC          RECEIVE_DATA
  C:44B1H         LINE#         274
  C:44B1H         LINE#         275
  C:44B1H         LINE#         277
  -------         ENDPROC       RECEIVE_DATA
  -------         PROC          HEART
  -------         DO            
  X:018FH         SYMBOL        times
  -------         ENDDO         
  C:2BC7H         LINE#         285
  C:2BC7H         LINE#         286
  C:2BC7H         LINE#         290
  C:2BE7H         LINE#         291
  C:2BE7H         LINE#         292
  C:2C0BH         LINE#         293
  C:2C0BH         LINE#         294
  C:2C0BH         LINE#         295
  C:2C5EH         LINE#         296
  C:2C5EH         LINE#         297
  C:2C63H         LINE#         298
  C:2C65H         LINE#         299
  C:2C65H         LINE#         301
  C:2C75H         LINE#         302
  C:2C75H         LINE#         303
  C:2C7BH         LINE#         304
  C:2C7BH         LINE#         305
  C:2C7BH         LINE#         306
  C:2C7BH         LINE#         309
  C:2C86H         LINE#         310
  C:2C86H         LINE#         311
  C:2C8BH         LINE#         312
  C:2C90H         LINE#         313
  C:2C90H         LINE#         316
  C:2CBBH         LINE#         317
  C:2CC0H         LINE#         318
  C:2CC5H         LINE#         320
  C:2CCCH         LINE#         321
  C:2CCCH         LINE#         322
  -------         ENDPROC       HEART
  -------         PROC          COMPUTER_TO_ESP12S
  -------         DO            
  X:02DEH         SYMBOL        TimeOutFlag
BL51 BANKED LINKER/LOCATER V6.22.2.0                                                  07/06/2024  17:17:33  PAGE 32


  -------         ENDDO         
  C:1CA9H         LINE#         332
  C:1CA9H         LINE#         333
  C:1CA9H         LINE#         334
  C:1CAFH         LINE#         337
  C:1CBCH         LINE#         338
  C:1CBCH         LINE#         339
  C:1CC3H         LINE#         340
  C:1D0DH         LINE#         341
  C:1D0DH         LINE#         342
  C:1D1DH         LINE#         343
  C:1D1DH         LINE#         344
  C:1D22H         LINE#         345
  C:1D46H         LINE#         346
  C:1D46H         LINE#         347
  C:1D46H         LINE#         348
  C:1D46H         LINE#         351
  C:1D84H         LINE#         352
  C:1D84H         LINE#         354
  C:1D92H         LINE#         355
  C:1DBDH         LINE#         356
  C:1DCBH         LINE#         358
  C:1DF4H         LINE#         359
  C:1DF6H         LINE#         361
  C:1DF6H         LINE#         363
  C:1E04H         LINE#         364
  C:1E2FH         LINE#         365
  C:1E3DH         LINE#         367
  C:1E66H         LINE#         368
  C:1E66H         LINE#         371
  C:1E94H         LINE#         372
  C:1E99H         LINE#         373
  C:1E9EH         LINE#         374
  C:1E9EH         LINE#         375
  -------         ENDPROC       COMPUTER_TO_ESP12S
  -------         PROC          ESP12S_TO_COMPUTER
  C:2DCAH         LINE#         384
  C:2DCAH         LINE#         385
  C:2DCAH         LINE#         386
  C:2DD7H         LINE#         387
  C:2DD7H         LINE#         389
  C:2DDEH         LINE#         390
  C:2E28H         LINE#         391
  C:2E28H         LINE#         392
  C:2E38H         LINE#         393
  C:2E38H         LINE#         394
  C:2E5CH         LINE#         395
  C:2E5CH         LINE#         396
  C:2E5CH         LINE#         397
  C:2E5CH         LINE#         400
  C:2E85H         LINE#         403
  C:2EB3H         LINE#         404
  C:2EB8H         LINE#         405
  C:2EBDH         LINE#         406
  C:2EBDH         LINE#         407
  -------         ENDPROC       ESP12S_TO_COMPUTER
  -------         ENDMOD        WIFI
BL51 BANKED LINKER/LOCATER V6.22.2.0                                                  07/06/2024  17:17:33  PAGE 33



  -------         MODULE        KEY1
  C:0000H         SYMBOL        _ICE_DUMMY_
  D:0080H         PUBLIC        P0
  D:0090H         PUBLIC        P1
  D:00A0H         PUBLIC        P2
  D:00B0H         PUBLIC        P3
  D:00C0H         PUBLIC        P4
  D:00C8H         PUBLIC        P5
  D:00E8H         PUBLIC        P6
  D:00F8H         PUBLIC        P7
  D:00A8H         PUBLIC        IE
  D:00B8H         PUBLIC        IP
  D:00D8H         PUBLIC        CCON
  C:3A05H         SYMBOL        KEY_Detect
  D:0098H         PUBLIC        SCON
  D:0088H         PUBLIC        TCON
  B:00B0H.2       PUBLIC        P32
  C:43DBH         PUBLIC        INT0_isr
  B:00A8H.0       PUBLIC        EX0
  X:027DH         PUBLIC        Key1
  D:00D0H         PUBLIC        PSW
  -------         PROC          KEY_DETECT
  -------         DO            
  X:02C9H         SYMBOL        key_i
  -------         ENDDO         
  C:3A05H         LINE#         18
  C:3A05H         LINE#         19
  C:3A05H         LINE#         20
  C:3A0DH         LINE#         23
  C:3A10H         LINE#         24
  C:3A10H         LINE#         25
  C:3A15H         LINE#         26
  C:3A1AH         LINE#         27
  C:3A1AH         LINE#         30
  C:3A23H         LINE#         31
  C:3A23H         LINE#         32
  C:3A28H         LINE#         33
  C:3A2AH         LINE#         35
  C:3A2DH         LINE#         36
  C:3A2DH         LINE#         37
  C:3A43H         LINE#         38
  C:3A46H         LINE#         39
  C:3A46H         LINE#         40
  C:3A4CH         LINE#         41
  C:3A4CH         LINE#         42
  C:3A4CH         LINE#         43
  C:3A4CH         LINE#         46
  C:3A55H         LINE#         47
  C:3A55H         LINE#         48
  C:3A5BH         LINE#         50
  C:3A62H         LINE#         51
  C:3A72H         LINE#         52
  C:3A72H         LINE#         53
  C:3A75H         LINE#         54
  C:3A75H         LINE#         55
  C:3A7AH         LINE#         56
BL51 BANKED LINKER/LOCATER V6.22.2.0                                                  07/06/2024  17:17:33  PAGE 34


  C:3A7AH         LINE#         57
  C:3A7AH         LINE#         58
  C:3A7AH         LINE#         59
  C:3A7AH         LINE#         62
  C:3A83H         LINE#         63
  C:3A83H         LINE#         64
  C:3A88H         LINE#         65
  C:3A88H         LINE#         67
  C:3A8AH         LINE#         68
  -------         ENDPROC       KEY_DETECT
  -------         PROC          INT0_ISR
  C:43DBH         LINE#         72
  C:43E1H         LINE#         74
  C:43E7H         LINE#         75
  -------         ENDPROC       INT0_ISR
  -------         ENDMOD        KEY1

  -------         MODULE        TM1620
  C:0000H         SYMBOL        _ICE_DUMMY_
  D:0080H         PUBLIC        P0
  D:0090H         PUBLIC        P1
  D:00A0H         PUBLIC        P2
  D:00B0H         PUBLIC        P3
  D:00C0H         PUBLIC        P4
  D:00C8H         PUBLIC        P5
  D:00E8H         PUBLIC        P6
  D:00F8H         PUBLIC        P7
  D:00A8H         PUBLIC        IE
  C:3C90H         SYMBOL        Init
  D:00B8H         PUBLIC        IP
  D:00D8H         PUBLIC        CCON
  D:0098H         PUBLIC        SCON
  D:0088H         PUBLIC        TCON
  B:00A0H.4       PUBLIC        P24
  B:00A0H.5       PUBLIC        P25
  B:00A0H.6       PUBLIC        P26
  C:3DD2H         SYMBOL        _TM1620_Write_Byte
[...]


  C:403EH         LINE#         141
  C:403EH         LINE#         142
  C:4040H         LINE#         143
  C:4043H         LINE#         144
  C:4045H         LINE#         145
  C:4048H         LINE#         146
  C:4056H         LINE#         147
  C:405FH         LINE#         148
  C:4067H         LINE#         149
  C:4069H         LINE#         150
  C:406CH         LINE#         152
  C:4071H         LINE#         153
  -------         ENDPROC       RCVBYTE
  -------         PROC          ACK_I2C
  C:4421H         LINE#         162
  C:4421H         LINE#         163
  C:4421H         LINE#         164
  C:4423H         LINE#         165
  C:4426H         LINE#         166
  C:4428H         LINE#         167
  C:442BH         LINE#         168
  C:442DH         LINE#         169
  C:4430H         LINE#         170
  -------         ENDPROC       ACK_I2C
  -------         PROC          NOACK_I2C
  C:4431H         LINE#         178
  C:4431H         LINE#         179
  C:4431H         LINE#         180
  C:4433H         LINE#         181
  C:4436H         LINE#         182
  C:4438H         LINE#         183
  C:443BH         LINE#         184
  C:443DH         LINE#         185
  C:4440H         LINE#         186
  -------         ENDPROC       NOACK_I2C
  -------         ENDMOD        IIC

  -------         MODULE        24C02
  C:0000H         SYMBOL        _ICE_DUMMY_
  D:0080H         PUBLIC        P0
  D:0090H         PUBLIC        P1
  D:00A0H         PUBLIC        P2
  D:00B0H         PUBLIC        P3
  D:00C0H         PUBLIC        P4
  D:00C8H         PUBLIC        P5
  D:00E8H         PUBLIC        P6
  D:00F8H         PUBLIC        P7
  D:00A8H         PUBLIC        IE
  D:00B8H         PUBLIC        IP
  X:0291H         PUBLIC        AT24C02
  C:2AA9H         SYMBOL        _Receivestr
  D:00D8H         PUBLIC        CCON
  D:0098H         PUBLIC        SCON
  D:0088H         PUBLIC        TCON
  C:3090H         SYMBOL        _Sendstr
  D:00D0H         PUBLIC        PSW
  -------         PROC          _SENDSTR
BL51 BANKED LINKER/LOCATER V6.22.2.0                                                  07/06/2024  17:17:33  PAGE 45


  X:0297H         SYMBOL        array
  X:029AH         SYMBOL        LEN
  -------         DO            
  X:029BH         SYMBOL        i
  -------         ENDDO         
  C:3090H         LINE#         17
  C:30A0H         LINE#         18
  C:30A0H         LINE#         19
  C:30A5H         LINE#         21
  C:30B3H         LINE#         23
  C:30C7H         LINE#         24
  C:30D2H         LINE#         26
  C:30E6H         LINE#         27
  C:30F1H         LINE#         29
  C:3105H         LINE#         30
  C:3105H         LINE#         31
  C:3126H         LINE#         32
  C:3131H         LINE#         33
  C:313BH         LINE#         34
  C:3143H         LINE#         36
  C:3151H         LINE#         38
  C:3167H         LINE#         40
  C:3169H         LINE#         42
  -------         ENDPROC       _SENDSTR
  -------         PROC          _RECEIVESTR
  X:029CH         SYMBOL        array
  X:029FH         SYMBOL        LEN
  -------         DO            
  X:02A0H         SYMBOL        i
  -------         ENDDO         
  C:2AA9H         LINE#         46
  C:2AB9H         LINE#         47
  C:2AB9H         LINE#         48
  C:2ABEH         LINE#         50
  C:2ACCH         LINE#         52
  C:2AE0H         LINE#         53
  C:2AEBH         LINE#         55
  C:2AFFH         LINE#         56
  C:2B0AH         LINE#         58
  C:2B18H         LINE#         60
  C:2B2CH         LINE#         61
  C:2B37H         LINE#         63
  C:2B4EH         LINE#         64
  C:2B4EH         LINE#         65
  C:2B6BH         LINE#         66
  C:2B79H         LINE#         67
  C:2B83H         LINE#         68
  C:2B8BH         LINE#         71
  C:2BA8H         LINE#         72
  C:2BB6H         LINE#         74
  C:2BC4H         LINE#         76
  C:2BC6H         LINE#         78
  -------         ENDPROC       _RECEIVESTR
  -------         ENDMOD        24C02

  -------         MODULE        NTC
  C:0000H         SYMBOL        _ICE_DUMMY_
BL51 BANKED LINKER/LOCATER V6.22.2.0                                                  07/06/2024  17:17:33  PAGE 46


  D:0080H         PUBLIC        P0
  D:0090H         PUBLIC        P1
  D:00A0H         PUBLIC        P2
  D:00B0H         PUBLIC        P3
  D:00C0H         PUBLIC        P4
  D:00C8H         PUBLIC        P5
  D:00E8H         PUBLIC        P6
  D:00F8H         PUBLIC        P7
  D:00A8H         PUBLIC        IE
  D:00B8H         PUBLIC        IP
  C:23F8H         PUBLIC        TempArray
  D:00D8H         PUBLIC        CCON
  D:0098H         PUBLIC        SCON
  B:0090H.3       PUBLIC        P13
  D:0088H         PUBLIC        TCON
  C:4341H         SYMBOL        NTC_Switch_ON
  C:2EBEH         SYMBOL        Formula_CalcTemp
  X:0264H         PUBLIC        NTC
  C:1883H         SYMBOL        Form_CheckTemp
  C:44ABH         SYMBOL        NTC_Switch_OFF
  D:00D0H         PUBLIC        PSW
  -------         PROC          FORMULA_CALCTEMP
  -------         DO            
  X:025AH         SYMBOL        Recent_Resistance
  X:025EH         SYMBOL        ADC_Value
  X:0260H         SYMBOL        Current_Voltage
  -------         ENDDO         
  C:2EBEH         LINE#         144
  C:2EBEH         LINE#         145
  C:2EBEH         LINE#         147
  C:2EC6H         LINE#         148
  C:2ED0H         LINE#         150
  C:2ED3H         LINE#         151
  C:2EE9H         LINE#         152
  C:2EECH         LINE#         153
  C:2F14H         LINE#         154
  C:2F57H         LINE#         155
  C:2FADH         LINE#         162
  -------         ENDPROC       FORMULA_CALCTEMP
  -------         PROC          FORM_CHECKTEMP
  -------         DO            
  X:0284H         SYMBOL        ADC_Value
  X:0288H         SYMBOL        left
  X:0289H         SYMBOL        right
  X:028AH         SYMBOL        mid
  -------         ENDDO         
  C:1883H         LINE#         165
  C:1883H         LINE#         166
  C:1883H         LINE#         167
  C:188DH         LINE#         168
  C:189EH         LINE#         170
  C:18A1H         LINE#         171
  C:18BDH         LINE#         172
  C:18C0H         LINE#         175
  C:18D2H         LINE#         176
  C:18D2H         LINE#         177
  C:193BH         LINE#         178
BL51 BANKED LINKER/LOCATER V6.22.2.0                                                  07/06/2024  17:17:33  PAGE 47


  C:193BH         LINE#         179
  C:193BH         LINE#         180
  C:193BH         LINE#         181
  C:196DH         LINE#         182
  C:196DH         LINE#         183
  C:197AH         LINE#         184
  C:197CH         LINE#         185
  C:19B0H         LINE#         186
  C:19B0H         LINE#         187
  C:19BDH         LINE#         188
  C:19BDH         LINE#         189
  C:19E6H         LINE#         190
  C:19E9H         LINE#         193
  C:1AB2H         LINE#         204
  -------         ENDPROC       FORM_CHECKTEMP
  -------         PROC          NTC_SWITCH_ON
  C:4341H         LINE#         207
  C:4341H         LINE#         208
  C:4341H         LINE#         209
  C:4343H         LINE#         210
  C:4359H         LINE#         211
  -------         ENDPROC       NTC_SWITCH_ON
  -------         PROC          NTC_SWITCH_OFF
  C:44ABH         LINE#         214
  C:44ABH         LINE#         215
  C:44ABH         LINE#         216
  C:44ADH         LINE#         217
  -------         ENDPROC       NTC_SWITCH_OFF
  -------         ENDMOD        NTC

  -------         MODULE        WATCHDOG
  C:0000H         SYMBOL        _ICE_DUMMY_
  D:0080H         PUBLIC        P0
  D:0090H         PUBLIC        P1
  D:00A0H         PUBLIC        P2
  D:00B0H         PUBLIC        P3
  D:00C0H         PUBLIC        P4
  D:00C8H         PUBLIC        P5
  D:00E8H         PUBLIC        P6
  D:00F8H         PUBLIC        P7
  D:00A8H         PUBLIC        IE
  C:449CH         SYMBOL        Start
  C:43EEH         SYMBOL        Init
  D:00B8H         PUBLIC        IP
  D:00D8H         PUBLIC        CCON
  D:0098H         PUBLIC        SCON
  D:0088H         PUBLIC        TCON
  X:01E0H         PUBLIC        Watchdog
  C:4477H         SYMBOL        Get_WatchdogStatus
  D:00C1H         PUBLIC        WDT_CONTR
  C:44A4H         SYMBOL        Clear
  C:44A0H         SYMBOL        Close
  D:00D0H         PUBLIC        PSW
  -------         PROC          INIT
  C:43EEH         LINE#         30
  C:43EEH         LINE#         31
  C:43EEH         LINE#         32
BL51 BANKED LINKER/LOCATER V6.22.2.0                                                  07/06/2024  17:17:33  PAGE 48


  C:43F1H         LINE#         33
  C:43FFH         LINE#         34
  -------         ENDPROC       INIT
  -------         PROC          GET_WATCHDOGSTATUS
  C:4477H         LINE#         37
  C:4477H         LINE#         38
  C:4477H         LINE#         39
  C:447CH         LINE#         40
  C:447FH         LINE#         42
  C:4481H         LINE#         43
  -------         ENDPROC       GET_WATCHDOGSTATUS
  -------         PROC          START
  C:449CH         LINE#         46
  C:449CH         LINE#         47
  C:449CH         LINE#         48
  C:449FH         LINE#         49
  -------         ENDPROC       START
  -------         PROC          CLOSE
  C:44A0H         LINE#         52
  C:44A0H         LINE#         53
  C:44A0H         LINE#         54
  C:44A3H         LINE#         55
  -------         ENDPROC       CLOSE
  -------         PROC          CLEAR
  C:44A4H         LINE#         58
  C:44A4H         LINE#         59
  C:44A4H         LINE#         60
  C:44A7H         LINE#         61
  -------         ENDPROC       CLEAR
  -------         ENDMOD        WATCHDOG

  -------         MODULE        KEY2
  C:0000H         SYMBOL        _ICE_DUMMY_
  D:0080H         PUBLIC        P0
  D:0090H         PUBLIC        P1
  D:00A0H         PUBLIC        P2
  X:01EFH         PUBLIC        STA_Machine
  D:00B0H         PUBLIC        P3
  D:00C0H         PUBLIC        P4
  D:00C8H         PUBLIC        P5
  D:00E8H         PUBLIC        P6
  D:00F8H         PUBLIC        P7
  D:00A8H         PUBLIC        IE
  D:00B8H         PUBLIC        IP
  X:01F6H         PUBLIC        KEY2
  D:00D8H         PUBLIC        CCON
  C:1E9FH         SYMBOL        KEY_Detect
  D:0098H         PUBLIC        SCON
  D:0088H         PUBLIC        TCON
  B:00B0H.3       PUBLIC        P33
  X:01FDH         SYMBOL        Click_Buf
  D:00D0H         PUBLIC        PSW
  -------         PROC          KEY_DETECT
  C:1E9FH         LINE#         18
  C:1E9FH         LINE#         19
  C:1E9FH         LINE#         20
  C:1EADH         LINE#         21
BL51 BANKED LINKER/LOCATER V6.22.2.0                                                  07/06/2024  17:17:33  PAGE 49


  C:1EC6H         LINE#         22
  C:1ED4H         LINE#         24
  C:1EE8H         LINE#         25
  C:1EE8H         LINE#         26
  C:1F0CH         LINE#         27
  C:1F25H         LINE#         28
  C:1F25H         LINE#         29
  C:1F25H         LINE#         30
  C:1F25H         LINE#         32
  C:1F28H         LINE#         33
  C:1F28H         LINE#         34
  C:1F35H         LINE#         35
  C:1F35H         LINE#         37
  C:1F49H         LINE#         38
  C:1F49H         LINE#         39
  C:1F4FH         LINE#         40
  C:1F55H         LINE#         42
  C:1F5AH         LINE#         43
  C:1F5AH         LINE#         44
  C:1F5AH         LINE#         45
  C:1F5DH         LINE#         47
  C:1F5DH         LINE#         48
  C:1F63H         LINE#         49
  C:1F63H         LINE#         50
  C:1F66H         LINE#         51
  C:1F66H         LINE#         52
  C:1F66H         LINE#         53
  C:1F66H         LINE#         54
  C:1F69H         LINE#         55
  C:1F69H         LINE#         56
  C:1F6FH         LINE#         58
  C:1F77H         LINE#         59
  C:1F7AH         LINE#         61
  C:1F7AH         LINE#         62
  C:1F80H         LINE#         63
  C:1F80H         LINE#         64
  C:1F83H         LINE#         65
  C:1F83H         LINE#         66
  C:1F83H         LINE#         67
  C:1F83H         LINE#         68
  C:1F86H         LINE#         69
  C:1F86H         LINE#         71
  C:1F91H         LINE#         72
  C:1F91H         LINE#         74
  C:1FA2H         LINE#         75
  C:1FA2H         LINE#         76
  C:1FA8H         LINE#         77
  C:1FAEH         LINE#         78
  C:1FB4H         LINE#         80
  C:1FBEH         LINE#         81
  C:1FC3H         LINE#         82
  C:1FC3H         LINE#         83
  C:1FC3H         LINE#         84
  C:1FC5H         LINE#         86
  C:1FC5H         LINE#         87
  C:1FCBH         LINE#         88
  C:1FD3H         LINE#         89
BL51 BANKED LINKER/LOCATER V6.22.2.0                                                  07/06/2024  17:17:33  PAGE 50


  C:1FD3H         LINE#         93
  C:1FDCH         LINE#         94
  C:1FDCH         LINE#         95
  C:1FE2H         LINE#         96
  C:1FE8H         LINE#         98
  C:1FEDH         LINE#         99
  C:1FEFH         LINE#         101
  C:1FEFH         LINE#         102
  C:1FF5H         LINE#         103
  C:1FFDH         LINE#         104
  C:1FFDH         LINE#         105
  C:1FFDH         LINE#         107
  C:1FFDH         LINE#         108
  C:1FFFH         LINE#         109
  C:1FFFH         LINE#         110
  C:1FFFH         LINE#         111
  C:1FFFH         LINE#         112
  C:2002H         LINE#         113
  C:2008H         LINE#         114
  C:200AH         LINE#         115
  C:200AH         LINE#         116
  C:2010H         LINE#         117
  C:2010H         LINE#         118
  C:2010H         LINE#         122
  C:201AH         LINE#         123
  C:201AH         LINE#         124
  C:201FH         LINE#         125
  C:2028H         LINE#         126
  C:2028H         LINE#         127
  C:2036H         LINE#         128
  C:2038H         LINE#         129
  C:2041H         LINE#         130
  C:2041H         LINE#         131
  C:2046H         LINE#         132
  C:2054H         LINE#         133
  C:2056H         LINE#         134
  C:205FH         LINE#         135
  C:205FH         LINE#         136
  C:2065H         LINE#         137
  C:2073H         LINE#         138
  C:2073H         LINE#         140
  C:2078H         LINE#         141
  C:207DH         LINE#         142
  C:2082H         LINE#         143
  C:2082H         LINE#         145
  C:208AH         LINE#         146
  -------         ENDPROC       KEY_DETECT
  -------         ENDMOD        KEY2

  -------         MODULE        ?C?FPADD
  C:004DH         PUBLIC        ?C?FPADD
  C:0049H         PUBLIC        ?C?FPSUB
  -------         ENDMOD        ?C?FPADD

  -------         MODULE        ?C?FPMUL
  C:013EH         PUBLIC        ?C?FPMUL
  -------         ENDMOD        ?C?FPMUL
BL51 BANKED LINKER/LOCATER V6.22.2.0                                                  07/06/2024  17:17:33  PAGE 51



  -------         MODULE        ?C?FPDIV
  C:0247H         PUBLIC        ?C?FPDIV
  -------         ENDMOD        ?C?FPDIV

  -------         MODULE        ?C?FPCMP
  C:02E6H         PUBLIC        ?C?FPCMP
  C:02E4H         PUBLIC        ?C?FPCMP3
  -------         ENDMOD        ?C?FPCMP

  -------         MODULE        ?C?FCAST
  C:0367H         PUBLIC        ?C?FCASTC
  C:0362H         PUBLIC        ?C?FCASTI
  C:035DH         PUBLIC        ?C?FCASTL
  -------         ENDMOD        ?C?FCAST

  -------         MODULE        PRINTF
  X:013CH         PUBLIC        ?_PRINTF?BYTE
  X:013CH         PUBLIC        ?_SPRINTF?BYTE
  C:083BH         PUBLIC        _PRINTF
  C:0835H         PUBLIC        _SPRINTF
  -------         ENDMOD        PRINTF

  -------         MODULE        LOG
  C:29B4H         PUBLIC        _LOG
  C:29B0H         PUBLIC        _LOG10
  -------         ENDMOD        LOG

  -------         MODULE        ?C?FPROUND
  C:03E5H         PUBLIC        ?C?FPROUND
  -------         ENDMOD        ?C?FPROUND

  -------         MODULE        ?C?FPCONVERT
  C:0422H         PUBLIC        ?C?FPCONVERT
  -------         ENDMOD        ?C?FPCONVERT

  -------         MODULE        ?C?FTNPWR
  C:05A4H         PUBLIC        ?C?FTNPWR
  -------         ENDMOD        ?C?FTNPWR

  -------         MODULE        ?C?CLDPTR
  C:05E4H         PUBLIC        ?C?CLDPTR
  -------         ENDMOD        ?C?CLDPTR

  -------         MODULE        ?C?CLDOPTR
  C:05FDH         PUBLIC        ?C?CLDOPTR
  -------         ENDMOD        ?C?CLDOPTR

  -------         MODULE        ?C?CSTPTR
  C:062AH         PUBLIC        ?C?CSTPTR
  -------         ENDMOD        ?C?CSTPTR

  -------         MODULE        ?C?CSTOPTR
  C:063CH         PUBLIC        ?C?CSTOPTR
  -------         ENDMOD        ?C?CSTOPTR

  -------         MODULE        ?C?IILDX
BL51 BANKED LINKER/LOCATER V6.22.2.0                                                  07/06/2024  17:17:33  PAGE 52


  C:065EH         PUBLIC        ?C?IILDX
  -------         ENDMOD        ?C?IILDX

  -------         MODULE        ?C?ILDIX
  C:0674H         PUBLIC        ?C?ILDIX
  -------         ENDMOD        ?C?ILDIX

  -------         MODULE        ?C?LNEG
  C:068AH         PUBLIC        ?C?LNEG
  -------         ENDMOD        ?C?LNEG

  -------         MODULE        ?C?LLDCODE
  C:0698H         PUBLIC        ?C?LLDCODE
  -------         ENDMOD        ?C?LLDCODE

  -------         MODULE        ?C?LLDXDATA0
  C:06A8H         PUBLIC        ?C?LLDXDATA0
  -------         ENDMOD        ?C?LLDXDATA0

  -------         MODULE        ?C?LLDCODE0
  C:06B4H         PUBLIC        ?C?LLDCODE0
  -------         ENDMOD        ?C?LLDCODE0

  -------         MODULE        ?C?LSTXDATA
  C:06C4H         PUBLIC        ?C?LSTXDATA
  -------         ENDMOD        ?C?LSTXDATA

  -------         MODULE        ?C?LSTKXDATA
  C:06D0H         PUBLIC        ?C?LSTKXDATA
  -------         ENDMOD        ?C?LSTKXDATA

  -------         MODULE        ?C?PLDIXDATA
  C:0701H         PUBLIC        ?C?PLDIXDATA
  -------         ENDMOD        ?C?PLDIXDATA

  -------         MODULE        ?C?PSTXDATA
  C:0718H         PUBLIC        ?C?PSTXDATA
  -------         ENDMOD        ?C?PSTXDATA

  -------         MODULE        ?C?PLDOPTR
  C:0721H         PUBLIC        ?C?PLDOPTR
  -------         ENDMOD        ?C?PLDOPTR

  -------         MODULE        ?C?CCASE
  C:0751H         PUBLIC        ?C?CCASE
  -------         ENDMOD        ?C?CCASE

  -------         MODULE        ?C?ICALL
  C:0777H         PUBLIC        ?C?ICALL
  C:077BH         PUBLIC        ?C?ICALL2
  -------         ENDMOD        ?C?ICALL

  -------         MODULE        STRSTR
  X:013CH         PUBLIC        ?_strstr?BYTE
  C:3574H         PUBLIC        _strstr
  -------         ENDMOD        STRSTR

BL51 BANKED LINKER/LOCATER V6.22.2.0                                                  07/06/2024  17:17:33  PAGE 53


  -------         MODULE        ?C?MEMSET
  C:077DH         PUBLIC        ?C?MEMSET
  -------         ENDMOD        ?C?MEMSET

  -------         MODULE        ?C?PLDIDATA
  C:07A9H         PUBLIC        ?C?PLDIDATA
  -------         ENDMOD        ?C?PLDIDATA

  -------         MODULE        ?C?PLDXDATA
  C:07B2H         PUBLIC        ?C?PLDXDATA
  -------         ENDMOD        ?C?PLDXDATA

  -------         MODULE        ?C?PLDPDATA
  C:07BBH         PUBLIC        ?C?PLDPDATA
  -------         ENDMOD        ?C?PLDPDATA

  -------         MODULE        ?C?PLDCODE
  C:07C4H         PUBLIC        ?C?PLDCODE
  -------         ENDMOD        ?C?PLDCODE

Program Size: data=41.0 xdata=736 code=17586
LINK/LOCATE RUN COMPLETE.  0 WARNING(S),  0 ERROR(S)
